13
16
1
1
1
1
1
1
1
1
1
1
1
1
1
4 0 4 (256.000000 240.000000 192.000000) (256.000000 240.000000 256.000000) (256.000000 352.000000 256.000000) (256.000000 352.000000 192.000000) 
4 0 1 (280.000000 240.000000 168.000000) (256.000000 240.000000 192.000000) (256.000000 352.000000 192.000000) (280.000000 352.000000 168.000000) 
4 1 4 (256.000000 240.000000 0.000000) (256.000000 240.000000 192.000000) (256.000000 352.000000 192.000000) (256.000000 352.000000 0.000000) 
4 2 4 (256.000000 96.000000 192.000000) (256.000000 96.000000 256.000000) (256.000000 208.000000 256.000000) (256.000000 208.000000 192.000000) 
4 2 3 (280.000000 96.000000 168.000000) (256.000000 96.000000 192.000000) (256.000000 208.000000 192.000000) (280.000000 208.000000 168.000000) 
4 3 4 (256.000000 96.000000 0.000000) (256.000000 96.000000 192.000000) (256.000000 208.000000 192.000000) (256.000000 208.000000 0.000000) 
4 4 9 (64.000000 64.000000 192.000000) (64.000000 64.000000 0.000000) (192.000000 64.000000 0.000000) (192.000000 64.000000 192.000000) 
4 4 8 (0.000000 96.000000 192.000000) (0.000000 96.000000 256.000000) (0.000000 208.000000 256.000000) (0.000000 208.000000 192.000000) 
4 4 7 (0.000000 208.000000 0.000000) (0.000000 96.000000 0.000000) (0.000000 96.000000 192.000000) (0.000000 208.000000 192.000000) 
4 4 6 (0.000000 240.000000 192.000000) (0.000000 240.000000 256.000000) (0.000000 352.000000 256.000000) (0.000000 352.000000 192.000000) 
4 4 5 (0.000000 352.000000 0.000000) (0.000000 240.000000 0.000000) (0.000000 240.000000 192.000000) (0.000000 352.000000 192.000000) 
4 5 6 (-24.000000 240.000000 168.000000) (0.000000 240.000000 192.000000) (0.000000 352.000000 192.000000) (-24.000000 352.000000 168.000000) 
4 7 8 (-24.000000 96.000000 168.000000) (0.000000 96.000000 192.000000) (0.000000 208.000000 192.000000) (-24.000000 208.000000 168.000000) 
4 9 10 (192.000000 0.000000 0.000000) (192.000000 0.000000 192.000000) (64.000000 0.000000 192.000000) (64.000000 0.000000 0.000000) 
4 10 12 (0.000000 -288.000000 192.000000) (0.000000 -288.000000 128.000000) (0.000000 -448.000000 128.000000) (0.000000 -448.000000 192.000000) 
4 10 11 (0.000000 -64.000000 192.000000) (0.000000 -64.000000 128.000000) (0.000000 -224.000000 128.000000) (0.000000 -224.000000 192.000000) 
