d:\games\half-life\trinity\codesrc\dlls\releasehl\defaultai.obj
d:\games\half-life\trinity\codesrc\dlls\releasehl\crowbar.obj
d:\games\half-life\trinity\codesrc\dlls\releasehl\crossbow.obj
d:\games\half-life\trinity\codesrc\dlls\releasehl\controller.obj
d:\games\half-life\trinity\codesrc\dlls\releasehl\combat.obj
d:\games\half-life\trinity\codesrc\dlls\releasehl\client.obj
d:\games\half-life\trinity\codesrc\dlls\releasehl\cbase.obj
d:\games\half-life\trinity\codesrc\dlls\releasehl\buttons.obj
d:\games\half-life\trinity\codesrc\dlls\releasehl\bullsquid.obj
d:\games\half-life\trinity\codesrc\dlls\releasehl\bmodels.obj
d:\games\half-life\trinity\codesrc\dlls\releasehl\bloater.obj
d:\games\half-life\trinity\codesrc\dlls\releasehl\bigmomma.obj
d:\games\half-life\trinity\codesrc\dlls\releasehl\barney.obj
d:\games\half-life\trinity\codesrc\dlls\releasehl\barnacle.obj
d:\games\half-life\trinity\codesrc\dlls\releasehl\apache.obj
d:\games\half-life\trinity\codesrc\dlls\releasehl\animation.obj
d:\games\half-life\trinity\codesrc\dlls\releasehl\animating.obj
d:\games\half-life\trinity\codesrc\dlls\releasehl\airtank.obj
d:\games\half-life\trinity\codesrc\dlls\releasehl\agrunt.obj
d:\games\half-life\trinity\codesrc\dlls\releasehl\aflock.obj
d:\games\half-life\trinity\codesrc\dlls\releasehl\h_export.obj
d:\games\half-life\trinity\codesrc\dlls\releasehl\h_cycler.obj
d:\games\half-life\trinity\codesrc\dlls\releasehl\h_cine.obj
d:\games\half-life\trinity\codesrc\dlls\releasehl\h_battery.obj
d:\games\half-life\trinity\codesrc\dlls\releasehl\h_ai.obj
d:\games\half-life\trinity\codesrc\dlls\releasehl\gman.obj
d:\games\half-life\trinity\codesrc\dlls\releasehl\globals.obj
d:\games\half-life\trinity\codesrc\dlls\releasehl\ggrenade.obj
d:\games\half-life\trinity\codesrc\dlls\releasehl\genericmonster.obj
d:\games\half-life\trinity\codesrc\dlls\releasehl\gauss.obj
d:\games\half-life\trinity\codesrc\dlls\releasehl\gargantua.obj
d:\games\half-life\trinity\codesrc\dlls\releasehl\gamerules.obj
d:\games\half-life\trinity\codesrc\dlls\releasehl\game.obj
d:\games\half-life\trinity\codesrc\dlls\releasehl\func_tank.obj
d:\games\half-life\trinity\codesrc\dlls\releasehl\func_break.obj
d:\games\half-life\trinity\codesrc\dlls\releasehl\flyingmonster.obj
d:\games\half-life\trinity\codesrc\dlls\releasehl\explode.obj
d:\games\half-life\trinity\codesrc\dlls\releasehl\egon.obj
d:\games\half-life\trinity\codesrc\dlls\releasehl\effects.obj
d:\games\half-life\trinity\codesrc\dlls\releasehl\doors.obj
d:\games\half-life\trinity\codesrc\dlls\releasehl\mp5.obj
d:\games\half-life\trinity\codesrc\dlls\releasehl\mortar.obj
d:\games\half-life\trinity\codesrc\dlls\releasehl\monsterstate.obj
d:\games\half-life\trinity\codesrc\dlls\releasehl\monsters.obj
d:\games\half-life\trinity\codesrc\dlls\releasehl\monstermaker.obj
d:\games\half-life\trinity\codesrc\dlls\releasehl\maprules.obj
d:\games\half-life\trinity\codesrc\dlls\releasehl\lights.obj
d:\games\half-life\trinity\codesrc\dlls\releasehl\leech.obj
d:\games\half-life\trinity\codesrc\dlls\releasehl\items.obj
d:\games\half-life\trinity\codesrc\dlls\releasehl\islave.obj
d:\games\half-life\trinity\codesrc\dlls\releasehl\ichthyosaur.obj
d:\games\half-life\trinity\codesrc\dlls\releasehl\houndeye.obj
d:\games\half-life\trinity\codesrc\dlls\releasehl\hornetgun.obj
d:\games\half-life\trinity\codesrc\dlls\releasehl\hornet.obj
d:\games\half-life\trinity\codesrc\dlls\releasehl\hl_wpn_glock.obj
d:\games\half-life\trinity\codesrc\dlls\releasehl\hgrunt.obj
d:\games\half-life\trinity\codesrc\dlls\releasehl\healthkit.obj
d:\games\half-life\trinity\codesrc\dlls\releasehl\headcrab.obj
d:\games\half-life\trinity\codesrc\dlls\releasehl\hassassin.obj
d:\games\half-life\trinity\codesrc\dlls\releasehl\handgrenade.obj
d:\games\half-life\trinity\codesrc\dlls\releasehl\sound.obj
d:\games\half-life\trinity\codesrc\dlls\releasehl\skill.obj
d:\games\half-life\trinity\codesrc\dlls\releasehl\singleplay_gamerules.obj
d:\games\half-life\trinity\codesrc\dlls\releasehl\shotgun.obj
d:\games\half-life\trinity\codesrc\dlls\releasehl\scripted.obj
d:\games\half-life\trinity\codesrc\dlls\releasehl\scientist.obj
d:\games\half-life\trinity\codesrc\dlls\releasehl\schedule.obj
d:\games\half-life\trinity\codesrc\dlls\releasehl\satchel.obj
d:\games\half-life\trinity\codesrc\dlls\releasehl\rpg.obj
d:\games\half-life\trinity\codesrc\dlls\releasehl\roach.obj
d:\games\half-life\trinity\codesrc\dlls\releasehl\rat.obj
d:\games\half-life\trinity\codesrc\dlls\releasehl\python.obj
d:\games\half-life\trinity\codesrc\dlls\releasehl\player.obj
d:\games\half-life\trinity\codesrc\dlls\releasehl\plats.obj
d:\games\half-life\trinity\codesrc\dlls\releasehl\plane.obj
d:\games\half-life\trinity\codesrc\dlls\releasehl\pathcorner.obj
d:\games\half-life\trinity\codesrc\dlls\releasehl\osprey.obj
d:\games\half-life\trinity\codesrc\dlls\releasehl\nodes.obj
d:\games\half-life\trinity\codesrc\dlls\releasehl\nihilanth.obj
d:\games\half-life\trinity\codesrc\dlls\releasehl\multiplay_gamerules.obj
d:\games\half-life\trinity\codesrc\dlls\releasehl\zombie.obj
d:\games\half-life\trinity\codesrc\dlls\releasehl\xen.obj
d:\games\half-life\trinity\codesrc\dlls\releasehl\world.obj
d:\games\half-life\trinity\codesrc\dlls\releasehl\weapons.obj
d:\games\half-life\trinity\codesrc\dlls\releasehl\voice_gamemgr.obj
d:\games\half-life\trinity\codesrc\dlls\releasehl\util.obj
d:\games\half-life\trinity\codesrc\dlls\releasehl\turret.obj
d:\games\half-life\trinity\codesrc\dlls\releasehl\tripmine.obj
d:\games\half-life\trinity\codesrc\dlls\releasehl\triggers.obj
d:\games\half-life\trinity\codesrc\dlls\releasehl\tentacle.obj
d:\games\half-life\trinity\codesrc\dlls\releasehl\tempmonster.obj
d:\games\half-life\trinity\codesrc\dlls\releasehl\teamplay_gamerules.obj
d:\games\half-life\trinity\codesrc\dlls\releasehl\talkmonster.obj
d:\games\half-life\trinity\codesrc\dlls\releasehl\subs.obj
d:\games\half-life\trinity\codesrc\dlls\releasehl\squeakgrenade.obj
d:\games\half-life\trinity\codesrc\dlls\releasehl\squadmonster.obj
d:\games\half-life\trinity\codesrc\dlls\releasehl\spectator.obj
d:\games\half-life\trinity\codesrc\dlls\releasehl\soundent.obj
d:\games\half-life\trinity\codesrc\dlls\releasehl\vc100.pdb
d:\games\half-life\trinity\codesrc\dlls\releasehl\pm_shared.obj
d:\games\half-life\trinity\codesrc\dlls\releasehl\pm_math.obj
d:\games\half-life\trinity\codesrc\dlls\releasehl\pm_debug.obj
d:\games\half-life\trinity\codesrc\dlls\releasehl\hl.lib
d:\games\half-life\trinity\codesrc\dlls\releasehl\hl.exp
d:\games\half-life\trinity\codesrc\dlls\releasehl\hl.dll
d:\games\half-life\trinity\codesrc\dlls\releasehl\hl.map
d:\games\half-life\trinity\codesrc\dlls\releasehl\hl.dll.intermediate.manifest
d:\games\half-life\trinity\codesrc\dlls\releasehl\hl.pdb
c:\users\joaoe\onedrive\desktop\akkoxmind\codesrc\dlls\releasehl\vc120.pdb
c:\users\joaoe\onedrive\desktop\akkoxmind\codesrc\dlls\releasehl\defaultai.obj
c:\users\joaoe\onedrive\desktop\akkoxmind\codesrc\dlls\releasehl\crowbar.obj
c:\users\joaoe\onedrive\desktop\akkoxmind\codesrc\dlls\releasehl\crossbow.obj
c:\users\joaoe\onedrive\desktop\akkoxmind\codesrc\dlls\releasehl\controller.obj
c:\users\joaoe\onedrive\desktop\akkoxmind\codesrc\dlls\releasehl\combat.obj
c:\users\joaoe\onedrive\desktop\akkoxmind\codesrc\dlls\releasehl\client.obj
c:\users\joaoe\onedrive\desktop\akkoxmind\codesrc\dlls\releasehl\cbase.obj
c:\users\joaoe\onedrive\desktop\akkoxmind\codesrc\dlls\releasehl\buttons.obj
c:\users\joaoe\onedrive\desktop\akkoxmind\codesrc\dlls\releasehl\bullsquid.obj
c:\users\joaoe\onedrive\desktop\akkoxmind\codesrc\dlls\releasehl\bmodels.obj
c:\users\joaoe\onedrive\desktop\akkoxmind\codesrc\dlls\releasehl\bloater.obj
c:\users\joaoe\onedrive\desktop\akkoxmind\codesrc\dlls\releasehl\bigmomma.obj
c:\users\joaoe\onedrive\desktop\akkoxmind\codesrc\dlls\releasehl\barney.obj
c:\users\joaoe\onedrive\desktop\akkoxmind\codesrc\dlls\releasehl\barnacle.obj
c:\users\joaoe\onedrive\desktop\akkoxmind\codesrc\dlls\releasehl\apache.obj
c:\users\joaoe\onedrive\desktop\akkoxmind\codesrc\dlls\releasehl\animation.obj
c:\users\joaoe\onedrive\desktop\akkoxmind\codesrc\dlls\releasehl\animating.obj
c:\users\joaoe\onedrive\desktop\akkoxmind\codesrc\dlls\releasehl\airtank.obj
c:\users\joaoe\onedrive\desktop\akkoxmind\codesrc\dlls\releasehl\agrunt.obj
c:\users\joaoe\onedrive\desktop\akkoxmind\codesrc\dlls\releasehl\aflock.obj
c:\users\joaoe\onedrive\desktop\akkoxmind\codesrc\dlls\releasehl\h_export.obj
c:\users\joaoe\onedrive\desktop\akkoxmind\codesrc\dlls\releasehl\h_cycler.obj
c:\users\joaoe\onedrive\desktop\akkoxmind\codesrc\dlls\releasehl\h_cine.obj
c:\users\joaoe\onedrive\desktop\akkoxmind\codesrc\dlls\releasehl\h_battery.obj
c:\users\joaoe\onedrive\desktop\akkoxmind\codesrc\dlls\releasehl\h_ai.obj
c:\users\joaoe\onedrive\desktop\akkoxmind\codesrc\dlls\releasehl\gman.obj
c:\users\joaoe\onedrive\desktop\akkoxmind\codesrc\dlls\releasehl\globals.obj
c:\users\joaoe\onedrive\desktop\akkoxmind\codesrc\dlls\releasehl\ggrenade.obj
c:\users\joaoe\onedrive\desktop\akkoxmind\codesrc\dlls\releasehl\genericmonster.obj
c:\users\joaoe\onedrive\desktop\akkoxmind\codesrc\dlls\releasehl\gauss.obj
c:\users\joaoe\onedrive\desktop\akkoxmind\codesrc\dlls\releasehl\gargantua.obj
c:\users\joaoe\onedrive\desktop\akkoxmind\codesrc\dlls\releasehl\gamerules.obj
c:\users\joaoe\onedrive\desktop\akkoxmind\codesrc\dlls\releasehl\game.obj
c:\users\joaoe\onedrive\desktop\akkoxmind\codesrc\dlls\releasehl\func_tank.obj
c:\users\joaoe\onedrive\desktop\akkoxmind\codesrc\dlls\releasehl\func_break.obj
c:\users\joaoe\onedrive\desktop\akkoxmind\codesrc\dlls\releasehl\flyingmonster.obj
c:\users\joaoe\onedrive\desktop\akkoxmind\codesrc\dlls\releasehl\explode.obj
c:\users\joaoe\onedrive\desktop\akkoxmind\codesrc\dlls\releasehl\egon.obj
c:\users\joaoe\onedrive\desktop\akkoxmind\codesrc\dlls\releasehl\effects.obj
c:\users\joaoe\onedrive\desktop\akkoxmind\codesrc\dlls\releasehl\doors.obj
c:\users\joaoe\onedrive\desktop\akkoxmind\codesrc\dlls\releasehl\mp5.obj
c:\users\joaoe\onedrive\desktop\akkoxmind\codesrc\dlls\releasehl\mortar.obj
c:\users\joaoe\onedrive\desktop\akkoxmind\codesrc\dlls\releasehl\monsterstate.obj
c:\users\joaoe\onedrive\desktop\akkoxmind\codesrc\dlls\releasehl\monsters.obj
c:\users\joaoe\onedrive\desktop\akkoxmind\codesrc\dlls\releasehl\monstermaker.obj
c:\users\joaoe\onedrive\desktop\akkoxmind\codesrc\dlls\releasehl\maprules.obj
c:\users\joaoe\onedrive\desktop\akkoxmind\codesrc\dlls\releasehl\lights.obj
c:\users\joaoe\onedrive\desktop\akkoxmind\codesrc\dlls\releasehl\leech.obj
c:\users\joaoe\onedrive\desktop\akkoxmind\codesrc\dlls\releasehl\items.obj
c:\users\joaoe\onedrive\desktop\akkoxmind\codesrc\dlls\releasehl\islave.obj
c:\users\joaoe\onedrive\desktop\akkoxmind\codesrc\dlls\releasehl\ichthyosaur.obj
c:\users\joaoe\onedrive\desktop\akkoxmind\codesrc\dlls\releasehl\houndeye.obj
c:\users\joaoe\onedrive\desktop\akkoxmind\codesrc\dlls\releasehl\hornetgun.obj
c:\users\joaoe\onedrive\desktop\akkoxmind\codesrc\dlls\releasehl\hornet.obj
c:\users\joaoe\onedrive\desktop\akkoxmind\codesrc\dlls\releasehl\hl_wpn_glock.obj
c:\users\joaoe\onedrive\desktop\akkoxmind\codesrc\dlls\releasehl\hgrunt.obj
c:\users\joaoe\onedrive\desktop\akkoxmind\codesrc\dlls\releasehl\healthkit.obj
c:\users\joaoe\onedrive\desktop\akkoxmind\codesrc\dlls\releasehl\headcrab.obj
c:\users\joaoe\onedrive\desktop\akkoxmind\codesrc\dlls\releasehl\hassassin.obj
c:\users\joaoe\onedrive\desktop\akkoxmind\codesrc\dlls\releasehl\handgrenade.obj
c:\users\joaoe\onedrive\desktop\akkoxmind\codesrc\dlls\releasehl\sound.obj
c:\users\joaoe\onedrive\desktop\akkoxmind\codesrc\dlls\releasehl\skill.obj
c:\users\joaoe\onedrive\desktop\akkoxmind\codesrc\dlls\releasehl\singleplay_gamerules.obj
c:\users\joaoe\onedrive\desktop\akkoxmind\codesrc\dlls\releasehl\shotgun.obj
c:\users\joaoe\onedrive\desktop\akkoxmind\codesrc\dlls\releasehl\scripted.obj
c:\users\joaoe\onedrive\desktop\akkoxmind\codesrc\dlls\releasehl\scientist.obj
c:\users\joaoe\onedrive\desktop\akkoxmind\codesrc\dlls\releasehl\schedule.obj
c:\users\joaoe\onedrive\desktop\akkoxmind\codesrc\dlls\releasehl\satchel.obj
c:\users\joaoe\onedrive\desktop\akkoxmind\codesrc\dlls\releasehl\rpg.obj
c:\users\joaoe\onedrive\desktop\akkoxmind\codesrc\dlls\releasehl\roach.obj
c:\users\joaoe\onedrive\desktop\akkoxmind\codesrc\dlls\releasehl\rat.obj
c:\users\joaoe\onedrive\desktop\akkoxmind\codesrc\dlls\releasehl\python.obj
c:\users\joaoe\onedrive\desktop\akkoxmind\codesrc\dlls\releasehl\player.obj
c:\users\joaoe\onedrive\desktop\akkoxmind\codesrc\dlls\releasehl\plats.obj
c:\users\joaoe\onedrive\desktop\akkoxmind\codesrc\dlls\releasehl\plane.obj
c:\users\joaoe\onedrive\desktop\akkoxmind\codesrc\dlls\releasehl\pathcorner.obj
c:\users\joaoe\onedrive\desktop\akkoxmind\codesrc\dlls\releasehl\osprey.obj
c:\users\joaoe\onedrive\desktop\akkoxmind\codesrc\dlls\releasehl\nodes.obj
c:\users\joaoe\onedrive\desktop\akkoxmind\codesrc\dlls\releasehl\nihilanth.obj
c:\users\joaoe\onedrive\desktop\akkoxmind\codesrc\dlls\releasehl\multiplay_gamerules.obj
c:\users\joaoe\onedrive\desktop\akkoxmind\codesrc\dlls\releasehl\zombie.obj
c:\users\joaoe\onedrive\desktop\akkoxmind\codesrc\dlls\releasehl\xen.obj
c:\users\joaoe\onedrive\desktop\akkoxmind\codesrc\dlls\releasehl\world.obj
c:\users\joaoe\onedrive\desktop\akkoxmind\codesrc\dlls\releasehl\weapons.obj
c:\users\joaoe\onedrive\desktop\akkoxmind\codesrc\dlls\releasehl\voice_gamemgr.obj
c:\users\joaoe\onedrive\desktop\akkoxmind\codesrc\dlls\releasehl\util.obj
c:\users\joaoe\onedrive\desktop\akkoxmind\codesrc\dlls\releasehl\turret.obj
c:\users\joaoe\onedrive\desktop\akkoxmind\codesrc\dlls\releasehl\tripmine.obj
c:\users\joaoe\onedrive\desktop\akkoxmind\codesrc\dlls\releasehl\triggers.obj
c:\users\joaoe\onedrive\desktop\akkoxmind\codesrc\dlls\releasehl\tentacle.obj
c:\users\joaoe\onedrive\desktop\akkoxmind\codesrc\dlls\releasehl\tempmonster.obj
c:\users\joaoe\onedrive\desktop\akkoxmind\codesrc\dlls\releasehl\teamplay_gamerules.obj
c:\users\joaoe\onedrive\desktop\akkoxmind\codesrc\dlls\releasehl\talkmonster.obj
c:\users\joaoe\onedrive\desktop\akkoxmind\codesrc\dlls\releasehl\subs.obj
c:\users\joaoe\onedrive\desktop\akkoxmind\codesrc\dlls\releasehl\squeakgrenade.obj
c:\users\joaoe\onedrive\desktop\akkoxmind\codesrc\dlls\releasehl\squadmonster.obj
c:\users\joaoe\onedrive\desktop\akkoxmind\codesrc\dlls\releasehl\spectator.obj
c:\users\joaoe\onedrive\desktop\akkoxmind\codesrc\dlls\releasehl\soundent.obj
c:\users\joaoe\onedrive\desktop\akkoxmind\codesrc\dlls\releasehl\cameraw.obj
c:\users\joaoe\onedrive\desktop\akkoxmind\codesrc\dlls\releasehl\pm_shared.obj
c:\users\joaoe\onedrive\desktop\akkoxmind\codesrc\dlls\releasehl\pm_math.obj
c:\users\joaoe\onedrive\desktop\akkoxmind\codesrc\dlls\releasehl\pm_debug.obj
c:\users\joaoe\onedrive\desktop\akkoxmind\codesrc\dlls\releasehl\hl.lib
c:\users\joaoe\onedrive\desktop\akkoxmind\codesrc\dlls\releasehl\hl.exp
c:\users\joaoe\onedrive\desktop\akkoxmind\dlls\hl.dll
c:\users\joaoe\onedrive\desktop\akkoxmind\codesrc\dlls\releasehl\hl.map
c:\users\joaoe\onedrive\desktop\akkoxmind\codesrc\dlls\releasehl\hl.pdb
c:\users\joaoe\onedrive\desktop\akkoxmind\codesrc\dlls\..\..\dlls\hl.dll
