Build started 23/11/2025 16:08:26.
     1>Project "C:\Users\joaoe\OneDrive\Desktop\AkkoXMind\codesrc\dlls\hl.vcxproj" on node 3 (Build target(s)).
     1>C:\Program Files (x86)\MSBuild\Microsoft.Cpp\v4.0\V120\Microsoft.CppBuild.targets(364,5): warning MSB8004: Output Directory does not end with a trailing slash.  This build instance will add the slash as it is required to allow proper evaluation of the Output Directory.
     1>ClCompile:
         C:\Program Files (x86)\Microsoft Visual Studio 12.0\VC\bin\CL.exe /c /I..\dlls /I..\engine /I..\common /I..\pm_shared /I..\game_shared /Zi /nologo /W3 /WX- /O2 /Ob1 /Oi /Ot /Oy- /GT /GL /D NDEBUG /D WIN32 /D _WINDOWS /D QUIVER /D VOXEL /D QUAKE2 /D VALVE_DLL /D CLIENT_WEAPONS /D _CRT_SECURE_NO_WARNINGS /D _CRT_NONSTDC_NO_DEPRECATE /D _VC80_UPGRADE=0x0600 /D _WINDLL /GF /Gm- /EHsc /MT /GS /Gy /arch:SSE /fp:precise /Zc:wchar_t /Zc:forScope /Fo".\Releasehl/" /Fd".\Releasehl/vc120.pdb" /Gd /TP /wd4996 /analyze- /errorReport:prompt player.cpp
         player.cpp
       Link:
         C:\Program Files (x86)\Microsoft Visual Studio 12.0\VC\bin\link.exe /ERRORREPORT:PROMPT /OUT:"..\..\dlls\hl.dll" /INCREMENTAL:NO /NOLOGO user32.lib kernel32.lib user32.lib gdi32.lib winspool.lib comdlg32.lib advapi32.lib shell32.lib ole32.lib oleaut32.lib uuid.lib odbc32.lib odbccp32.lib /DEF:".\hl.def" /MANIFEST /MANIFESTUAC:"level='asInvoker' uiAccess='false'" /manifest:embed /DEBUG /PDB:".\Releasehl/hl.pdb" /MAP:".\Releasehl/hl.map" /SUBSYSTEM:WINDOWS /LTCG /TLBID:1 /DYNAMICBASE /NXCOMPAT /IMPLIB:".\Releasehl/hl.lib" /MACHINE:X86 /SAFESEH /DLL .\Releasehl/aflock.obj
         .\Releasehl/agrunt.obj
         .\Releasehl/airtank.obj
         .\Releasehl/animating.obj
         .\Releasehl/animation.obj
         .\Releasehl/apache.obj
         .\Releasehl/barnacle.obj
         .\Releasehl/barney.obj
         .\Releasehl/bigmomma.obj
         .\Releasehl/bloater.obj
         .\Releasehl/bmodels.obj
         .\Releasehl/bullsquid.obj
         .\Releasehl/buttons.obj
         .\Releasehl/cameraw.obj
         .\Releasehl/cbase.obj
         .\Releasehl/client.obj
         .\Releasehl/combat.obj
         .\Releasehl/controller.obj
         .\Releasehl/crossbow.obj
         .\Releasehl/crowbar.obj
         .\Releasehl/defaultai.obj
         .\Releasehl/doors.obj
         .\Releasehl/effects.obj
         .\Releasehl/egon.obj
         .\Releasehl/explode.obj
         .\Releasehl/flyingmonster.obj
         .\Releasehl/func_break.obj
         .\Releasehl/func_tank.obj
         .\Releasehl/game.obj
         .\Releasehl/gamerules.obj
         .\Releasehl/gargantua.obj
         .\Releasehl/gauss.obj
         .\Releasehl/genericmonster.obj
         .\Releasehl/ggrenade.obj
         .\Releasehl/globals.obj
         .\Releasehl/gman.obj
         .\Releasehl/h_ai.obj
         .\Releasehl/h_battery.obj
         .\Releasehl/h_cine.obj
         .\Releasehl/h_cycler.obj
         .\Releasehl/h_export.obj
         .\Releasehl/handgrenade.obj
         .\Releasehl/hassassin.obj
         .\Releasehl/headcrab.obj
         .\Releasehl/healthkit.obj
         .\Releasehl/hgrunt.obj
         .\Releasehl/hl_wpn_glock.obj
         .\Releasehl/hornet.obj
         .\Releasehl/hornetgun.obj
         .\Releasehl/houndeye.obj
         .\Releasehl/ichthyosaur.obj
         .\Releasehl/islave.obj
         .\Releasehl/items.obj
         .\Releasehl/leech.obj
         .\Releasehl/lights.obj
         .\Releasehl/maprules.obj
         .\Releasehl/monstermaker.obj
         .\Releasehl/monsters.obj
         .\Releasehl/monsterstate.obj
         .\Releasehl/mortar.obj
         .\Releasehl/mp5.obj
         .\Releasehl/multiplay_gamerules.obj
         .\Releasehl/nihilanth.obj
         .\Releasehl/nodes.obj
         .\Releasehl/osprey.obj
         .\Releasehl/pathcorner.obj
         .\Releasehl/plane.obj
         .\Releasehl/plats.obj
         .\Releasehl/player.obj
         .\Releasehl/pm_debug.obj
         .\Releasehl/pm_math.obj
         .\Releasehl/pm_shared.obj
         .\Releasehl/python.obj
         .\Releasehl/rat.obj
         .\Releasehl/roach.obj
         .\Releasehl/rpg.obj
         .\Releasehl/satchel.obj
         .\Releasehl/schedule.obj
         .\Releasehl/scientist.obj
         .\Releasehl/scripted.obj
         .\Releasehl/shotgun.obj
         .\Releasehl/singleplay_gamerules.obj
         .\Releasehl/skill.obj
         .\Releasehl/sound.obj
         .\Releasehl/soundent.obj
         .\Releasehl/spectator.obj
         .\Releasehl/squadmonster.obj
         .\Releasehl/squeakgrenade.obj
         .\Releasehl/subs.obj
         .\Releasehl/talkmonster.obj
         .\Releasehl/teamplay_gamerules.obj
         .\Releasehl/tempmonster.obj
         .\Releasehl/tentacle.obj
         .\Releasehl/triggers.obj
         .\Releasehl/tripmine.obj
         .\Releasehl/turret.obj
         .\Releasehl/util.obj
         .\Releasehl/voice_gamemgr.obj
         .\Releasehl/weapons.obj
         .\Releasehl/world.obj
         .\Releasehl/xen.obj
         .\Releasehl/zombie.obj
            Creating library .\Releasehl/hl.lib and object .\Releasehl/hl.exp
         Generating code
         Finished generating code
         hl.vcxproj -> C:\Users\joaoe\OneDrive\Desktop\AkkoXMind\codesrc\dlls\..\..\dlls\hl.dll
       PostBuildEvent:
         copy /Y "..\..\dlls\hl.dll" "C:\Users\joaoe\OneDrive\Desktop\AkkoXMind\codesrc\..\dllshl.dll"
         :VCEnd
                 1 file(s) copied.
     1>Done Building Project "C:\Users\joaoe\OneDrive\Desktop\AkkoXMind\codesrc\dlls\hl.vcxproj" (Build target(s)).

Build succeeded.

Time Elapsed 00:00:03.62
