 client

 Timestamp is 69235bc5 (Sun Nov 23 16:08:53 2025)

 Preferred load address is 10000000

 Start         Length     Name                   Class
 0001:00000000 00000121H .text$di                CODE
 0001:00000130 0007a5c8H .text$mn                CODE
 0001:0007a700 00000ceeH .text$x                 CODE
 0001:0007b3f0 0000008aH .text$yd                CODE
 0002:00000000 00000ae4H .idata$5                DATA
 0002:00000ae4 00000004H .CRT$XCA                DATA
 0002:00000ae8 00000030H .CRT$XCU                DATA
 0002:00000b18 00000004H .CRT$XCZ                DATA
 0002:00000b1c 00000004H .CRT$XIA                DATA
 0002:00000b20 00000014H .CRT$XIC                DATA
 0002:00000b34 00000004H .CRT$XIZ                DATA
 0002:00000b38 00000004H .CRT$XPA                DATA
 0002:00000b3c 00000008H .CRT$XPX                DATA
 0002:00000b44 00000004H .CRT$XPXA               DATA
 0002:00000b48 00000004H .CRT$XPZ                DATA
 0002:00000b4c 00000004H .CRT$XTA                DATA
 0002:00000b50 00000004H .CRT$XTZ                DATA
 0002:00000b60 00020dd8H .rdata                  DATA
 0002:00021938 00003578H .rdata$r                DATA
 0002:00024eb0 00000084H .rdata$sxdata           DATA
 0002:00024f34 00000004H .rtc$IAA                DATA
 0002:00024f38 00000004H .rtc$IZZ                DATA
 0002:00024f3c 00000004H .rtc$TAA                DATA
 0002:00024f40 00000004H .rtc$TZZ                DATA
 0002:00024f48 0000112cH .xdata$x                DATA
 0002:00026080 00006eaeH .edata                  DATA
 0002:0002cf30 00000078H .idata$2                DATA
 0002:0002cfa8 00000014H .idata$3                DATA
 0002:0002cfbc 00000ae4H .idata$4                DATA
 0002:0002daa0 000069f4H .idata$6                DATA
 0003:00000000 0000b680H .data                   DATA
 0003:0000b680 00001547H .data$r                 DATA
 0003:0000cbe0 0518d8e0H .bss                    DATA
 0004:00000000 00000058H .rsrc$01                DATA
 0004:00000060 00000180H .rsrc$02                DATA

  Address         Publics by Value              Rva+Base       Lib:Object

 0000:00000000       ___guard_flags             00000000     <absolute>
 0000:00000000       ___guard_fids_table        00000000     <absolute>
 0000:00000000       ___guard_fids_count        00000000     <absolute>
 0000:00000000       __except_list              00000000     <absolute>
 0000:00000021       ___safe_se_handler_count   00000021     <absolute>
 0000:00000000       ___ImageBase               10000000     <linker-defined>
 0001:00000130       ??4?$Dar@H@vgui@@QAEAAV01@ABV01@@Z 10001130 f i ammo.obj
 0001:00000130       ??4?$Dar@PAVButton@vgui@@@vgui@@QAEAAV01@ABV01@@Z 10001130 f i ammo.obj
 0001:00000130       ??4?$Dar@PAVDesktopIcon@vgui@@@vgui@@QAEAAV01@ABV01@@Z 10001130 f i ammo.obj
 0001:00000130       ??4?$Dar@D@vgui@@QAEAAV01@ABV01@@Z 10001130 f i ammo.obj
 0001:00000130       ??4?$Dar@PAVFrame@vgui@@@vgui@@QAEAAV01@ABV01@@Z 10001130 f i ammo.obj
 0001:00000130       ??4?$Dar@PAVPanel@vgui@@@vgui@@QAEAAV01@ABV01@@Z 10001130 f i ammo.obj
 0001:00000130       ??4?$Dar@PAVTickSignal@vgui@@@vgui@@QAEAAV01@ABV01@@Z 10001130 f i ammo.obj
 0001:00000130       ??4?$Dar@PAD@vgui@@QAEAAV01@ABV01@@Z 10001130 f i ammo.obj
 0001:00000130       ??4?$Dar@PAVFrameSignal@vgui@@@vgui@@QAEAAV01@ABV01@@Z 10001130 f i ammo.obj
 0001:00000130       ??4?$Dar@PAVLabel@vgui@@@vgui@@QAEAAV01@ABV01@@Z 10001130 f i ammo.obj
 0001:00000130       ??4?$Dar@PAVSurfaceBase@vgui@@@vgui@@QAEAAV01@ABV01@@Z 10001130 f i ammo.obj
 0001:00000130       ??4?$Dar@PAVIntChangeSignal@vgui@@@vgui@@QAEAAV01@ABV01@@Z 10001130 f i ammo.obj
 0001:00000130       ??4?$Dar@PAVActionSignal@vgui@@@vgui@@QAEAAV01@ABV01@@Z 10001130 f i ammo.obj
 0001:00000130       ??4?$Dar@PAVChangeSignal@vgui@@@vgui@@QAEAAV01@ABV01@@Z 10001130 f i ammo.obj
 0001:00000130       ??4?$Dar@PAV?$Dar@D@vgui@@@vgui@@QAEAAV01@ABV01@@Z 10001130 f i ammo.obj
 0001:00000130       ??4?$Dar@PAVInputSignal@vgui@@@vgui@@QAEAAV01@ABV01@@Z 10001130 f i ammo.obj
 0001:00000130       ??4?$Dar@PAVRepaintSignal@vgui@@@vgui@@QAEAAV01@ABV01@@Z 10001130 f i ammo.obj
 0001:00000130       ??4?$Dar@PAVFocusChangeSignal@vgui@@@vgui@@QAEAAV01@ABV01@@Z 10001130 f i ammo.obj
 0001:00000150       ??0Scheme@vgui@@QAE@ABV01@@Z 10001150 f i ammo.obj
 0001:000001d0       ??4Scheme@vgui@@QAEAAV01@ABV01@@Z 100011d0 f i ammo.obj
 0001:00000260       ??0Color@vgui@@QAE@ABV01@@Z 10001260 f i ammo.obj
 0001:00000280       ??4Color@vgui@@QAEAAV01@ABV01@@Z 10001280 f i ammo.obj
 0001:000002b0       ??0Panel@vgui@@QAE@ABV01@@Z 100012b0 f i ammo.obj
 0001:00000460       ??4Panel@vgui@@QAEAAV01@ABV01@@Z 10001460 f i ammo.obj
 0001:00000640       ??0Label@vgui@@QAE@XZ      10001640 f i ammo.obj
 0001:00000670       ??0Label@vgui@@QAE@ABV01@@Z 10001670 f i ammo.obj
 0001:000006f0       ??4Label@vgui@@QAEAAV01@ABV01@@Z 100016f0 f i ammo.obj
 0001:00000760       ??0Image@vgui@@QAE@ABV01@@Z 10001760 f i ammo.obj
 0001:000007b0       ??4Image@vgui@@QAEAAV01@ABV01@@Z 100017b0 f i ammo.obj
 0001:00000800       ??0Border@vgui@@QAE@ABV01@@Z 10001800 f i ammo.obj
 0001:00000870       ??4LoweredBorder@vgui@@QAEAAV01@ABV01@@Z 10001870 f i vgui_ConsolePanel.obj
 0001:00000870       ??4EtchedBorder@vgui@@QAEAAV01@ABV01@@Z 10001870 f i vgui_ConsolePanel.obj
 0001:00000870       ??4Border@vgui@@QAEAAV01@ABV01@@Z 10001870 f i ammo.obj
 0001:000008e0       ?setLineColor@LineBorder@vgui@@QAEXHHHH@Z 100018e0 f i ammo.obj
 0001:00000950       ??0LineBorder@vgui@@QAE@ABV01@@Z 10001950 f i ammo.obj
 0001:000009d0       ??4LineBorder@vgui@@QAEAAV01@ABV01@@Z 100019d0 f i ammo.obj
 0001:00000a60       ??0ImagePanel@vgui@@QAE@XZ 10001a60 f i ammo.obj
 0001:00000a80       ??0ImagePanel@vgui@@QAE@ABV01@@Z 10001a80 f i ammo.obj
 0001:00000ab0       ??4TextPanel@vgui@@QAEAAV01@ABV01@@Z 10001ab0 f i ammo.obj
 0001:00000ab0       ??4ImagePanel@vgui@@QAEAAV01@ABV01@@Z 10001ab0 f i ammo.obj
 0001:00000ae0       ??0Bitmap@vgui@@QAE@ABV01@@Z 10001ae0 f i ammo.obj
 0001:00000b40       ??4Bitmap@vgui@@QAEAAV01@ABV01@@Z 10001b40 f i ammo.obj
 0001:00000b40       ??4BitmapTGA@vgui@@QAEAAV01@ABV01@@Z 10001b40 f i ammo.obj
 0001:00000ba0       ??0BitmapTGA@vgui@@QAE@ABV01@@Z 10001ba0 f i ammo.obj
 0001:00000c10       ??0InputSignal@vgui@@QAE@XZ 10001c10 f i ammo.obj
 0001:00000c20       ??0InputSignal@vgui@@QAE@ABV01@@Z 10001c20 f i ammo.obj
 0001:00000c30       ??4InputSignal@vgui@@QAEAAV01@ABV01@@Z 10001c30 f i ammo.obj
 0001:00000c30       ??4Layout@vgui@@QAEAAV01@ABV01@@Z 10001c30 f i vgui_int.obj
 0001:00000c30       ??4InputStream@vgui@@QAEAAV01@ABV01@@Z 10001c30 f i ammo.obj
 0001:00000c30       ??4ActionSignal@vgui@@QAEAAV01@ABV01@@Z 10001c30 f i ammo.obj
 0001:00000c30       ??4IntChangeSignal@vgui@@QAEAAV01@ABV01@@Z 10001c30 f i hud.obj
 0001:00000c40       ??0Button@vgui@@QAE@ABV01@@Z 10001c40 f i ammo.obj
 0001:00000ce0       ??4Button@vgui@@QAEAAV01@ABV01@@Z 10001ce0 f i ammo.obj
 0001:00000d80       ??0Frame@vgui@@QAE@ABV01@@Z 10001d80 f i ammo.obj
 0001:00000ec0       ??4Frame@vgui@@QAEAAV01@ABV01@@Z 10001ec0 f i ammo.obj
 0001:00000ff0       ??0TextPanel@vgui@@QAE@ABV01@@Z 10001ff0 f i ammo.obj
 0001:00001020       ??0ActionSignal@vgui@@QAE@XZ 10002020 f i ammo.obj
 0001:00001030       ??0ActionSignal@vgui@@QAE@ABV01@@Z 10002030 f i ammo.obj
 0001:00001040       ??0InputStream@vgui@@QAE@XZ 10002040 f i ammo.obj
 0001:00001050       ??0InputStream@vgui@@QAE@ABV01@@Z 10002050 f i ammo.obj
 0001:00001060       ??0FileInputStream@vgui@@QAE@ABV01@@Z 10002060 f i ammo.obj
 0001:00001080       ??4MiniApp@vgui@@QAEAAV01@ABV01@@Z 10002080 f i ammo.obj
 0001:00001080       ??4BorderLayout@vgui@@QAEAAV01@ABV01@@Z 10002080 f i vgui_int.obj
 0001:00001080       ??4FileInputStream@vgui@@QAEAAV01@ABV01@@Z 10002080 f i ammo.obj
 0001:000010a0       ??0DesktopIcon@vgui@@QAE@ABV01@@Z 100020a0 f i ammo.obj
 0001:000010f0       ??4DesktopIcon@vgui@@QAEAAV01@ABV01@@Z 100020f0 f i ammo.obj
 0001:00001130       ??0Cursor@vgui@@QAE@ABV01@@Z 10002130 f i ammo.obj
 0001:00001160       ??4Cursor@vgui@@QAEAAV01@ABV01@@Z 10002160 f i ammo.obj
 0001:00001190       ??0App@vgui@@QAE@ABV01@@Z  10002190 f i ammo.obj
 0001:00001310       ??4App@vgui@@QAEAAV01@ABV01@@Z 10002310 f i ammo.obj
 0001:000014b0       ??0MiniApp@vgui@@QAE@ABV01@@Z 100024b0 f i ammo.obj
 0001:000014d0       ??4String@vgui@@QAEAAV01@ABV01@@Z 100024d0 f i ammo.obj
 0001:000014e0       ??0ScrollPanel@vgui@@QAE@ABV01@@Z 100024e0 f i ammo.obj
 0001:00001540       ??4ScrollPanel@vgui@@QAEAAV01@ABV01@@Z 10002540 f i ammo.obj
 0001:000015b0       ??0ScrollBar@vgui@@QAE@ABV01@@Z 100025b0 f i ammo.obj
 0001:00001630       ??4ScrollBar@vgui@@QAEAAV01@ABV01@@Z 10002630 f i ammo.obj
 0001:00001630       ??4ScrollBar2@vgui@@QAEAAV01@ABV01@@Z 10002630 f i hud.obj
 0001:000016a0       ??0Slider@vgui@@QAE@ABV01@@Z 100026a0 f i ammo.obj
 0001:00001790       ??4Slider@vgui@@QAEAAV01@ABV01@@Z 10002790 f i ammo.obj
 0001:00001790       ??4Slider2@vgui@@QAEAAV01@ABV01@@Z 10002790 f i hud.obj
 0001:00001880       ??0Font@vgui@@QAE@ABV01@@Z 10002880 f i ammo.obj
 0001:000018b0       ??4Font@vgui@@QAEAAV01@ABV01@@Z 100028b0 f i ammo.obj
 0001:000018d0       ?LoadAllWeaponSprites@WeaponsResource@@QAEXXZ 100028d0 f   ammo.obj
 0001:00001900       ?CountAmmo@WeaponsResource@@QAEHH@Z 10002900 f   ammo.obj
 0001:00001920       ?HasAmmo@WeaponsResource@@QAEHPAUWEAPON@@@Z 10002920 f   ammo.obj
 0001:00001980       ?LoadWeaponSprites@WeaponsResource@@QAEXPAUWEAPON@@@Z 10002980 f   ammo.obj
 0001:00001f90       ?GetFirstPos@WeaponsResource@@QAEPAUWEAPON@@H@Z 10002f90 f   ammo.obj
 0001:00001ff0       ?GetNextActivePos@WeaponsResource@@QAEPAUWEAPON@@HH@Z 10002ff0 f   ammo.obj
 0001:00002040       ?__MsgFunc_CurWeapon@@YAHPBDHPAX@Z 10003040 f   ammo.obj
 0001:00002060       ?__MsgFunc_WeaponList@@YAHPBDHPAX@Z 10003060 f   ammo.obj
 0001:00002080       ?__MsgFunc_AmmoX@@YAHPBDHPAX@Z 10003080 f   ammo.obj
 0001:000020a0       ?__MsgFunc_AmmoPickup@@YAHPBDHPAX@Z 100030a0 f   ammo.obj
 0001:000020c0       ?__MsgFunc_WeapPickup@@YAHPBDHPAX@Z 100030c0 f   ammo.obj
 0001:000020e0       ?__MsgFunc_HideWeapon@@YAHPBDHPAX@Z 100030e0 f   ammo.obj
 0001:00002100       ?__MsgFunc_ItemPickup@@YAHPBDHPAX@Z 10003100 f   ammo.obj
 0001:00002120       ?__CmdFunc_Slot1@@YAXXZ    10003120 f   ammo.obj
 0001:00002130       ?__CmdFunc_Slot2@@YAXXZ    10003130 f   ammo.obj
 0001:00002140       ?__CmdFunc_Slot3@@YAXXZ    10003140 f   ammo.obj
 0001:00002150       ?__CmdFunc_Slot4@@YAXXZ    10003150 f   ammo.obj
 0001:00002160       ?__CmdFunc_Slot5@@YAXXZ    10003160 f   ammo.obj
 0001:00002170       ?__CmdFunc_Slot6@@YAXXZ    10003170 f   ammo.obj
 0001:00002180       ?__CmdFunc_Slot7@@YAXXZ    10003180 f   ammo.obj
 0001:00002190       ?__CmdFunc_Slot8@@YAXXZ    10003190 f   ammo.obj
 0001:000021a0       ?__CmdFunc_Slot9@@YAXXZ    100031a0 f   ammo.obj
 0001:000021b0       ?__CmdFunc_Slot10@@YAXXZ   100031b0 f   ammo.obj
 0001:000021c0       ?__CmdFunc_Close@@YAXXZ    100031c0 f   ammo.obj
 0001:000021d0       ?__CmdFunc_NextWeapon@@YAXXZ 100031d0 f   ammo.obj
 0001:000021e0       ?__CmdFunc_PrevWeapon@@YAXXZ 100031e0 f   ammo.obj
 0001:000021f0       ?Init@CHudAmmo@@UAEHXZ     100031f0 f   ammo.obj
 0001:000023d0       ?Reset@CHudAmmo@@UAEXXZ    100033d0 f   ammo.obj
 0001:00002430       ?VidInit@CHudAmmo@@UAEHXZ  10003430 f   ammo.obj
 0001:000024f0       ?Think@CHudAmmo@@UAEXXZ    100034f0 f   ammo.obj
 0001:000025e0       ?GetAmmoPicFromWeapon@WeaponsResource@@QAEPAHHAAUrect_s@@@Z 100035e0 f   ammo.obj
 0001:00002680       ?SelectSlot@WeaponsResource@@QAEXHHH@Z 10003680 f   ammo.obj
 0001:000027d0       ?MsgFunc_AmmoX@CHudAmmo@@QAEHPBDHPAX@Z 100037d0 f   ammo.obj
 0001:00002810       ?MsgFunc_AmmoPickup@CHudAmmo@@QAEHPBDHPAX@Z 10003810 f   ammo.obj
 0001:00002850       ?MsgFunc_WeapPickup@CHudAmmo@@QAEHPBDHPAX@Z 10003850 f   ammo.obj
 0001:00002880       ?MsgFunc_ItemPickup@CHudAmmo@@QAEHPBDHPAX@Z 10003880 f   ammo.obj
 0001:000028b0       ?MsgFunc_HideWeapon@CHudAmmo@@QAEHPBDHPAX@Z 100038b0 f   ammo.obj
 0001:00002970       ?MsgFunc_CurWeapon@CHudAmmo@@QAEHPBDHPAX@Z 10003970 f   ammo.obj
 0001:00002b70       ?MsgFunc_WeaponList@CHudAmmo@@QAEHPBDHPAX@Z 10003b70 f   ammo.obj
 0001:00002c70       ?SlotInput@CHudAmmo@@QAEXH@Z 10003c70 f   ammo.obj
 0001:00002ca0       ?UserCmd_Slot1@CHudAmmo@@QAAXXZ 10003ca0 f   ammo.obj
 0001:00002cb0       ?UserCmd_Slot2@CHudAmmo@@QAAXXZ 10003cb0 f   ammo.obj
 0001:00002cc0       ?UserCmd_Slot3@CHudAmmo@@QAAXXZ 10003cc0 f   ammo.obj
 0001:00002cd0       ?UserCmd_Slot4@CHudAmmo@@QAAXXZ 10003cd0 f   ammo.obj
 0001:00002ce0       ?UserCmd_Slot5@CHudAmmo@@QAAXXZ 10003ce0 f   ammo.obj
 0001:00002cf0       ?UserCmd_Slot6@CHudAmmo@@QAAXXZ 10003cf0 f   ammo.obj
 0001:00002d00       ?UserCmd_Slot7@CHudAmmo@@QAAXXZ 10003d00 f   ammo.obj
 0001:00002d10       ?UserCmd_Slot8@CHudAmmo@@QAAXXZ 10003d10 f   ammo.obj
 0001:00002d20       ?UserCmd_Slot9@CHudAmmo@@QAAXXZ 10003d20 f   ammo.obj
 0001:00002d30       ?UserCmd_Slot10@CHudAmmo@@QAAXXZ 10003d30 f   ammo.obj
 0001:00002d40       ?UserCmd_Close@CHudAmmo@@QAAXXZ 10003d40 f   ammo.obj
 0001:00002d80       ?UserCmd_NextWeapon@CHudAmmo@@QAAXXZ 10003d80 f   ammo.obj
 0001:00002e50       ?UserCmd_PrevWeapon@CHudAmmo@@QAAXXZ 10003e50 f   ammo.obj
 0001:00002f30       ?Draw@CHudAmmo@@UAEHM@Z    10003f30 f   ammo.obj
 0001:000032b0       ?DrawBar@@YAHHHHHM@Z       100042b0 f   ammo.obj
 0001:00003360       ?DrawAmmoBar@@YAXPAUWEAPON@@HHHH@Z 10004360 f   ammo.obj
 0001:00003430       ?DrawWList@CHudAmmo@@QAEHM@Z 10004430 f   ammo.obj
 0001:000037a0       ?GetSpriteList@@YAPAUclient_sprite_s@@PAU1@PBDHH@Z 100047a0 f   ammo.obj
 0001:00003820       ??0?$Dar@D@vgui@@QAE@XZ    10004820 f i ammo.obj
 0001:00003850       ??0?$Dar@D@vgui@@QAE@H@Z   10004850 f i ammo.obj
 0001:00003880       ?ensureCapacity@?$Dar@D@vgui@@QAEXH@Z 10004880 f i ammo.obj
 0001:00003900       ?setCount@?$Dar@PAVTickSignal@vgui@@@vgui@@QAEXH@Z 10004900 f i ammo.obj
 0001:00003900       ?setCount@?$Dar@H@vgui@@QAEXH@Z 10004900 f i ammo.obj
 0001:00003900       ?setCount@?$Dar@PAVInputSignal@vgui@@@vgui@@QAEXH@Z 10004900 f i ammo.obj
 0001:00003900       ?setCount@?$Dar@PAVSurfaceBase@vgui@@@vgui@@QAEXH@Z 10004900 f i ammo.obj
 0001:00003900       ?setCount@?$Dar@PAVChangeSignal@vgui@@@vgui@@QAEXH@Z 10004900 f i ammo.obj
 0001:00003900       ?setCount@?$Dar@D@vgui@@QAEXH@Z 10004900 f i ammo.obj
 0001:00003900       ?setCount@?$Dar@PAVButton@vgui@@@vgui@@QAEXH@Z 10004900 f i ammo.obj
 0001:00003900       ?setCount@?$Dar@PAVActionSignal@vgui@@@vgui@@QAEXH@Z 10004900 f i ammo.obj
 0001:00003900       ?setCount@?$Dar@PAVPanel@vgui@@@vgui@@QAEXH@Z 10004900 f i ammo.obj
 0001:00003900       ?setCount@?$Dar@PAVFocusChangeSignal@vgui@@@vgui@@QAEXH@Z 10004900 f i ammo.obj
 0001:00003900       ?setCount@?$Dar@PAVLabel@vgui@@@vgui@@QAEXH@Z 10004900 f i ammo.obj
 0001:00003900       ?setCount@?$Dar@PAVIntChangeSignal@vgui@@@vgui@@QAEXH@Z 10004900 f i ammo.obj
 0001:00003900       ?setCount@?$Dar@PAVRepaintSignal@vgui@@@vgui@@QAEXH@Z 10004900 f i ammo.obj
 0001:00003900       ?setCount@?$Dar@PAVDesktopIcon@vgui@@@vgui@@QAEXH@Z 10004900 f i ammo.obj
 0001:00003900       ?setCount@?$Dar@PAV?$Dar@D@vgui@@@vgui@@QAEXH@Z 10004900 f i ammo.obj
 0001:00003900       ?setCount@?$Dar@PAVFrameSignal@vgui@@@vgui@@QAEXH@Z 10004900 f i ammo.obj
 0001:00003900       ?setCount@?$Dar@PAD@vgui@@QAEXH@Z 10004900 f i ammo.obj
 0001:00003900       ?setCount@?$Dar@PAVFrame@vgui@@@vgui@@QAEXH@Z 10004900 f i ammo.obj
 0001:00003920       ?getCount@?$Dar@PAVTickSignal@vgui@@@vgui@@QAEHXZ 10004920 f i ammo.obj
 0001:00003920       ?getCount@?$Dar@PAVPanel@vgui@@@vgui@@QAEHXZ 10004920 f i ammo.obj
 0001:00003920       ?getCount@?$Dar@PAVButton@vgui@@@vgui@@QAEHXZ 10004920 f i ammo.obj
 0001:00003920       ?getCount@?$Dar@PAVInputSignal@vgui@@@vgui@@QAEHXZ 10004920 f i ammo.obj
 0001:00003920       ?getCount@?$Dar@PAVSurfaceBase@vgui@@@vgui@@QAEHXZ 10004920 f i ammo.obj
 0001:00003920       ?getCount@?$Dar@PAVFocusChangeSignal@vgui@@@vgui@@QAEHXZ 10004920 f i ammo.obj
 0001:00003920       ?getCount@?$Dar@PAVLabel@vgui@@@vgui@@QAEHXZ 10004920 f i ammo.obj
 0001:00003920       ?getCount@?$Dar@PAVIntChangeSignal@vgui@@@vgui@@QAEHXZ 10004920 f i ammo.obj
 0001:00003920       ?getCount@?$Dar@PAVDesktopIcon@vgui@@@vgui@@QAEHXZ 10004920 f i ammo.obj
 0001:00003920       ?getCount@?$Dar@PAVFrame@vgui@@@vgui@@QAEHXZ 10004920 f i ammo.obj
 0001:00003920       ?getCount@?$Dar@PAVRepaintSignal@vgui@@@vgui@@QAEHXZ 10004920 f i ammo.obj
 0001:00003920       ?getCount@?$Dar@PAVActionSignal@vgui@@@vgui@@QAEHXZ 10004920 f i ammo.obj
 0001:00003920       ?getCount@?$Dar@PAVFrameSignal@vgui@@@vgui@@QAEHXZ 10004920 f i ammo.obj
 0001:00003920       ?getCount@?$Dar@PAVChangeSignal@vgui@@@vgui@@QAEHXZ 10004920 f i ammo.obj
 0001:00003920       ?getCount@?$Dar@D@vgui@@QAEHXZ 10004920 f i ammo.obj
 0001:00003920       ?getCount@?$Dar@PAD@vgui@@QAEHXZ 10004920 f i ammo.obj
 0001:00003920       ?getCount@?$Dar@H@vgui@@QAEHXZ 10004920 f i ammo.obj
 0001:00003920       ?getCount@?$Dar@PAV?$Dar@D@vgui@@@vgui@@QAEHXZ 10004920 f i ammo.obj
 0001:00003930       ?addElement@?$Dar@D@vgui@@QAEXD@Z 10004930 f i ammo.obj
 0001:00003960       ?hasElement@?$Dar@D@vgui@@QAE_ND@Z 10004960 f i ammo.obj
 0001:00003990       ?putElement@?$Dar@D@vgui@@QAEXD@Z 10004990 f i ammo.obj
 0001:000039d0       ?insertElementAt@?$Dar@D@vgui@@QAEXDH@Z 100049d0 f i ammo.obj
 0001:00003a40       ?setElementAt@?$Dar@D@vgui@@QAEXDH@Z 10004a40 f i ammo.obj
 0001:00003a60       ?removeElementAt@?$Dar@D@vgui@@QAEXH@Z 10004a60 f i ammo.obj
 0001:00003aa0       ?removeElement@?$Dar@D@vgui@@QAEXD@Z 10004aa0 f i ammo.obj
 0001:00003af0       ?removeAll@?$Dar@PAVSurfaceBase@vgui@@@vgui@@QAEXXZ 10004af0 f i ammo.obj
 0001:00003af0       ?removeAll@?$Dar@PAVIntChangeSignal@vgui@@@vgui@@QAEXXZ 10004af0 f i ammo.obj
 0001:00003af0       ?removeAll@?$Dar@PAVLabel@vgui@@@vgui@@QAEXXZ 10004af0 f i ammo.obj
 0001:00003af0       ?removeAll@?$Dar@PAV?$Dar@D@vgui@@@vgui@@QAEXXZ 10004af0 f i ammo.obj
 0001:00003af0       ?removeAll@?$Dar@PAVFocusChangeSignal@vgui@@@vgui@@QAEXXZ 10004af0 f i ammo.obj
 0001:00003af0       ?removeAll@?$Dar@PAVPanel@vgui@@@vgui@@QAEXXZ 10004af0 f i ammo.obj
 0001:00003af0       ?removeAll@?$Dar@PAVActionSignal@vgui@@@vgui@@QAEXXZ 10004af0 f i ammo.obj
 0001:00003af0       ?removeAll@?$Dar@PAD@vgui@@QAEXXZ 10004af0 f i ammo.obj
 0001:00003af0       ?removeAll@?$Dar@PAVChangeSignal@vgui@@@vgui@@QAEXXZ 10004af0 f i ammo.obj
 0001:00003af0       ?removeAll@?$Dar@D@vgui@@QAEXXZ 10004af0 f i ammo.obj
 0001:00003af0       ?removeAll@?$Dar@PAVTickSignal@vgui@@@vgui@@QAEXXZ 10004af0 f i ammo.obj
 0001:00003af0       ?removeAll@?$Dar@PAVFrame@vgui@@@vgui@@QAEXXZ 10004af0 f i ammo.obj
 0001:00003af0       ?removeAll@?$Dar@PAVInputSignal@vgui@@@vgui@@QAEXXZ 10004af0 f i ammo.obj
 0001:00003af0       ?removeAll@?$Dar@PAVFrameSignal@vgui@@@vgui@@QAEXXZ 10004af0 f i ammo.obj
 0001:00003af0       ?removeAll@?$Dar@PAVDesktopIcon@vgui@@@vgui@@QAEXXZ 10004af0 f i ammo.obj
 0001:00003af0       ?removeAll@?$Dar@PAVRepaintSignal@vgui@@@vgui@@QAEXXZ 10004af0 f i ammo.obj
 0001:00003af0       ?removeAll@?$Dar@PAVButton@vgui@@@vgui@@QAEXXZ 10004af0 f i ammo.obj
 0001:00003af0       ?removeAll@?$Dar@H@vgui@@QAEXXZ 10004af0 f i ammo.obj
 0001:00003b00       ??A?$Dar@D@vgui@@QAEDH@Z   10004b00 f i ammo.obj
 0001:00003b20       ??0?$Dar@PAVFrameSignal@vgui@@@vgui@@QAE@XZ 10004b20 f i ammo.obj
 0001:00003b20       ??0?$Dar@H@vgui@@QAE@XZ    10004b20 f i ammo.obj
 0001:00003b20       ??0?$Dar@PAVFocusChangeSignal@vgui@@@vgui@@QAE@XZ 10004b20 f i ammo.obj
 0001:00003b20       ??0?$Dar@PAV?$Dar@D@vgui@@@vgui@@QAE@XZ 10004b20 f i ammo.obj
 0001:00003b20       ??0?$Dar@PAVDesktopIcon@vgui@@@vgui@@QAE@XZ 10004b20 f i ammo.obj
 0001:00003b20       ??0?$Dar@PAVLabel@vgui@@@vgui@@QAE@XZ 10004b20 f i ammo.obj
 0001:00003b20       ??0?$Dar@PAVActionSignal@vgui@@@vgui@@QAE@XZ 10004b20 f i ammo.obj
 0001:00003b20       ??0?$Dar@PAVFrame@vgui@@@vgui@@QAE@XZ 10004b20 f i ammo.obj
 0001:00003b20       ??0?$Dar@PAVPanel@vgui@@@vgui@@QAE@XZ 10004b20 f i ammo.obj
 0001:00003b20       ??0?$Dar@PAVChangeSignal@vgui@@@vgui@@QAE@XZ 10004b20 f i ammo.obj
 0001:00003b20       ??0?$Dar@PAVIntChangeSignal@vgui@@@vgui@@QAE@XZ 10004b20 f i ammo.obj
 0001:00003b20       ??0?$Dar@PAVRepaintSignal@vgui@@@vgui@@QAE@XZ 10004b20 f i ammo.obj
 0001:00003b20       ??0?$Dar@PAVSurfaceBase@vgui@@@vgui@@QAE@XZ 10004b20 f i ammo.obj
 0001:00003b20       ??0?$Dar@PAD@vgui@@QAE@XZ  10004b20 f i ammo.obj
 0001:00003b20       ??0?$Dar@PAVInputSignal@vgui@@@vgui@@QAE@XZ 10004b20 f i ammo.obj
 0001:00003b20       ??0?$Dar@PAVButton@vgui@@@vgui@@QAE@XZ 10004b20 f i ammo.obj
 0001:00003b20       ??0?$Dar@PAVTickSignal@vgui@@@vgui@@QAE@XZ 10004b20 f i ammo.obj
 0001:00003b50       ??0?$Dar@H@vgui@@QAE@H@Z   10004b50 f i ammo.obj
 0001:00003b50       ??0?$Dar@PAVButton@vgui@@@vgui@@QAE@H@Z 10004b50 f i ammo.obj
 0001:00003b50       ??0?$Dar@PAVActionSignal@vgui@@@vgui@@QAE@H@Z 10004b50 f i ammo.obj
 0001:00003b50       ??0?$Dar@PAVChangeSignal@vgui@@@vgui@@QAE@H@Z 10004b50 f i ammo.obj
 0001:00003b50       ??0?$Dar@PAD@vgui@@QAE@H@Z 10004b50 f i ammo.obj
 0001:00003b50       ??0?$Dar@PAVPanel@vgui@@@vgui@@QAE@H@Z 10004b50 f i ammo.obj
 0001:00003b50       ??0?$Dar@PAVTickSignal@vgui@@@vgui@@QAE@H@Z 10004b50 f i ammo.obj
 0001:00003b50       ??0?$Dar@PAVFrame@vgui@@@vgui@@QAE@H@Z 10004b50 f i ammo.obj
 0001:00003b50       ??0?$Dar@PAVFocusChangeSignal@vgui@@@vgui@@QAE@H@Z 10004b50 f i ammo.obj
 0001:00003b50       ??0?$Dar@PAVFrameSignal@vgui@@@vgui@@QAE@H@Z 10004b50 f i ammo.obj
 0001:00003b50       ??0?$Dar@PAVSurfaceBase@vgui@@@vgui@@QAE@H@Z 10004b50 f i ammo.obj
 0001:00003b50       ??0?$Dar@PAVInputSignal@vgui@@@vgui@@QAE@H@Z 10004b50 f i ammo.obj
 0001:00003b50       ??0?$Dar@PAVLabel@vgui@@@vgui@@QAE@H@Z 10004b50 f i ammo.obj
 0001:00003b50       ??0?$Dar@PAV?$Dar@D@vgui@@@vgui@@QAE@H@Z 10004b50 f i ammo.obj
 0001:00003b50       ??0?$Dar@PAVIntChangeSignal@vgui@@@vgui@@QAE@H@Z 10004b50 f i ammo.obj
 0001:00003b50       ??0?$Dar@PAVRepaintSignal@vgui@@@vgui@@QAE@H@Z 10004b50 f i ammo.obj
 0001:00003b50       ??0?$Dar@PAVDesktopIcon@vgui@@@vgui@@QAE@H@Z 10004b50 f i ammo.obj
 0001:00003b80       ?ensureCapacity@?$Dar@PAVFrameSignal@vgui@@@vgui@@QAEXH@Z 10004b80 f i ammo.obj
 0001:00003b80       ?ensureCapacity@?$Dar@PAVButton@vgui@@@vgui@@QAEXH@Z 10004b80 f i ammo.obj
 0001:00003b80       ?ensureCapacity@?$Dar@H@vgui@@QAEXH@Z 10004b80 f i ammo.obj
 0001:00003b80       ?ensureCapacity@?$Dar@PAVLabel@vgui@@@vgui@@QAEXH@Z 10004b80 f i ammo.obj
 0001:00003b80       ?ensureCapacity@?$Dar@PAVFocusChangeSignal@vgui@@@vgui@@QAEXH@Z 10004b80 f i ammo.obj
 0001:00003b80       ?ensureCapacity@?$Dar@PAV?$Dar@D@vgui@@@vgui@@QAEXH@Z 10004b80 f i ammo.obj
 0001:00003b80       ?ensureCapacity@?$Dar@PAVChangeSignal@vgui@@@vgui@@QAEXH@Z 10004b80 f i ammo.obj
 0001:00003b80       ?ensureCapacity@?$Dar@PAVActionSignal@vgui@@@vgui@@QAEXH@Z 10004b80 f i ammo.obj
 0001:00003b80       ?ensureCapacity@?$Dar@PAVIntChangeSignal@vgui@@@vgui@@QAEXH@Z 10004b80 f i ammo.obj
 0001:00003b80       ?ensureCapacity@?$Dar@PAVPanel@vgui@@@vgui@@QAEXH@Z 10004b80 f i ammo.obj
 0001:00003b80       ?ensureCapacity@?$Dar@PAVRepaintSignal@vgui@@@vgui@@QAEXH@Z 10004b80 f i ammo.obj
 0001:00003b80       ?ensureCapacity@?$Dar@PAVFrame@vgui@@@vgui@@QAEXH@Z 10004b80 f i ammo.obj
 0001:00003b80       ?ensureCapacity@?$Dar@PAD@vgui@@QAEXH@Z 10004b80 f i ammo.obj
 0001:00003b80       ?ensureCapacity@?$Dar@PAVDesktopIcon@vgui@@@vgui@@QAEXH@Z 10004b80 f i ammo.obj
 0001:00003b80       ?ensureCapacity@?$Dar@PAVInputSignal@vgui@@@vgui@@QAEXH@Z 10004b80 f i ammo.obj
 0001:00003b80       ?ensureCapacity@?$Dar@PAVSurfaceBase@vgui@@@vgui@@QAEXH@Z 10004b80 f i ammo.obj
 0001:00003b80       ?ensureCapacity@?$Dar@PAVTickSignal@vgui@@@vgui@@QAEXH@Z 10004b80 f i ammo.obj
 0001:00003c10       ?addElement@?$Dar@PAVRepaintSignal@vgui@@@vgui@@QAEXPAVRepaintSignal@2@@Z 10004c10 f i ammo.obj
 0001:00003c10       ?addElement@?$Dar@PAVFocusChangeSignal@vgui@@@vgui@@QAEXPAVFocusChangeSignal@2@@Z 10004c10 f i ammo.obj
 0001:00003c10       ?addElement@?$Dar@PAVInputSignal@vgui@@@vgui@@QAEXPAVInputSignal@2@@Z 10004c10 f i ammo.obj
 0001:00003c10       ?addElement@?$Dar@PAVIntChangeSignal@vgui@@@vgui@@QAEXPAVIntChangeSignal@2@@Z 10004c10 f i ammo.obj
 0001:00003c10       ?addElement@?$Dar@PAVSurfaceBase@vgui@@@vgui@@QAEXPAVSurfaceBase@2@@Z 10004c10 f i ammo.obj
 0001:00003c10       ?addElement@?$Dar@PAD@vgui@@QAEXPAD@Z 10004c10 f i ammo.obj
 0001:00003c10       ?addElement@?$Dar@PAV?$Dar@D@vgui@@@vgui@@QAEXPAV?$Dar@D@2@@Z 10004c10 f i ammo.obj
 0001:00003c10       ?addElement@?$Dar@PAVFrameSignal@vgui@@@vgui@@QAEXPAVFrameSignal@2@@Z 10004c10 f i ammo.obj
 0001:00003c10       ?addElement@?$Dar@PAVActionSignal@vgui@@@vgui@@QAEXPAVActionSignal@2@@Z 10004c10 f i ammo.obj
 0001:00003c10       ?addElement@?$Dar@PAVFrame@vgui@@@vgui@@QAEXPAVFrame@2@@Z 10004c10 f i ammo.obj
 0001:00003c10       ?addElement@?$Dar@PAVDesktopIcon@vgui@@@vgui@@QAEXPAVDesktopIcon@2@@Z 10004c10 f i ammo.obj
 0001:00003c10       ?addElement@?$Dar@PAVButton@vgui@@@vgui@@QAEXPAVButton@2@@Z 10004c10 f i ammo.obj
 0001:00003c10       ?addElement@?$Dar@PAVTickSignal@vgui@@@vgui@@QAEXPAVTickSignal@2@@Z 10004c10 f i ammo.obj
 0001:00003c10       ?addElement@?$Dar@H@vgui@@QAEXH@Z 10004c10 f i ammo.obj
 0001:00003c10       ?addElement@?$Dar@PAVLabel@vgui@@@vgui@@QAEXPAVLabel@2@@Z 10004c10 f i ammo.obj
 0001:00003c10       ?addElement@?$Dar@PAVPanel@vgui@@@vgui@@QAEXPAVPanel@2@@Z 10004c10 f i ammo.obj
 0001:00003c10       ?addElement@?$Dar@PAVChangeSignal@vgui@@@vgui@@QAEXPAVChangeSignal@2@@Z 10004c10 f i ammo.obj
 0001:00003c40       ?hasElement@?$Dar@PAVChangeSignal@vgui@@@vgui@@QAE_NPAVChangeSignal@2@@Z 10004c40 f i ammo.obj
 0001:00003c40       ?hasElement@?$Dar@PAVFrame@vgui@@@vgui@@QAE_NPAVFrame@2@@Z 10004c40 f i ammo.obj
 0001:00003c40       ?hasElement@?$Dar@PAVTickSignal@vgui@@@vgui@@QAE_NPAVTickSignal@2@@Z 10004c40 f i ammo.obj
 0001:00003c40       ?hasElement@?$Dar@PAVRepaintSignal@vgui@@@vgui@@QAE_NPAVRepaintSignal@2@@Z 10004c40 f i ammo.obj
 0001:00003c40       ?hasElement@?$Dar@H@vgui@@QAE_NH@Z 10004c40 f i ammo.obj
 0001:00003c40       ?hasElement@?$Dar@PAVIntChangeSignal@vgui@@@vgui@@QAE_NPAVIntChangeSignal@2@@Z 10004c40 f i ammo.obj
 0001:00003c40       ?hasElement@?$Dar@PAVActionSignal@vgui@@@vgui@@QAE_NPAVActionSignal@2@@Z 10004c40 f i ammo.obj
 0001:00003c40       ?hasElement@?$Dar@PAVFocusChangeSignal@vgui@@@vgui@@QAE_NPAVFocusChangeSignal@2@@Z 10004c40 f i ammo.obj
 0001:00003c40       ?hasElement@?$Dar@PAVInputSignal@vgui@@@vgui@@QAE_NPAVInputSignal@2@@Z 10004c40 f i ammo.obj
 0001:00003c40       ?hasElement@?$Dar@PAVButton@vgui@@@vgui@@QAE_NPAVButton@2@@Z 10004c40 f i ammo.obj
 0001:00003c40       ?hasElement@?$Dar@PAVPanel@vgui@@@vgui@@QAE_NPAVPanel@2@@Z 10004c40 f i ammo.obj
 0001:00003c40       ?hasElement@?$Dar@PAVFrameSignal@vgui@@@vgui@@QAE_NPAVFrameSignal@2@@Z 10004c40 f i ammo.obj
 0001:00003c40       ?hasElement@?$Dar@PAVLabel@vgui@@@vgui@@QAE_NPAVLabel@2@@Z 10004c40 f i ammo.obj
 0001:00003c40       ?hasElement@?$Dar@PAV?$Dar@D@vgui@@@vgui@@QAE_NPAV?$Dar@D@2@@Z 10004c40 f i ammo.obj
 0001:00003c40       ?hasElement@?$Dar@PAD@vgui@@QAE_NPAD@Z 10004c40 f i ammo.obj
 0001:00003c40       ?hasElement@?$Dar@PAVSurfaceBase@vgui@@@vgui@@QAE_NPAVSurfaceBase@2@@Z 10004c40 f i ammo.obj
 0001:00003c40       ?hasElement@?$Dar@PAVDesktopIcon@vgui@@@vgui@@QAE_NPAVDesktopIcon@2@@Z 10004c40 f i ammo.obj
 0001:00003c70       ?putElement@?$Dar@PAVLabel@vgui@@@vgui@@QAEXPAVLabel@2@@Z 10004c70 f i ammo.obj
 0001:00003c70       ?putElement@?$Dar@PAD@vgui@@QAEXPAD@Z 10004c70 f i ammo.obj
 0001:00003c70       ?putElement@?$Dar@PAVButton@vgui@@@vgui@@QAEXPAVButton@2@@Z 10004c70 f i ammo.obj
 0001:00003c70       ?putElement@?$Dar@PAVRepaintSignal@vgui@@@vgui@@QAEXPAVRepaintSignal@2@@Z 10004c70 f i ammo.obj
 0001:00003c70       ?putElement@?$Dar@PAVInputSignal@vgui@@@vgui@@QAEXPAVInputSignal@2@@Z 10004c70 f i ammo.obj
 0001:00003c70       ?putElement@?$Dar@PAVTickSignal@vgui@@@vgui@@QAEXPAVTickSignal@2@@Z 10004c70 f i ammo.obj
 0001:00003c70       ?putElement@?$Dar@PAVDesktopIcon@vgui@@@vgui@@QAEXPAVDesktopIcon@2@@Z 10004c70 f i ammo.obj
 0001:00003c70       ?putElement@?$Dar@PAVActionSignal@vgui@@@vgui@@QAEXPAVActionSignal@2@@Z 10004c70 f i ammo.obj
 0001:00003c70       ?putElement@?$Dar@H@vgui@@QAEXH@Z 10004c70 f i ammo.obj
 0001:00003c70       ?putElement@?$Dar@PAVPanel@vgui@@@vgui@@QAEXPAVPanel@2@@Z 10004c70 f i ammo.obj
 0001:00003c70       ?putElement@?$Dar@PAVFrame@vgui@@@vgui@@QAEXPAVFrame@2@@Z 10004c70 f i ammo.obj
 0001:00003c70       ?putElement@?$Dar@PAVFrameSignal@vgui@@@vgui@@QAEXPAVFrameSignal@2@@Z 10004c70 f i ammo.obj
 0001:00003c70       ?putElement@?$Dar@PAVIntChangeSignal@vgui@@@vgui@@QAEXPAVIntChangeSignal@2@@Z 10004c70 f i ammo.obj
 0001:00003c70       ?putElement@?$Dar@PAVSurfaceBase@vgui@@@vgui@@QAEXPAVSurfaceBase@2@@Z 10004c70 f i ammo.obj
 0001:00003c70       ?putElement@?$Dar@PAVChangeSignal@vgui@@@vgui@@QAEXPAVChangeSignal@2@@Z 10004c70 f i ammo.obj
 0001:00003c70       ?putElement@?$Dar@PAVFocusChangeSignal@vgui@@@vgui@@QAEXPAVFocusChangeSignal@2@@Z 10004c70 f i ammo.obj
 0001:00003c70       ?putElement@?$Dar@PAV?$Dar@D@vgui@@@vgui@@QAEXPAV?$Dar@D@2@@Z 10004c70 f i ammo.obj
 0001:00003cb0       ?insertElementAt@?$Dar@PAVFrame@vgui@@@vgui@@QAEXPAVFrame@2@H@Z 10004cb0 f i ammo.obj
 0001:00003cb0       ?insertElementAt@?$Dar@PAVPanel@vgui@@@vgui@@QAEXPAVPanel@2@H@Z 10004cb0 f i ammo.obj
 0001:00003cb0       ?insertElementAt@?$Dar@PAVChangeSignal@vgui@@@vgui@@QAEXPAVChangeSignal@2@H@Z 10004cb0 f i ammo.obj
 0001:00003cb0       ?insertElementAt@?$Dar@PAVFocusChangeSignal@vgui@@@vgui@@QAEXPAVFocusChangeSignal@2@H@Z 10004cb0 f i ammo.obj
 0001:00003cb0       ?insertElementAt@?$Dar@PAV?$Dar@D@vgui@@@vgui@@QAEXPAV?$Dar@D@2@H@Z 10004cb0 f i ammo.obj
 0001:00003cb0       ?insertElementAt@?$Dar@H@vgui@@QAEXHH@Z 10004cb0 f i ammo.obj
 0001:00003cb0       ?insertElementAt@?$Dar@PAVLabel@vgui@@@vgui@@QAEXPAVLabel@2@H@Z 10004cb0 f i ammo.obj
 0001:00003cb0       ?insertElementAt@?$Dar@PAVFrameSignal@vgui@@@vgui@@QAEXPAVFrameSignal@2@H@Z 10004cb0 f i ammo.obj
 0001:00003cb0       ?insertElementAt@?$Dar@PAD@vgui@@QAEXPADH@Z 10004cb0 f i ammo.obj
 0001:00003cb0       ?insertElementAt@?$Dar@PAVSurfaceBase@vgui@@@vgui@@QAEXPAVSurfaceBase@2@H@Z 10004cb0 f i ammo.obj
 0001:00003cb0       ?insertElementAt@?$Dar@PAVActionSignal@vgui@@@vgui@@QAEXPAVActionSignal@2@H@Z 10004cb0 f i ammo.obj
 0001:00003cb0       ?insertElementAt@?$Dar@PAVIntChangeSignal@vgui@@@vgui@@QAEXPAVIntChangeSignal@2@H@Z 10004cb0 f i ammo.obj
 0001:00003cb0       ?insertElementAt@?$Dar@PAVButton@vgui@@@vgui@@QAEXPAVButton@2@H@Z 10004cb0 f i ammo.obj
 0001:00003cb0       ?insertElementAt@?$Dar@PAVRepaintSignal@vgui@@@vgui@@QAEXPAVRepaintSignal@2@H@Z 10004cb0 f i ammo.obj
 0001:00003cb0       ?insertElementAt@?$Dar@PAVTickSignal@vgui@@@vgui@@QAEXPAVTickSignal@2@H@Z 10004cb0 f i ammo.obj
 0001:00003cb0       ?insertElementAt@?$Dar@PAVInputSignal@vgui@@@vgui@@QAEXPAVInputSignal@2@H@Z 10004cb0 f i ammo.obj
 0001:00003cb0       ?insertElementAt@?$Dar@PAVDesktopIcon@vgui@@@vgui@@QAEXPAVDesktopIcon@2@H@Z 10004cb0 f i ammo.obj
 0001:00003d20       ?setElementAt@?$Dar@H@vgui@@QAEXHH@Z 10004d20 f i ammo.obj
 0001:00003d20       ?setElementAt@?$Dar@PAD@vgui@@QAEXPADH@Z 10004d20 f i ammo.obj
 0001:00003d20       ?setElementAt@?$Dar@PAVChangeSignal@vgui@@@vgui@@QAEXPAVChangeSignal@2@H@Z 10004d20 f i ammo.obj
 0001:00003d20       ?setElementAt@?$Dar@PAVSurfaceBase@vgui@@@vgui@@QAEXPAVSurfaceBase@2@H@Z 10004d20 f i ammo.obj
 0001:00003d20       ?setElementAt@?$Dar@PAVIntChangeSignal@vgui@@@vgui@@QAEXPAVIntChangeSignal@2@H@Z 10004d20 f i ammo.obj
 0001:00003d20       ?setElementAt@?$Dar@PAVFrameSignal@vgui@@@vgui@@QAEXPAVFrameSignal@2@H@Z 10004d20 f i ammo.obj
 0001:00003d20       ?setElementAt@?$Dar@PAVTickSignal@vgui@@@vgui@@QAEXPAVTickSignal@2@H@Z 10004d20 f i ammo.obj
 0001:00003d20       ?setElementAt@?$Dar@PAVPanel@vgui@@@vgui@@QAEXPAVPanel@2@H@Z 10004d20 f i ammo.obj
 0001:00003d20       ?setElementAt@?$Dar@PAVButton@vgui@@@vgui@@QAEXPAVButton@2@H@Z 10004d20 f i ammo.obj
 0001:00003d20       ?setElementAt@?$Dar@PAVInputSignal@vgui@@@vgui@@QAEXPAVInputSignal@2@H@Z 10004d20 f i ammo.obj
 0001:00003d20       ?setElementAt@?$Dar@PAV?$Dar@D@vgui@@@vgui@@QAEXPAV?$Dar@D@2@H@Z 10004d20 f i ammo.obj
 0001:00003d20       ?setElementAt@?$Dar@PAVLabel@vgui@@@vgui@@QAEXPAVLabel@2@H@Z 10004d20 f i ammo.obj
 0001:00003d20       ?setElementAt@?$Dar@PAVRepaintSignal@vgui@@@vgui@@QAEXPAVRepaintSignal@2@H@Z 10004d20 f i ammo.obj
 0001:00003d20       ?setElementAt@?$Dar@PAVFrame@vgui@@@vgui@@QAEXPAVFrame@2@H@Z 10004d20 f i ammo.obj
 0001:00003d20       ?setElementAt@?$Dar@PAVDesktopIcon@vgui@@@vgui@@QAEXPAVDesktopIcon@2@H@Z 10004d20 f i ammo.obj
 0001:00003d20       ?setElementAt@?$Dar@PAVActionSignal@vgui@@@vgui@@QAEXPAVActionSignal@2@H@Z 10004d20 f i ammo.obj
 0001:00003d20       ?setElementAt@?$Dar@PAVFocusChangeSignal@vgui@@@vgui@@QAEXPAVFocusChangeSignal@2@H@Z 10004d20 f i ammo.obj
 0001:00003d40       ?removeElementAt@?$Dar@H@vgui@@QAEXH@Z 10004d40 f i ammo.obj
 0001:00003d40       ?removeElementAt@?$Dar@PAVPanel@vgui@@@vgui@@QAEXH@Z 10004d40 f i ammo.obj
 0001:00003d40       ?removeElementAt@?$Dar@PAVActionSignal@vgui@@@vgui@@QAEXH@Z 10004d40 f i ammo.obj
 0001:00003d40       ?removeElementAt@?$Dar@PAV?$Dar@D@vgui@@@vgui@@QAEXH@Z 10004d40 f i ammo.obj
 0001:00003d40       ?removeElementAt@?$Dar@PAVFrameSignal@vgui@@@vgui@@QAEXH@Z 10004d40 f i ammo.obj
 0001:00003d40       ?removeElementAt@?$Dar@PAVSurfaceBase@vgui@@@vgui@@QAEXH@Z 10004d40 f i ammo.obj
 0001:00003d40       ?removeElementAt@?$Dar@PAVInputSignal@vgui@@@vgui@@QAEXH@Z 10004d40 f i ammo.obj
 0001:00003d40       ?removeElementAt@?$Dar@PAVFocusChangeSignal@vgui@@@vgui@@QAEXH@Z 10004d40 f i ammo.obj
 0001:00003d40       ?removeElementAt@?$Dar@PAVButton@vgui@@@vgui@@QAEXH@Z 10004d40 f i ammo.obj
 0001:00003d40       ?removeElementAt@?$Dar@PAVChangeSignal@vgui@@@vgui@@QAEXH@Z 10004d40 f i ammo.obj
 0001:00003d40       ?removeElementAt@?$Dar@PAVDesktopIcon@vgui@@@vgui@@QAEXH@Z 10004d40 f i ammo.obj
 0001:00003d40       ?removeElementAt@?$Dar@PAVRepaintSignal@vgui@@@vgui@@QAEXH@Z 10004d40 f i ammo.obj
 0001:00003d40       ?removeElementAt@?$Dar@PAVFrame@vgui@@@vgui@@QAEXH@Z 10004d40 f i ammo.obj
 0001:00003d40       ?removeElementAt@?$Dar@PAVLabel@vgui@@@vgui@@QAEXH@Z 10004d40 f i ammo.obj
 0001:00003d40       ?removeElementAt@?$Dar@PAVIntChangeSignal@vgui@@@vgui@@QAEXH@Z 10004d40 f i ammo.obj
 0001:00003d40       ?removeElementAt@?$Dar@PAVTickSignal@vgui@@@vgui@@QAEXH@Z 10004d40 f i ammo.obj
 0001:00003d40       ?removeElementAt@?$Dar@PAD@vgui@@QAEXH@Z 10004d40 f i ammo.obj
 0001:00003d80       ?removeElement@?$Dar@PAV?$Dar@D@vgui@@@vgui@@QAEXPAV?$Dar@D@2@@Z 10004d80 f i ammo.obj
 0001:00003d80       ?removeElement@?$Dar@PAVIntChangeSignal@vgui@@@vgui@@QAEXPAVIntChangeSignal@2@@Z 10004d80 f i ammo.obj
 0001:00003d80       ?removeElement@?$Dar@PAVTickSignal@vgui@@@vgui@@QAEXPAVTickSignal@2@@Z 10004d80 f i ammo.obj
 0001:00003d80       ?removeElement@?$Dar@PAVFrame@vgui@@@vgui@@QAEXPAVFrame@2@@Z 10004d80 f i ammo.obj
 0001:00003d80       ?removeElement@?$Dar@PAVLabel@vgui@@@vgui@@QAEXPAVLabel@2@@Z 10004d80 f i ammo.obj
 0001:00003d80       ?removeElement@?$Dar@PAVFrameSignal@vgui@@@vgui@@QAEXPAVFrameSignal@2@@Z 10004d80 f i ammo.obj
 0001:00003d80       ?removeElement@?$Dar@PAVFocusChangeSignal@vgui@@@vgui@@QAEXPAVFocusChangeSignal@2@@Z 10004d80 f i ammo.obj
 0001:00003d80       ?removeElement@?$Dar@PAVPanel@vgui@@@vgui@@QAEXPAVPanel@2@@Z 10004d80 f i ammo.obj
 0001:00003d80       ?removeElement@?$Dar@PAVInputSignal@vgui@@@vgui@@QAEXPAVInputSignal@2@@Z 10004d80 f i ammo.obj
 0001:00003d80       ?removeElement@?$Dar@PAD@vgui@@QAEXPAD@Z 10004d80 f i ammo.obj
 0001:00003d80       ?removeElement@?$Dar@PAVChangeSignal@vgui@@@vgui@@QAEXPAVChangeSignal@2@@Z 10004d80 f i ammo.obj
 0001:00003d80       ?removeElement@?$Dar@PAVButton@vgui@@@vgui@@QAEXPAVButton@2@@Z 10004d80 f i ammo.obj
 0001:00003d80       ?removeElement@?$Dar@H@vgui@@QAEXH@Z 10004d80 f i ammo.obj
 0001:00003d80       ?removeElement@?$Dar@PAVRepaintSignal@vgui@@@vgui@@QAEXPAVRepaintSignal@2@@Z 10004d80 f i ammo.obj
 0001:00003d80       ?removeElement@?$Dar@PAVSurfaceBase@vgui@@@vgui@@QAEXPAVSurfaceBase@2@@Z 10004d80 f i ammo.obj
 0001:00003d80       ?removeElement@?$Dar@PAVDesktopIcon@vgui@@@vgui@@QAEXPAVDesktopIcon@2@@Z 10004d80 f i ammo.obj
 0001:00003d80       ?removeElement@?$Dar@PAVActionSignal@vgui@@@vgui@@QAEXPAVActionSignal@2@@Z 10004d80 f i ammo.obj
 0001:00003dd0       ??A?$Dar@PAVFocusChangeSignal@vgui@@@vgui@@QAEPAVFocusChangeSignal@1@H@Z 10004dd0 f i ammo.obj
 0001:00003dd0       ??A?$Dar@PAVInputSignal@vgui@@@vgui@@QAEPAVInputSignal@1@H@Z 10004dd0 f i ammo.obj
 0001:00003dd0       ??A?$Dar@H@vgui@@QAEHH@Z   10004dd0 f i ammo.obj
 0001:00003dd0       ??A?$Dar@PAV?$Dar@D@vgui@@@vgui@@QAEPAV?$Dar@D@1@H@Z 10004dd0 f i ammo.obj
 0001:00003dd0       ??A?$Dar@PAVLabel@vgui@@@vgui@@QAEPAVLabel@1@H@Z 10004dd0 f i ammo.obj
 0001:00003dd0       ??A?$Dar@PAVTickSignal@vgui@@@vgui@@QAEPAVTickSignal@1@H@Z 10004dd0 f i ammo.obj
 0001:00003dd0       ??A?$Dar@PAVFrame@vgui@@@vgui@@QAEPAVFrame@1@H@Z 10004dd0 f i ammo.obj
 0001:00003dd0       ??A?$Dar@PAVDesktopIcon@vgui@@@vgui@@QAEPAVDesktopIcon@1@H@Z 10004dd0 f i ammo.obj
 0001:00003dd0       ??A?$Dar@PAVRepaintSignal@vgui@@@vgui@@QAEPAVRepaintSignal@1@H@Z 10004dd0 f i ammo.obj
 0001:00003dd0       ??A?$Dar@PAVFrameSignal@vgui@@@vgui@@QAEPAVFrameSignal@1@H@Z 10004dd0 f i ammo.obj
 0001:00003dd0       ??A?$Dar@PAVChangeSignal@vgui@@@vgui@@QAEPAVChangeSignal@1@H@Z 10004dd0 f i ammo.obj
 0001:00003dd0       ??A?$Dar@PAD@vgui@@QAEPADH@Z 10004dd0 f i ammo.obj
 0001:00003dd0       ??A?$Dar@PAVIntChangeSignal@vgui@@@vgui@@QAEPAVIntChangeSignal@1@H@Z 10004dd0 f i ammo.obj
 0001:00003dd0       ??A?$Dar@PAVSurfaceBase@vgui@@@vgui@@QAEPAVSurfaceBase@1@H@Z 10004dd0 f i ammo.obj
 0001:00003dd0       ??A?$Dar@PAVPanel@vgui@@@vgui@@QAEPAVPanel@1@H@Z 10004dd0 f i ammo.obj
 0001:00003dd0       ??A?$Dar@PAVButton@vgui@@@vgui@@QAEPAVButton@1@H@Z 10004dd0 f i ammo.obj
 0001:00003dd0       ??A?$Dar@PAVActionSignal@vgui@@@vgui@@QAEPAVActionSignal@1@H@Z 10004dd0 f i ammo.obj
 0001:00003df0       ?__MsgFunc_SecAmmoVal@@YAHPBDHPAX@Z 10004df0 f   ammo_secondary.obj
 0001:00003e10       ?__MsgFunc_SecAmmoIcon@@YAHPBDHPAX@Z 10004e10 f   ammo_secondary.obj
 0001:00003e30       ?Init@CHudAmmoSecondary@@UAEHXZ 10004e30 f   ammo_secondary.obj
 0001:00003ea0       ?Reset@CHudAmmoSecondary@@UAEXXZ 10004ea0 f   ammo_secondary.obj
 0001:00003eb0       ?UseDecrement@CHgun@@UAEHXZ 10004eb0 f   hl_weapons.obj
 0001:00003eb0       ?VidInit@CHudAmmoSecondary@@UAEHXZ 10004eb0 f   ammo_secondary.obj
 0001:00003eb0       ?GetStoppedActivity@CBaseMonster@@UAE?AW4Activity@@XZ 10004eb0 f   hl_weapons.obj
 0001:00003eb0       ?VidInit@CHudStatusIcons@@UAEHXZ 10004eb0 f   status_icons.obj
 0001:00003eb0       ?UseDecrement@CRpg@@UAEHXZ 10004eb0 f   hl_weapons.obj
 0001:00003eb0       ?VidInit@CHudStatusBar@@UAEHXZ 10004eb0 f   statusbar.obj
 0001:00003eb0       ?UseDecrement@CCrossbow@@UAEHXZ 10004eb0 f   crossbow.obj
 0001:00003eb0       ?UseDecrement@CSqueak@@UAEHXZ 10004eb0 f   hl_weapons.obj
 0001:00003eb0       ?IsUseable@CHgun@@UAEHXZ   10004eb0 f   hornetgun.obj
 0001:00003eb0       ?UseDecrement@CTripmine@@UAEHXZ 10004eb0 f   hl_weapons.obj
 0001:00003eb0       ?UseDecrement@CPython@@UAEHXZ 10004eb0 f   hl_weapons.obj
 0001:00003eb0       ?UseDecrement@CHandGrenade@@UAEHXZ 10004eb0 f   handgrenade.obj
 0001:00003eb0       ?VidInit@CHudMenu@@UAEHXZ  10004eb0 f   menu.obj
 0001:00003eb0       ?ShouldWeaponIdle@CRpg@@UAEHXZ 10004eb0 f   hl_weapons.obj
 0001:00003eb0       ?IsUseable@CBasePlayerWeapon@@UAEHXZ 10004eb0 f   hl_baseentity.obj
 0001:00003eb0       ?IsNetClient@CBasePlayer@@UAEHXZ 10004eb0 f   hl_weapons.obj
 0001:00003eb0       ?VidInit@CHudGeiger@@UAEHXZ 10004eb0 f   geiger.obj
 0001:00003eb0       ?CanHolster@CBasePlayerItem@@UAEHXZ 10004eb0 f   cameraw.obj
 0001:00003eb0       ?FBecomeProne@CBasePlayer@@UAEHXZ 10004eb0 f   hl_baseentity.obj
 0001:00003eb0       ?UseDecrement@CCamera@@UAEHXZ 10004eb0 f   cameraw.obj
 0001:00003eb0       ?UseDecrement@CSatchel@@UAEHXZ 10004eb0 f   hl_weapons.obj
 0001:00003eb0       ?UseDecrement@CGlock@@UAEHXZ 10004eb0 f   hl_weapons.obj
 0001:00003eb0       ?IsPlayer@CBasePlayer@@UAEHXZ 10004eb0 f   hl_weapons.obj
 0001:00003eb0       ?UseDecrement@CShotgun@@UAEHXZ 10004eb0 f   hl_weapons.obj
 0001:00003eb0       ?UseDecrement@CCrowbar@@UAEHXZ 10004eb0 f   crowbar.obj
 0001:00003eb0       ?UseDecrement@CMP5@@UAEHXZ 10004eb0 f   hl_weapons.obj
 0001:00003eb0       ?UseDecrement@CGauss@@UAEHXZ 10004eb0 f   gauss.obj
 0001:00003eb0       ?iItemSlot@CCrowbar@@UAEHXZ 10004eb0 f   crowbar.obj
 0001:00003eb0       ?IsInWorld@CBaseEntity@@UAEHXZ 10004eb0 f   hl_baseentity.obj
 0001:00003eb0       ?UseDecrement@CEgon@@UAEHXZ 10004eb0 f   egon.obj
 0001:00003eb0       ?VidInit@CHudSayText@@UAEHXZ 10004eb0 f   saytext.obj
 0001:00003eb0       ?FBecomeProne@CBaseMonster@@UAEHXZ 10004eb0 f   hl_baseentity.obj
 0001:00003ec0       ?Draw@CHudAmmoSecondary@@UAEHM@Z 10004ec0 f   ammo_secondary.obj
 0001:000040c0       ?MsgFunc_SecAmmoIcon@CHudAmmoSecondary@@QAEHPBDHPAX@Z 100050c0 f   ammo_secondary.obj
 0001:000040f0       ?MsgFunc_SecAmmoVal@CHudAmmoSecondary@@QAEHPBDHPAX@Z 100050f0 f   ammo_secondary.obj
 0001:00004170       ?AddToHistory@HistoryResource@@QAEXHHH@Z 10005170 f   ammohistory.obj
 0001:00004200       ?AddToHistory@HistoryResource@@QAEXHPBDH@Z 10005200 f   ammohistory.obj
 0001:000042a0       ?CheckClearHistory@HistoryResource@@QAEXXZ 100052a0 f   ammohistory.obj
 0001:000042c0       ?DrawAmmoHistory@HistoryResource@@QAEHM@Z 100052c0 f   ammohistory.obj
 0001:000046c0       ?__MsgFunc_Battery@@YAHPBDHPAX@Z 100056c0 f   battery.obj
 0001:000046e0       ?Init@CHudBattery@@UAEHXZ  100056e0 f   battery.obj
 0001:00004720       ?VidInit@CHudBattery@@UAEHXZ 10005720 f   battery.obj
 0001:00004790       ?MsgFunc_Battery@CHudBattery@@QAEHPBDHPAX@Z 10005790 f   battery.obj
 0001:000047d0       ?Draw@CHudBattery@@UAEHM@Z 100057d0 f   battery.obj
 0001:00004a30       ??8Vector@@QBEHABV0@@Z     10005a30 f i cameraw.obj
 0001:00004a80       ??9Vector@@QBEHABV0@@Z     10005a80 f i cameraw.obj
 0001:00004ae0       ?PlayerDeathThink@CBasePlayer@@QAEXXZ 10005ae0 f i hl_baseentity.obj
 0001:00004ae0       ?StartMonster@CBaseMonster@@UAEXXZ 10005ae0 f i hl_baseentity.obj
 0001:00004ae0       ?SetObjectCollisionBox@CBasePlayerItem@@UAEXXZ 10005ae0 f i hl_baseentity.obj
 0001:00004ae0       ?SecondaryAttack@CBasePlayerWeapon@@UAEXXZ 10005ae0 f i cameraw.obj
 0001:00004ae0       ?Duck@CBasePlayer@@UAEXXZ  10005ae0 f i hl_baseentity.obj
 0001:00004ae0       ?UpdateOwner@CBaseEntity@@UAEXXZ 10005ae0 f i cameraw.obj
 0001:00004ae0       ?ItemPreFrame@CBasePlayerItem@@UAEXXZ 10005ae0 f i cameraw.obj
 0001:00004ae0       ?BarnacleVictimReleased@CBaseMonster@@UAEXXZ 10005ae0 f i hl_baseentity.obj
 0001:00004ae0       ?SentenceStop@CBaseMonster@@UAEXXZ 10005ae0 f i hl_baseentity.obj
 0001:00004ae0       ?BarnacleVictimReleased@CBasePlayer@@UAEXXZ 10005ae0 f i hl_baseentity.obj
 0001:00004ae0       ?PreThink@CBasePlayer@@UAEXXZ 10005ae0 f i hl_baseentity.obj
 0001:00004ae0       ?Precache@CBaseEntity@@UAEXXZ 10005ae0 f i cameraw.obj
 0001:00004ae0       ?DeathSound@CBasePlayer@@UAEXXZ 10005ae0 f i hl_baseentity.obj
 0001:00004ae0       ?CheckAmmo@CBaseMonster@@UAEXXZ 10005ae0 f i hl_weapons.obj
 0001:00004ae0       ?PrescheduleThink@CBaseMonster@@UAEXXZ 10005ae0 f i hl_weapons.obj
 0001:00004ae0       ?MonsterInit@CBaseMonster@@UAEXXZ 10005ae0 f i hl_baseentity.obj
 0001:00004ae0       ?Spawn@CBaseEntity@@UAEXXZ 10005ae0 f i cameraw.obj
 0001:00004ae0       ?MonsterThink@CBaseMonster@@UAEXXZ 10005ae0 f i hl_baseentity.obj
 0001:00004ae0       ?Drop@CBasePlayerItem@@UAEXXZ 10005ae0 f i hl_baseentity.obj
 0001:00004ae0       ?WeaponIdle@CBasePlayerWeapon@@UAEXXZ 10005ae0 f i cameraw.obj
 0001:00004ae0       ??1CGridEntry@CGrid@vgui@@QAE@XZ 10005ae0 f i vgui_grid.obj
 0001:00004ae0       ?UpdateItemInfo@CBasePlayerWeapon@@UAEXXZ 10005ae0 f i cameraw.obj
 0001:00004ae0       ?BecomeDead@CBaseMonster@@UAEXXZ 10005ae0 f i hl_baseentity.obj
 0001:00004ae0       ?Materialize@CBasePlayerItem@@QAEXXZ 10005ae0 f i hl_baseentity.obj
 0001:00004ae0       ?MonsterInitDead@CBaseMonster@@UAEXXZ 10005ae0 f i hl_baseentity.obj
 0001:00004ae0       ?CorpseFallThink@CBaseMonster@@QAEXXZ 10005ae0 f i hl_baseentity.obj
 0001:00004ae0       ?Jump@CBasePlayer@@UAEXXZ  10005ae0 f i hl_baseentity.obj
 0001:00004ae0       ?Activate@CBaseEntity@@UAEXXZ 10005ae0 f i cameraw.obj
 0001:00004ae0       ?FadeMonster@CBaseMonster@@UAEXXZ 10005ae0 f i hl_baseentity.obj
 0001:00004ae0       ?ReportAIState@CBaseMonster@@UAEXXZ 10005ae0 f i hl_baseentity.obj
 0001:00004ae0       ?Smack@CCrowbar@@QAEXXZ    10005ae0 f i crowbar.obj
 0001:00004ae0       ?Reset@CHudBase@@UAEXXZ    10005ae0 f i cdll_int.obj
 0001:00004ae0       ?Think@CHudBase@@UAEXXZ    10005ae0 f i cdll_int.obj
 0001:00004ae0       ?Materialize@CBasePlayerAmmo@@QAEXXZ 10005ae0 f i hl_baseentity.obj
 0001:00004ae0       ?RunAI@CBaseMonster@@UAEXXZ 10005ae0 f i hl_baseentity.obj
 0001:00004ae0       ?SecondaryAttack@CSqueak@@UAEXXZ 10005ae0 f i squeakgrenade.obj
 0001:00004ae0       ?Precache@CBasePlayer@@UAEXXZ 10005ae0 f i hl_baseentity.obj
 0001:00004ae0       ?DestroyItem@CBasePlayerItem@@QAEXXZ 10005ae0 f i hl_baseentity.obj
 0001:00004ae0       ?IdleSound@CBaseMonster@@UAEXXZ 10005ae0 f i hl_weapons.obj
 0001:00004ae0       ?SetObjectCollisionBox@CBaseEntity@@UAEXXZ 10005ae0 f i hl_baseentity.obj
 0001:00004ae0       ?ScheduleChange@CBaseMonster@@UAEXXZ 10005ae0 f i hl_weapons.obj
 0001:00004ae0       ?DeathSound@CBaseMonster@@UAEXXZ 10005ae0 f i hl_weapons.obj
 0001:00004ae0       ?UpdateClientData@CBasePlayer@@UAEXXZ 10005ae0 f i hl_baseentity.obj
 0001:00004ae0       ?Kill@CBasePlayerItem@@UAEXXZ 10005ae0 f i hl_baseentity.obj
 0001:00004ae0       ?StartSneaking@CBaseEntity@@UAEXXZ 10005ae0 f i cameraw.obj
 0001:00004ae0       ?InitHUDData@CHudBase@@UAEXXZ 10005ae0 f i cdll_int.obj
 0001:00004ae0       ?PostThink@CBasePlayer@@UAEXXZ 10005ae0 f i hl_baseentity.obj
 0001:00004ae0       ?GibMonster@CBaseMonster@@UAEXXZ 10005ae0 f i hl_baseentity.obj
 0001:00004ae0       ?MonsterInitThink@CBaseMonster@@QAEXXZ 10005ae0 f i hl_baseentity.obj
 0001:00004ae0       ?RetireWeapon@CBasePlayerWeapon@@UAEXXZ 10005ae0 f i hl_baseentity.obj
 0001:00004ae0       ?ImpulseCommands@CBasePlayer@@UAEXXZ 10005ae0 f i hl_baseentity.obj
 0001:00004ae0       ?SUB_Remove@CBaseEntity@@QAEXXZ 10005ae0 f i hl_baseentity.obj
 0001:00004ae0       ?DecalGunshot@@YAXPAUTraceResult@@HVVector@@1@Z 10005ae0 f i hl_baseentity.obj
 0001:00004ae0       ?PainSound@CBaseMonster@@UAEXXZ 10005ae0 f i hl_weapons.obj
 0001:00004ae0       ?AttemptToMaterialize@CBasePlayerItem@@QAEXXZ 10005ae0 f i hl_baseentity.obj
 0001:00004ae0       ?Reload@CBasePlayerWeapon@@UAEXXZ 10005ae0 f i cameraw.obj
 0001:00004ae0       ?paintBackground@CTFScrollButton@@UAEXXZ 10005ae0 f i vgui_CustomObjects.obj
 0001:00004ae0       ?OverrideReset@CBaseEntity@@UAEXXZ 10005ae0 f i cameraw.obj
 0001:00004ae0       ?paintBackground@CImageLabel@@UAEXXZ 10005ae0 f i vgui_CustomObjects.obj
 0001:00004ae0       ?AlertSound@CBaseMonster@@UAEXXZ 10005ae0 f i hl_weapons.obj
 0001:00004ae0       ?HUD_SetMaxSpeed@@YAXPBUedict_s@@M@Z 10005ae0 f i com_weapons.obj
 0001:00004ae0       ?SetYawSpeed@CBaseMonster@@UAEXXZ 10005ae0 f i hl_weapons.obj
 0001:00004ae0       ?stub_SetModel@@YAXPAUedict_s@@PBD@Z 10005ae0 f i com_weapons.obj
 0001:00004ae0       ?FallThink@CBasePlayerItem@@QAEXXZ 10005ae0 f i hl_baseentity.obj
 0001:00004ae0       ?paintBackground@CListBox@vgui@@UAEXXZ 10005ae0 f i vgui_listbox.obj
 0001:00004ae0       ?performLayout@ScrollBar2@vgui@@MAEXXZ 10005ae0 f i vgui_scrollbar2.obj
 0001:00004ae0       ?StopSneaking@CBaseEntity@@UAEXXZ 10005ae0 f i cameraw.obj
 0001:00004af0       ?KeyValue@CBaseEntity@@UAEXPAUKeyValueData_s@@@Z 10005af0 f i cameraw.obj
 0001:00004b10       ?iItemSlot@CPython@@UAEHXZ 10005b10 f i hl_weapons.obj
 0001:00004b10       ?ObjectCaps@CBaseEntity@@UAEHXZ 10005b10 f i cameraw.obj
 0001:00004b10       ?iItemSlot@CGlock@@UAEHXZ  10005b10 f i hl_weapons.obj
 0001:00004b20       ?cursorEntered@CViewPortInputHandler@@UAEXPAVPanel@vgui@@@Z 10005b20 f i vgui_TeamFortressViewport.obj
 0001:00004b20       ?keyFocusTicked@CMenuHandler_PopupSubMenuInput@@UAEXPAVPanel@vgui@@@Z 10005b20 f i vgui_TeamFortressViewport.obj
 0001:00004b20       ?DefaultTouch@CBasePlayerItem@@QAEXPAVCBaseEntity@@@Z 10005b20 f i hl_baseentity.obj
 0001:00004b20       ?keyFocusTicked@CBrowser_InputSignal@?A0x54093716@@UAEXPAVPanel@vgui@@@Z 10005b20 f i vgui_ServerBrowser.obj
 0001:00004b20       ?keyFocusTicked@FooDefaultSliderSignal@?A0x05e5dbf1@@UAEXPAVPanel@vgui@@@Z 10005b20 f i vgui_slider2.obj
 0001:00004b20       ?cursorExited@FooDefaultSliderSignal@?A0x05e5dbf1@@UAEXPAVPanel@vgui@@@Z 10005b20 f i vgui_slider2.obj
 0001:00004b20       ?cursorEntered@CDefaultInputSignal@vgui@@UAEXPAVPanel@2@@Z 10005b20 f i vgui_checkbutton2.obj
 0001:00004b20       ?KeyValue@CBaseDelay@@UAEXPAUKeyValueData_s@@@Z 10005b20 f i hl_baseentity.obj
 0001:00004b20       ?cursorExited@CDefaultInputSignal@vgui@@UAEXPAVPanel@2@@Z 10005b20 f i vgui_checkbutton2.obj
 0001:00004b20       ?Look@CBaseMonster@@UAEXH@Z 10005b20 f i hl_baseentity.obj
 0001:00004b20       ?DeathNotice@CBaseEntity@@UAEXPAUentvars_s@@@Z 10005b20 f i cameraw.obj
 0001:00004b20       ?SetActivity@CBaseMonster@@UAEXW4Activity@@@Z 10005b20 f i hl_baseentity.obj
 0001:00004b20       ?KeyValue@CBaseMonster@@UAEXPAUKeyValueData_s@@@Z 10005b20 f i hl_baseentity.obj
 0001:00004b20       ?SetActiveInfo@CMenuPanel@@UAEXH@Z 10005b20 f i vgui_ClassMenu.obj
 0001:00004b20       ?BarnacleVictimBitten@CBasePlayer@@UAEXPAUentvars_s@@@Z 10005b20 f i hl_baseentity.obj
 0001:00004b20       ?keyFocusTicked@CHandler_MenuButtonOver@@UAEXPAVPanel@vgui@@@Z 10005b20 f i vgui_ClassMenu.obj
 0001:00004b20       ?cursorEntered@CBrowser_InputSignal@?A0x54093716@@UAEXPAVPanel@vgui@@@Z 10005b20 f i vgui_ServerBrowser.obj
 0001:00004b20       ?keyFocusTicked@ToggleCommandButton@@UAEXPAVPanel@vgui@@@Z 10005b20 f i vgui_TeamFortressViewport.obj
 0001:00004b20       ?RunTask@CBaseMonster@@UAEXPAUTask_t@@@Z 10005b20 f i hl_baseentity.obj
 0001:00004b20       ?keyFocusTicked@CDefaultInputSignal@vgui@@UAEXPAVPanel@2@@Z 10005b20 f i vgui_checkbutton2.obj
 0001:00004b20       ?SendInitMessage@CBaseEntity@@UAEXPAVCBasePlayer@@@Z 10005b20 f i cameraw.obj
 0001:00004b20       ?keyFocusTicked@SpectToggleButton@@UAEXPAVPanel@vgui@@@Z 10005b20 f i vgui_TeamFortressViewport.obj
 0001:00004b20       ?cursorExited@LabelSortInputHandler@@UAEXPAVPanel@vgui@@@Z 10005b20 f i vgui_ServerBrowser.obj
 0001:00004b20       ?HandleAnimEvent@CBaseAnimating@@UAEXPAUMonsterEvent_t@@@Z 10005b20 f i cameraw.obj
 0001:00004b20       ?HandleAnimEvent@CBaseMonster@@UAEXPAUMonsterEvent_t@@@Z 10005b20 f i hl_baseentity.obj
 0001:00004b20       ?cursorExited@CMenuHandler_PopupSubMenuInput@@UAEXPAVPanel@vgui@@@Z 10005b20 f i vgui_TeamFortressViewport.obj
 0001:00004b20       ?SetToggleState@CBaseEntity@@UAEXH@Z 10005b20 f i cameraw.obj
 0001:00004b20       ?cursorExited@CHandler_MenuButtonOver@@UAEXPAVPanel@vgui@@@Z 10005b20 f i vgui_ClassMenu.obj
 0001:00004b20       ?cursorEntered@LabelSortInputHandler@@UAEXPAVPanel@vgui@@@Z 10005b20 f i vgui_ServerBrowser.obj
 0001:00004b20       ?cursorEntered@FooDefaultSliderSignal@?A0x05e5dbf1@@UAEXPAVPanel@vgui@@@Z 10005b20 f i vgui_slider2.obj
 0001:00004b20       ?DefaultTouch@CBasePlayerAmmo@@QAEXPAVCBaseEntity@@@Z 10005b20 f i hl_baseentity.obj
 0001:00004b20       ?AttachToPlayer@CBasePlayerItem@@UAEXPAVCBasePlayer@@@Z 10005b20 f i hl_baseentity.obj
 0001:00004b20       ?BarnacleVictimBitten@CBaseMonster@@UAEXPAUentvars_s@@@Z 10005b20 f i hl_baseentity.obj
 0001:00004b20       ?keyFocusTicked@LabelSortInputHandler@@UAEXPAVPanel@vgui@@@Z 10005b20 f i vgui_ServerBrowser.obj
 0001:00004b20       ?keyFocusTicked@CHandler_ButtonHighlight@@UAEXPAVPanel@vgui@@@Z 10005b20 f i vgui_CustomObjects.obj
 0001:00004b20       ?keyFocusTicked@CViewPortInputHandler@@UAEXPAVPanel@vgui@@@Z 10005b20 f i vgui_TeamFortressViewport.obj
 0001:00004b20       ?cursorExited@CViewPortInputHandler@@UAEXPAVPanel@vgui@@@Z 10005b20 f i vgui_TeamFortressViewport.obj
 0001:00004b20       ?cursorExited@CBrowser_InputSignal@?A0x54093716@@UAEXPAVPanel@vgui@@@Z 10005b20 f i vgui_ServerBrowser.obj
 0001:00004b20       ?Move@CBaseMonster@@UAEXM@Z 10005b20 f i hl_baseentity.obj
 0001:00004b20       ?StartTask@CBaseMonster@@UAEXPAUTask_t@@@Z 10005b20 f i hl_baseentity.obj
 0001:00004b20       ?StopFollowing@CBaseMonster@@UAEXH@Z 10005b20 f i hl_weapons.obj
 0001:00004b30       ?ShouldFadeOnDeath@CBaseMonster@@UAEHXZ 10005b30 f i hl_baseentity.obj
 0001:00004b30       ?IsNotValid@CommandButton@@UAEHXZ 10005b30 f i vgui_CustomObjects.obj
 0001:00004b30       ?stub_PrecacheSound@@YAHPAD@Z 10005b30 f i com_weapons.obj
 0001:00004b30       ?FBecomeProne@CBaseEntity@@UAEHXZ 10005b30 f i cameraw.obj
 0001:00004b30       ?Classify@CBaseEntity@@UAEHXZ 10005b30 f i cameraw.obj
 0001:00004b30       ?GetToggleState@CBaseEntity@@UAEHXZ 10005b30 f i cameraw.obj
 0001:00004b30       ?ISoundMask@CBaseMonster@@UAEHXZ 10005b30 f i hl_baseentity.obj
 0001:00004b30       ?ObjectCaps@CBasePlayer@@UAEHXZ 10005b30 f i hl_weapons.obj
 0001:00004b30       ?IsNetClient@CBaseEntity@@UAEHXZ 10005b30 f i cameraw.obj
 0001:00004b30       ?MyMonsterPointer@CBaseEntity@@UAEPAVCBaseMonster@@XZ 10005b30 f i cameraw.obj
 0001:00004b30       ?IsPlayer@CBaseEntity@@UAEHXZ 10005b30 f i cameraw.obj
 0001:00004b30       ?EV_TFC_IsAllyTeam@@YAHHH@Z 10005b30 f i ev_hldm.obj
 0001:00004b30       ?stub_PrecacheModel@@YAHPAD@Z 10005b30 f i com_weapons.obj
 0001:00004b30       ?ShootTimed@CGrenade@@SAPAV1@PAUentvars_s@@VVector@@1M@Z 10005b30 f i hl_baseentity.obj
 0001:00004b30       ?FCanCheckAttacks@CBaseMonster@@UAEHXZ 10005b30 f i hl_baseentity.obj
 0001:00004b30       ?PBestScent@CBaseMonster@@UAEPAVCSound@@XZ 10005b30 f i hl_baseentity.obj
 0001:00004b30       ?VidInit@CHudBase@@UAEHXZ  10005b30 f i cdll_int.obj
 0001:00004b30       _HUD_GetUserEntity         10005b30 f i entity.obj
 0001:00004b30       ?PBestSound@CBaseMonster@@UAEPAVCSound@@XZ 10005b30 f i hl_baseentity.obj
 0001:00004b30       ?GetSchedule@CBaseMonster@@UAEPAUSchedule_t@@XZ 10005b30 f i hl_baseentity.obj
 0001:00004b30       ?UTIL_FindEntityInSphere@@YAPAVCBaseEntity@@PAV1@ABVVector@@M@Z 10005b30 f i hl_baseentity.obj
 0001:00004b30       ?HasAlienGibs@CBaseMonster@@UAEHXZ 10005b30 f i hl_baseentity.obj
 0001:00004b30       ?MySquadMonsterPointer@CBaseEntity@@UAEPAVCSquadMonster@@XZ 10005b30 f i cameraw.obj
 0001:00004b30       ?ShootContact@CGrenade@@SAPAV1@PAUentvars_s@@VVector@@1@Z 10005b30 f i hl_baseentity.obj
 0001:00004b30       ?IgnoreConditions@CBaseMonster@@UAEHXZ 10005b30 f i hl_baseentity.obj
 0001:00004b30       ?Classify@CBasePlayer@@UAEHXZ 10005b30 f i hl_baseentity.obj
 0001:00004b30       ?IsSneaking@CBaseEntity@@UAEHXZ 10005b30 f i cameraw.obj
 0001:00004b30       __matherr                  10005b30 f i LIBCMT:matherr.obj
 0001:00004b30       ?Respawn@CBaseEntity@@UAEPAV1@XZ 10005b30 f i cameraw.obj
 0001:00004b30       ?BestVisibleEnemy@CBaseMonster@@UAEPAVCBaseEntity@@XZ 10005b30 f i hl_baseentity.obj
 0001:00004b30       ?Init@CHudBase@@UAEHXZ     10005b30 f i cdll_int.obj
 0001:00004b30       ?FCanActiveIdle@CBaseMonster@@UAEHXZ 10005b30 f i hl_baseentity.obj
 0001:00004b30       ?ShouldWeaponIdle@CBasePlayerWeapon@@UAEHXZ 10005b30 f i cameraw.obj
 0001:00004b30       ?GetNextTarget@CBaseEntity@@UAEPAV1@XZ 10005b30 f i hl_baseentity.obj
 0001:00004b30       ?HasHumanGibs@CBaseMonster@@UAEHXZ 10005b30 f i hl_baseentity.obj
 0001:00004b30       ?Illumination@CBasePlayer@@UAEHXZ 10005b30 f i hl_baseentity.obj
 0001:00004b30       ?Respawn@CBasePlayerItem@@UAEPAVCBaseEntity@@XZ 10005b30 f i hl_baseentity.obj
 0001:00004b30       ?ShouldFadeOnDeath@CBasePlayer@@UAEHXZ 10005b30 f i hl_weapons.obj
 0001:00004b40       ?BloodColor@CBaseEntity@@UAEHXZ 10005b40 f i cameraw.obj
 0001:00004b40       ?PrimaryAmmoIndex@CBasePlayerWeapon@@UAEHXZ 10005b40 f i hl_baseentity.obj
 0001:00004b40       ?BloodColor@CGrenade@@UAEHXZ 10005b40 f i satchel.obj
 0001:00004b40       ?SecondaryAmmoIndex@CBasePlayerWeapon@@UAEHXZ 10005b40 f i hl_baseentity.obj
 0001:00004b50       ?Save@CBaseEntity@@UAEHAAVCSave@@@Z 10005b50 f i hl_baseentity.obj
 0001:00004b50       ?IsTriggered@CBaseEntity@@UAEHPAV1@@Z 10005b50 f i cameraw.obj
 0001:00004b50       ?Save@CBasePlayerWeapon@@UAEHAAVCSave@@@Z 10005b50 f i hl_baseentity.obj
 0001:00004b50       ?FValidateCover@CBaseMonster@@UAEHABVVector@@@Z 10005b50 f i hl_weapons.obj
 0001:00004b50       ?Save@CBaseMonster@@UAEHAAVCSave@@@Z 10005b50 f i hl_baseentity.obj
 0001:00004b50       ?Restore@CBaseEntity@@UAEHAAVCRestore@@@Z 10005b50 f i hl_baseentity.obj
 0001:00004b50       ?AddToPlayer@CBasePlayerItem@@UAEHPAVCBasePlayer@@@Z 10005b50 f i hl_baseentity.obj
 0001:00004b50       ?Restore@CBasePlayerWeapon@@UAEHAAVCRestore@@@Z 10005b50 f i hl_baseentity.obj
 0001:00004b50       ?Restore@CBaseMonster@@UAEHAAVCRestore@@@Z 10005b50 f i hl_baseentity.obj
 0001:00004b60       ?mouseDoublePressed@CHandler_ButtonHighlight@@UAEXW4MouseCode@vgui@@PAVPanel@3@@Z 10005b60 f i vgui_CustomObjects.obj
 0001:00004b60       ?keyReleased@SpectToggleButton@@UAEXW4KeyCode@vgui@@PAVPanel@3@@Z 10005b60 f i vgui_TeamFortressViewport.obj
 0001:00004b60       ?keyTyped@ToggleCommandButton@@UAEXW4KeyCode@vgui@@PAVPanel@3@@Z 10005b60 f i vgui_TeamFortressViewport.obj
 0001:00004b60       ?mouseDoublePressed@CHandler_MenuButtonOver@@UAEXW4MouseCode@vgui@@PAVPanel@3@@Z 10005b60 f i vgui_ClassMenu.obj
 0001:00004b60       ?AddPoints@CBasePlayer@@UAEXHH@Z 10005b60 f i hl_baseentity.obj
 0001:00004b60       ?mouseWheeled@CMenuHandler_PopupSubMenuInput@@UAEXHPAVPanel@vgui@@@Z 10005b60 f i vgui_TeamFortressViewport.obj
 0001:00004b60       ?keyReleased@CMenuHandler_PopupSubMenuInput@@UAEXW4KeyCode@vgui@@PAVPanel@3@@Z 10005b60 f i vgui_TeamFortressViewport.obj
 0001:00004b60       ?mouseReleased@SpectToggleButton@@UAEXW4MouseCode@vgui@@PAVPanel@3@@Z 10005b60 f i vgui_TeamFortressViewport.obj
 0001:00004b60       ?keyPressed@CHandler_ButtonHighlight@@UAEXW4KeyCode@vgui@@PAVPanel@3@@Z 10005b60 f i vgui_CustomObjects.obj
 0001:00004b60       ?keyPressed@ToggleCommandButton@@UAEXW4KeyCode@vgui@@PAVPanel@3@@Z 10005b60 f i vgui_TeamFortressViewport.obj
 0001:00004b60       ?Killed@CBaseMonster@@UAEXPAUentvars_s@@H@Z 10005b60 f i hl_baseentity.obj
 0001:00004b60       ?mouseWheeled@CDefaultInputSignal@vgui@@UAEXHPAVPanel@2@@Z 10005b60 f i vgui_checkbutton2.obj
 0001:00004b60       ?keyTyped@CHandler_ButtonHighlight@@UAEXW4KeyCode@vgui@@PAVPanel@3@@Z 10005b60 f i vgui_CustomObjects.obj
 0001:00004b60       ?keyReleased@CBrowser_InputSignal@?A0x54093716@@UAEXW4KeyCode@vgui@@PAVPanel@4@@Z 10005b60 f i vgui_ServerBrowser.obj
 0001:00004b60       ?mouseWheeled@CHandler_ButtonHighlight@@UAEXHPAVPanel@vgui@@@Z 10005b60 f i vgui_CustomObjects.obj
 0001:00004b60       ?AddPoints@CBaseEntity@@UAEXHH@Z 10005b60 f i cameraw.obj
 0001:00004b60       ?mouseWheeled@FooDefaultSliderSignal@?A0x05e5dbf1@@UAEXHPAVPanel@vgui@@@Z 10005b60 f i vgui_slider2.obj
 0001:00004b60       ?keyPressed@CViewPortInputHandler@@UAEXW4KeyCode@vgui@@PAVPanel@3@@Z 10005b60 f i vgui_TeamFortressViewport.obj
 0001:00004b60       ?AddPointsToTeam@CBaseEntity@@UAEXHH@Z 10005b60 f i cameraw.obj
 0001:00004b60       ?mouseWheeled@CViewPortInputHandler@@UAEXHPAVPanel@vgui@@@Z 10005b60 f i vgui_TeamFortressViewport.obj
 0001:00004b60       ?keyPressed@CDefaultInputSignal@vgui@@UAEXW4KeyCode@2@PAVPanel@2@@Z 10005b60 f i vgui_checkbutton2.obj
 0001:00004b60       ?mouseDoublePressed@FooDefaultSliderSignal@?A0x05e5dbf1@@UAEXW4MouseCode@vgui@@PAVPanel@4@@Z 10005b60 f i vgui_slider2.obj
 0001:00004b60       ?mouseWheeled@CHandler_MenuButtonOver@@UAEXHPAVPanel@vgui@@@Z 10005b60 f i vgui_ClassMenu.obj
 0001:00004b60       ?keyReleased@LabelSortInputHandler@@UAEXW4KeyCode@vgui@@PAVPanel@3@@Z 10005b60 f i vgui_ServerBrowser.obj
 0001:00004b60       ?mouseReleased@CBrowser_InputSignal@?A0x54093716@@UAEXW4MouseCode@vgui@@PAVPanel@4@@Z 10005b60 f i vgui_ServerBrowser.obj
 0001:00004b60       ?mouseReleased@CHandler_MenuButtonOver@@UAEXW4MouseCode@vgui@@PAVPanel@3@@Z 10005b60 f i vgui_ClassMenu.obj
 0001:00004b60       ?mouseReleased@CViewPortInputHandler@@UAEXW4MouseCode@vgui@@PAVPanel@3@@Z 10005b60 f i vgui_TeamFortressViewport.obj
 0001:00004b60       ?mouseDoublePressed@CMenuHandler_PopupSubMenuInput@@UAEXW4MouseCode@vgui@@PAVPanel@3@@Z 10005b60 f i vgui_TeamFortressViewport.obj
 0001:00004b60       ?mousePressed@CMenuHandler_PopupSubMenuInput@@UAEXW4MouseCode@vgui@@PAVPanel@3@@Z 10005b60 f i vgui_TeamFortressViewport.obj
 0001:00004b60       ?mouseReleased@LabelSortInputHandler@@UAEXW4MouseCode@vgui@@PAVPanel@3@@Z 10005b60 f i vgui_ServerBrowser.obj
 0001:00004b60       ?keyTyped@CDefaultInputSignal@vgui@@UAEXW4KeyCode@2@PAVPanel@2@@Z 10005b60 f i vgui_checkbutton2.obj
 0001:00004b60       ?keyPressed@LabelSortInputHandler@@UAEXW4KeyCode@vgui@@PAVPanel@3@@Z 10005b60 f i vgui_ServerBrowser.obj
 0001:00004b60       ?mouseReleased@CHandler_ButtonHighlight@@UAEXW4MouseCode@vgui@@PAVPanel@3@@Z 10005b60 f i vgui_CustomObjects.obj
 0001:00004b60       ?keyPressed@SpectToggleButton@@UAEXW4KeyCode@vgui@@PAVPanel@3@@Z 10005b60 f i vgui_TeamFortressViewport.obj
 0001:00004b60       ?keyTyped@FooDefaultSliderSignal@?A0x05e5dbf1@@UAEXW4KeyCode@vgui@@PAVPanel@4@@Z 10005b60 f i vgui_slider2.obj
 0001:00004b60       ?keyTyped@CBrowser_InputSignal@?A0x54093716@@UAEXW4KeyCode@vgui@@PAVPanel@4@@Z 10005b60 f i vgui_ServerBrowser.obj
 0001:00004b60       ?keyPressed@CHandler_MenuButtonOver@@UAEXW4KeyCode@vgui@@PAVPanel@3@@Z 10005b60 f i vgui_ClassMenu.obj
 0001:00004b60       ?keyTyped@LabelSortInputHandler@@UAEXW4KeyCode@vgui@@PAVPanel@3@@Z 10005b60 f i vgui_ServerBrowser.obj
 0001:00004b60       ?keyReleased@CViewPortInputHandler@@UAEXW4KeyCode@vgui@@PAVPanel@3@@Z 10005b60 f i vgui_TeamFortressViewport.obj
 0001:00004b60       ?mouseWheeled@CBrowser_InputSignal@?A0x54093716@@UAEXHPAVPanel@vgui@@@Z 10005b60 f i vgui_ServerBrowser.obj
 0001:00004b60       ?keyTyped@CMenuHandler_PopupSubMenuInput@@UAEXW4KeyCode@vgui@@PAVPanel@3@@Z 10005b60 f i vgui_TeamFortressViewport.obj
 0001:00004b60       ?mouseDoublePressed@CViewPortInputHandler@@UAEXW4MouseCode@vgui@@PAVPanel@3@@Z 10005b60 f i vgui_TeamFortressViewport.obj
 0001:00004b60       ?keyPressed@CBrowser_InputSignal@?A0x54093716@@UAEXW4KeyCode@vgui@@PAVPanel@4@@Z 10005b60 f i vgui_ServerBrowser.obj
 0001:00004b60       ?mouseDoublePressed@SpectToggleButton@@UAEXW4MouseCode@vgui@@PAVPanel@3@@Z 10005b60 f i vgui_TeamFortressViewport.obj
 0001:00004b60       ?mouseReleased@ToggleCommandButton@@UAEXW4MouseCode@vgui@@PAVPanel@3@@Z 10005b60 f i vgui_TeamFortressViewport.obj
 0001:00004b60       ?Killed@CGrenade@@UAEXPAUentvars_s@@H@Z 10005b60 f i hl_baseentity.obj
 0001:00004b60       ?keyReleased@FooDefaultSliderSignal@?A0x05e5dbf1@@UAEXW4KeyCode@vgui@@PAVPanel@4@@Z 10005b60 f i vgui_slider2.obj
 0001:00004b60       ?mouseDoublePressed@CDefaultInputSignal@vgui@@UAEXW4MouseCode@2@PAVPanel@2@@Z 10005b60 f i vgui_checkbutton2.obj
 0001:00004b60       ?mouseWheeled@ToggleCommandButton@@UAEXHPAVPanel@vgui@@@Z 10005b60 f i vgui_TeamFortressViewport.obj
 0001:00004b60       ?mousePressed@CHandler_ButtonHighlight@@UAEXW4MouseCode@vgui@@PAVPanel@3@@Z 10005b60 f i vgui_CustomObjects.obj
 0001:00004b60       ?mouseWheeled@LabelSortInputHandler@@UAEXHPAVPanel@vgui@@@Z 10005b60 f i vgui_ServerBrowser.obj
 0001:00004b60       ?keyTyped@SpectToggleButton@@UAEXW4KeyCode@vgui@@PAVPanel@3@@Z 10005b60 f i vgui_TeamFortressViewport.obj
 0001:00004b60       ?keyTyped@CHandler_MenuButtonOver@@UAEXW4KeyCode@vgui@@PAVPanel@3@@Z 10005b60 f i vgui_ClassMenu.obj
 0001:00004b60       ?keyPressed@CMenuHandler_PopupSubMenuInput@@UAEXW4KeyCode@vgui@@PAVPanel@3@@Z 10005b60 f i vgui_TeamFortressViewport.obj
 0001:00004b60       ?keyReleased@CDefaultInputSignal@vgui@@UAEXW4KeyCode@2@PAVPanel@2@@Z 10005b60 f i vgui_checkbutton2.obj
 0001:00004b60       ?keyTyped@CViewPortInputHandler@@UAEXW4KeyCode@vgui@@PAVPanel@3@@Z 10005b60 f i vgui_TeamFortressViewport.obj
 0001:00004b60       ?mouseDoublePressed@ToggleCommandButton@@UAEXW4MouseCode@vgui@@PAVPanel@3@@Z 10005b60 f i vgui_TeamFortressViewport.obj
 0001:00004b60       ?keyReleased@ToggleCommandButton@@UAEXW4KeyCode@vgui@@PAVPanel@3@@Z 10005b60 f i vgui_TeamFortressViewport.obj
 0001:00004b60       ?mousePressed@CDefaultInputSignal@vgui@@UAEXW4MouseCode@2@PAVPanel@2@@Z 10005b60 f i vgui_checkbutton2.obj
 0001:00004b60       ?mouseReleased@CDefaultInputSignal@vgui@@UAEXW4MouseCode@2@PAVPanel@2@@Z 10005b60 f i vgui_checkbutton2.obj
 0001:00004b60       ?mouseReleased@CMenuHandler_PopupSubMenuInput@@UAEXW4MouseCode@vgui@@PAVPanel@3@@Z 10005b60 f i vgui_TeamFortressViewport.obj
 0001:00004b60       ?keyPressed@FooDefaultSliderSignal@?A0x05e5dbf1@@UAEXW4KeyCode@vgui@@PAVPanel@4@@Z 10005b60 f i vgui_slider2.obj
 0001:00004b60       ?keyReleased@CHandler_MenuButtonOver@@UAEXW4KeyCode@vgui@@PAVPanel@3@@Z 10005b60 f i vgui_ClassMenu.obj
 0001:00004b60       ?mousePressed@CHandler_MenuButtonOver@@UAEXW4MouseCode@vgui@@PAVPanel@3@@Z 10005b60 f i vgui_ClassMenu.obj
 0001:00004b60       ?mouseWheeled@SpectToggleButton@@UAEXHPAVPanel@vgui@@@Z 10005b60 f i vgui_TeamFortressViewport.obj
 0001:00004b60       ?AddPointsToTeam@CBasePlayer@@UAEXHH@Z 10005b60 f i hl_baseentity.obj
 0001:00004b60       ?keyReleased@CHandler_ButtonHighlight@@UAEXW4KeyCode@vgui@@PAVPanel@3@@Z 10005b60 f i vgui_CustomObjects.obj
 0001:00004b70       ?DamageDecal@CBaseEntity@@UAEPADH@Z 10005b70 f i hl_baseentity.obj
 0001:00004b70       ?ExtractAmmo@CBasePlayerWeapon@@UAEHPAV1@@Z 10005b70 f i hl_baseentity.obj
 0001:00004b70       ?FVisible@CBaseEntity@@UAEHPAV1@@Z 10005b70 f i hl_baseentity.obj
 0001:00004b70       ?Save@CBasePlayer@@UAEHAAVCSave@@@Z 10005b70 f i hl_baseentity.obj
 0001:00004b70       ?AddPlayerItem@CBaseEntity@@UAEHPAVCBasePlayerItem@@@Z 10005b70 f i cameraw.obj
 0001:00004b70       ?FInViewCone@CBaseMonster@@UAEHPAVVector@@@Z 10005b70 f i hl_baseentity.obj
 0001:00004b70       ?ScheduleFromName@CBaseMonster@@UAEPAUSchedule_t@@PBD@Z 10005b70 f i hl_baseentity.obj
 0001:00004b70       ?FValidateHintType@CBaseMonster@@UAEHF@Z 10005b70 f i hl_baseentity.obj
 0001:00004b70       ?FInViewCone@CBaseMonster@@UAEHPAVCBaseEntity@@@Z 10005b70 f i hl_baseentity.obj
 0001:00004b70       ?Draw@CHudBase@@UAEHM@Z    10005b70 f i cdll_int.obj
 0001:00004b70       ?GetScheduleOfType@CBaseMonster@@UAEPAUSchedule_t@@H@Z 10005b70 f i hl_baseentity.obj
 0001:00004b70       ?ShouldAdvanceRoute@CBaseMonster@@UAEHM@Z 10005b70 f i hl_baseentity.obj
 0001:00004b70       ?RemovePlayerItem@CBaseEntity@@UAEHPAVCBasePlayerItem@@@Z 10005b70 f i cameraw.obj
 0001:00004b70       ?AddToPlayer@CBasePlayerWeapon@@UAEHPAVCBasePlayer@@@Z 10005b70 f i hl_baseentity.obj
 0001:00004b70       ?FVisible@CBaseEntity@@UAEHABVVector@@@Z 10005b70 f i hl_baseentity.obj
 0001:00004b70       ?UpdateClientData@CBasePlayerWeapon@@UAEHPAVCBasePlayer@@@Z 10005b70 f i hl_baseentity.obj
 0001:00004b70       ?IRelationship@CBaseMonster@@UAEHPAVCBaseEntity@@@Z 10005b70 f i hl_baseentity.obj
 0001:00004b70       ?RemovePlayerItem@CBasePlayer@@UAEHPAVCBasePlayerItem@@@Z 10005b70 f i hl_baseentity.obj
 0001:00004b70       ?Restore@CBasePlayer@@UAEHAAVCRestore@@@Z 10005b70 f i hl_baseentity.obj
 0001:00004b70       ?ExtractClipAmmo@CBasePlayerWeapon@@UAEHPAV1@@Z 10005b70 f i hl_baseentity.obj
 0001:00004b70       ?AddPlayerItem@CBasePlayer@@UAEHPAVCBasePlayerItem@@@Z 10005b70 f i hl_baseentity.obj
 0001:00004b70       ?OnControls@CBaseEntity@@UAEHPAUentvars_s@@@Z 10005b70 f i cameraw.obj
 0001:00004b70       ?CheckEnemy@CBaseMonster@@UAEHPAVCBaseEntity@@@Z 10005b70 f i hl_baseentity.obj
 0001:00004b70       ?AddDuplicate@CBasePlayerWeapon@@UAEHPAVCBasePlayerItem@@@Z 10005b70 f i hl_baseentity.obj
 0001:00004b80       ?GiveAmmo@CBaseEntity@@UAEHHPADH@Z 10005b80 f i cameraw.obj
 0001:00004b90       ?GetDelay@CBaseEntity@@UAEMXZ 10005b90 f i cameraw.obj
 0001:00004b90       ?UTIL_WeaponTimeBase@@YAMXZ 10005b90 f i com_weapons.obj
 0001:00004ba0       ?IsMoving@CBaseEntity@@UAEHXZ 10005ba0 f i cameraw.obj
 0001:00004c00       ?IsAlive@CBasePlayer@@UAEHXZ 10005c00 f i hl_weapons.obj
 0001:00004c00       ?IsAlive@CBaseEntity@@UAEHXZ 10005c00 f i cameraw.obj
 0001:00004c30       ?IsBSPModel@CBaseEntity@@UAEHXZ 10005c30 f i cameraw.obj
 0001:00004c50       ?ReflectGauss@CBaseEntity@@UAEHXZ 10005c50 f i cameraw.obj
 0001:00004c90       ?HasTarget@CBaseEntity@@UAEHH@Z 10005c90 f i cameraw.obj
 0001:00004cf0       ?TeamID@CBaseEntity@@UAEPBDXZ 10005cf0 f i cameraw.obj
 0001:00004cf0       ?TeamID@CBasePlayer@@UAEPBDXZ 10005cf0 f i hl_baseentity.obj
 0001:00004d00       ?Think@CBaseEntity@@UAEXXZ 10005d00 f i cameraw.obj
 0001:00004d10       ?Touch@CBaseEntity@@UAEXPAV1@@Z 10005d10 f i cameraw.obj
 0001:00004d30       ?Use@CBaseEntity@@UAEXPAV1@0W4USE_TYPE@@M@Z 10005d30 f i cameraw.obj
 0001:00004d50       ?Blocked@CBaseEntity@@UAEXPAV1@@Z 10005d50 f i cameraw.obj
 0001:00004d70       ?SUB_CallUseToggle@CBaseEntity@@QAEXXZ 10005d70 f i cameraw.obj
 0001:00004d90       ?Center@CBaseEntity@@UAE?AVVector@@XZ 10005d90 f i cameraw.obj
 0001:00004df0       ?EyePosition@CBaseEntity@@UAE?AVVector@@XZ 10005df0 f i cameraw.obj
 0001:00004df0       ?EarPosition@CBaseEntity@@UAE?AVVector@@XZ 10005df0 f i cameraw.obj
 0001:00004e20       ?BodyTarget@CBaseEntity@@UAE?AVVector@@ABV2@@Z 10005e20 f i cameraw.obj
 0001:00004e40       ?Illumination@CBaseEntity@@UAEHXZ 10005e40 f i cameraw.obj
 0001:00004e60       ?CallMonsterThink@CBaseMonster@@QAEXXZ 10005e60 f i cameraw.obj
 0001:00004e70       ?AddWeapon@CBasePlayerWeapon@@UAEHXZ 10005e70 f i cameraw.obj
 0001:00004e80       ??0WayPoint_t@@QAE@XZ      10005e80 f i hl_weapons.obj
 0001:00004e80       ?MyMonsterPointer@CBaseMonster@@UAEPAV1@XZ 10005e80 f i hl_weapons.obj
 0001:00004e80       ?GetWeaponPtr@CBasePlayerWeapon@@UAEPAVCBasePlayerItem@@XZ 10005e80 f i cameraw.obj
 0001:00004e80       ?Respawn@CBasePlayerAmmo@@UAEPAVCBaseEntity@@XZ 10005e80 f i hl_baseentity.obj
 0001:00004e80       ??0entvars_s@@QAE@XZ       10005e80 f i hl_weapons.obj
 0001:00004e90       ?iItemSlot@CShotgun@@UAEHXZ 10005e90 f i hl_weapons.obj
 0001:00004e90       ?GetIdealState@CBaseMonster@@UAE?AW4MONSTERSTATE@@XZ 10005e90 f i hl_baseentity.obj
 0001:00004e90       ?iItemSlot@CCrossbow@@UAEHXZ 10005e90 f i crossbow.obj
 0001:00004e90       ?iItemSlot@CMP5@@UAEHXZ    10005e90 f i hl_weapons.obj
 0001:00004e90       ?iItemSlot@CCamera@@UAEHXZ 10005e90 f i cameraw.obj
 0001:00004ea0       _weapon_camera             10005ea0 f   cameraw.obj
 0001:00004eb0       ?Spawn@CCamera@@UAEXXZ     10005eb0 f   cameraw.obj
 0001:00004eb0       ?Spawn@CMP5@@UAEXXZ        10005eb0 f   mp5.obj
 0001:00004f00       ?Precache@CCamera@@UAEXXZ  10005f00 f   cameraw.obj
 0001:00004fd0       ?GetItemInfo@CCamera@@UAEHPAUItemInfo@@@Z 10005fd0 f   cameraw.obj
 0001:00005040       ?AddToPlayer@CGauss@@UAEHPAVCBasePlayer@@@Z 10006040 f   gauss.obj
 0001:00005040       ?AddToPlayer@CCrossbow@@UAEHPAVCBasePlayer@@@Z 10006040 f   crossbow.obj
 0001:00005040       ?AddToPlayer@CHgun@@UAEHPAVCBasePlayer@@@Z 10006040 f   hornetgun.obj
 0001:00005040       ?AddToPlayer@CMP5@@UAEHPAVCBasePlayer@@@Z 10006040 f   mp5.obj
 0001:00005040       ?AddToPlayer@CEgon@@UAEHPAVCBasePlayer@@@Z 10006040 f   egon.obj
 0001:00005040       ?AddToPlayer@CPython@@UAEHPAVCBasePlayer@@@Z 10006040 f   python.obj
 0001:00005040       ?AddToPlayer@CCamera@@UAEHPAVCBasePlayer@@@Z 10006040 f   cameraw.obj
 0001:00005040       ?AddToPlayer@CShotgun@@UAEHPAVCBasePlayer@@@Z 10006040 f   shotgun.obj
 0001:00005040       ?AddToPlayer@CRpg@@UAEHPAVCBasePlayer@@@Z 10006040 f   rpg.obj
 0001:000050a0       ?Deploy@CCamera@@UAEHXZ    100060a0 f   cameraw.obj
 0001:000050a0       ?Deploy@CMP5@@UAEHXZ       100060a0 f   mp5.obj
 0001:000050c0       ?PrimaryAttack@CCamera@@UAEXXZ 100060c0 f   cameraw.obj
 0001:00005260       ?SecondaryAttack@CCamera@@UAEXXZ 10006260 f   cameraw.obj
 0001:00005420       ?Reload@CCamera@@UAEXXZ    10006420 f   cameraw.obj
 0001:000054a0       ?WeaponIdle@CMP5@@UAEXXZ   100064a0 f   mp5.obj
 0001:000054a0       ?WeaponIdle@CCamera@@UAEXXZ 100064a0 f   cameraw.obj
 0001:00005510       ??$GetClassPtr@VCCamera@@@@YAPAVCCamera@@PAV0@@Z 10006510 f i cameraw.obj
 0001:00005570       ??1CHudSayText@@UAE@XZ     10006570 f i cdll_int.obj
 0001:00005570       ??1CHudBattery@@UAE@XZ     10006570 f i cdll_int.obj
 0001:00005570       ??1CHudTextMessage@@UAE@XZ 10006570 f i cdll_int.obj
 0001:00005570       ??1CHudMenu@@UAE@XZ        10006570 f i cdll_int.obj
 0001:00005570       ??1CHudDeathNotice@@UAE@XZ 10006570 f i cdll_int.obj
 0001:00005570       ??1CHudStatusIcons@@UAE@XZ 10006570 f i cdll_int.obj
 0001:00005570       ??1CHudStatusBar@@UAE@XZ   10006570 f i cdll_int.obj
 0001:00005570       ??1CHudSpectator@@UAE@XZ   10006570 f i cdll_int.obj
 0001:00005570       ??1CHudAmmo@@UAE@XZ        10006570 f i cdll_int.obj
 0001:00005570       ??1CHudFlashlight@@UAE@XZ  10006570 f i cdll_int.obj
 0001:00005570       ??1CHudMessage@@UAE@XZ     10006570 f i cdll_int.obj
 0001:00005570       ??1CHudAmmoSecondary@@UAE@XZ 10006570 f i cdll_int.obj
 0001:00005570       ??1CHudGeiger@@UAE@XZ      10006570 f i cdll_int.obj
 0001:00005570       ??1CHudBase@@UAE@XZ        10006570 f i cdll_int.obj
 0001:00005570       ??1CHudTrain@@UAE@XZ       10006570 f i cdll_int.obj
 0001:00005570       ??1CHudHealth@@UAE@XZ      10006570 f i cdll_int.obj
 0001:00005580       ??_ECHudTrain@@UAEPAXI@Z   10006580 f i * CIL library *:* CIL module *
 0001:00005580       ??_ECHudStatusIcons@@UAEPAXI@Z 10006580 f i * CIL library *:* CIL module *
 0001:00005580       ??_GCHudTextMessage@@UAEPAXI@Z 10006580 f i cdll_int.obj
 0001:00005580       ??_GCHudMenu@@UAEPAXI@Z    10006580 f i cdll_int.obj
 0001:00005580       ??_ECHudHealth@@UAEPAXI@Z  10006580 f i * CIL library *:* CIL module *
 0001:00005580       ??_GCHudBase@@UAEPAXI@Z    10006580 f i cdll_int.obj
 0001:00005580       ??_ECHudMenu@@UAEPAXI@Z    10006580 f i * CIL library *:* CIL module *
 0001:00005580       ??_ECHudGeiger@@UAEPAXI@Z  10006580 f i * CIL library *:* CIL module *
 0001:00005580       ??_GCHudHealth@@UAEPAXI@Z  10006580 f i cdll_int.obj
 0001:00005580       ??_ECHudStatusBar@@UAEPAXI@Z 10006580 f i * CIL library *:* CIL module *
 0001:00005580       ??_GCHudBattery@@UAEPAXI@Z 10006580 f i cdll_int.obj
 0001:00005580       ??_ECHudBattery@@UAEPAXI@Z 10006580 f i * CIL library *:* CIL module *
 0001:00005580       ??_GCHudAmmoSecondary@@UAEPAXI@Z 10006580 f i cdll_int.obj
 0001:00005580       ??_GCHudDeathNotice@@UAEPAXI@Z 10006580 f i cdll_int.obj
 0001:00005580       ??_ECHudTextMessage@@UAEPAXI@Z 10006580 f i * CIL library *:* CIL module *
 0001:00005580       ??_ECHudAmmoSecondary@@UAEPAXI@Z 10006580 f i * CIL library *:* CIL module *
 0001:00005580       ??_ECHudBase@@UAEPAXI@Z    10006580 f i * CIL library *:* CIL module *
 0001:00005580       ??_GCHudSayText@@UAEPAXI@Z 10006580 f i cdll_int.obj
 0001:00005580       ??_ECHudFlashlight@@UAEPAXI@Z 10006580 f i * CIL library *:* CIL module *
 0001:00005580       ??_ECHudSayText@@UAEPAXI@Z 10006580 f i * CIL library *:* CIL module *
 0001:00005580       ??_GCHudFlashlight@@UAEPAXI@Z 10006580 f i cdll_int.obj
 0001:00005580       ??_GCHudSpectator@@UAEPAXI@Z 10006580 f i cdll_int.obj
 0001:00005580       ??_GCHudTrain@@UAEPAXI@Z   10006580 f i cdll_int.obj
 0001:00005580       ??_GCHudStatusBar@@UAEPAXI@Z 10006580 f i cdll_int.obj
 0001:00005580       ??_GCHudGeiger@@UAEPAXI@Z  10006580 f i cdll_int.obj
 0001:00005580       ??_ECHudSpectator@@UAEPAXI@Z 10006580 f i * CIL library *:* CIL module *
 0001:00005580       ??_GCHudMessage@@UAEPAXI@Z 10006580 f i cdll_int.obj
 0001:00005580       ??_GCHudAmmo@@UAEPAXI@Z    10006580 f i cdll_int.obj
 0001:00005580       ??_ECHudDeathNotice@@UAEPAXI@Z 10006580 f i * CIL library *:* CIL module *
 0001:00005580       ??_ECHudAmmo@@UAEPAXI@Z    10006580 f i * CIL library *:* CIL module *
 0001:00005580       ??_GCHudStatusIcons@@UAEPAXI@Z 10006580 f i cdll_int.obj
 0001:00005580       ??_ECHudMessage@@UAEPAXI@Z 10006580 f i * CIL library *:* CIL module *
 0001:000055b0       ??0CHud@@QAE@XZ            100065b0 f i cdll_int.obj
 0001:00005660       ??_Gerror_category@std@@UAEPAXI@Z 10006660 f i cdll_int.obj
 0001:00005660       ??_E_Generic_error_category@std@@UAEPAXI@Z 10006660 f i * CIL library *:* CIL module *
 0001:00005660       ??_E_Iostream_error_category@std@@UAEPAXI@Z 10006660 f i * CIL library *:* CIL module *
 0001:00005660       ??_Eerror_category@std@@UAEPAXI@Z 10006660 f i * CIL library *:* CIL module *
 0001:00005660       ??_E_System_error_category@std@@UAEPAXI@Z 10006660 f i * CIL library *:* CIL module *
 0001:00005660       ??_G_System_error_category@std@@UAEPAXI@Z 10006660 f i cdll_int.obj
 0001:00005660       ??_G_Generic_error_category@std@@UAEPAXI@Z 10006660 f i cdll_int.obj
 0001:00005660       ??_G_Iostream_error_category@std@@UAEPAXI@Z 10006660 f i cdll_int.obj
 0001:00005690       ?default_error_condition@error_category@std@@UBE?AVerror_condition@2@H@Z 10006690 f i cdll_int.obj
 0001:000056b0       ?equivalent@error_category@std@@UBE_NHABVerror_condition@2@@Z 100066b0 f i cdll_int.obj
 0001:000056f0       ?equivalent@error_category@std@@UBE_NABVerror_code@2@H@Z 100066f0 f i cdll_int.obj
 0001:00005710       ?name@_Generic_error_category@std@@UBEPBDXZ 10006710 f i cdll_int.obj
 0001:00005720       ?message@_Generic_error_category@std@@UBE?AV?$basic_string@DU?$char_traits@D@std@@V?$allocator@D@2@@2@H@Z 10006720 f i cdll_int.obj
 0001:00005790       ?name@_Iostream_error_category@std@@UBEPBDXZ 10006790 f i cdll_int.obj
 0001:000057a0       ?message@_Iostream_error_category@std@@UBE?AV?$basic_string@DU?$char_traits@D@std@@V?$allocator@D@2@@2@H@Z 100067a0 f i cdll_int.obj
 0001:000057f0       ?name@_System_error_category@std@@UBEPBDXZ 100067f0 f i cdll_int.obj
 0001:00005800       ?message@_System_error_category@std@@UBE?AV?$basic_string@DU?$char_traits@D@std@@V?$allocator@D@2@@2@H@Z 10006800 f i cdll_int.obj
 0001:00005870       ?default_error_condition@_System_error_category@std@@UBE?AVerror_condition@2@H@Z 10006870 f i cdll_int.obj
 0001:000058b0       ??0CBSPRenderer@@QAE@XZ    100068b0 f i cdll_int.obj
 0001:000058c0       ??0CPropManager@@QAE@XZ    100068c0 f i cdll_int.obj
 0001:000058d0       ??0CMirrorManager@@QAE@XZ  100068d0 f i cdll_int.obj
 0001:000058e0       _HUD_GetHullBounds         100068e0 f   cdll_int.obj
 0001:00005900       _HUD_ConnectionlessPacket  10006900 f   cdll_int.obj
 0001:00005910       _HUD_PlayerMoveInit        10006910 f   cdll_int.obj
 0001:00005920       _HUD_PlayerMoveTexture     10006920 f   cdll_int.obj
 0001:00005930       _HUD_PlayerMove            10006930 f   cdll_int.obj
 0001:00005940       _Initialize                10006940 f   cdll_int.obj
 0001:00005990       _HUD_VidInit               10006990 f   cdll_int.obj
 0001:000059a0       _HUD_Init                  100069a0 f   cdll_int.obj
 0001:000059b0       _HUD_Redraw                100069b0 f   cdll_int.obj
[...]
 0002:0002ce2e       $N00526                    100a9e2e     client.exp
 0002:0002ce39       $N00527                    100a9e39     client.exp
 0002:0002ce46       $N00528                    100a9e46     client.exp
 0002:0002ce58       $N00529                    100a9e58     client.exp
 0002:0002ce66       $N00530                    100a9e66     client.exp
 0002:0002ce76       $N00531                    100a9e76     client.exp
 0002:0002ce85       $N00532                    100a9e85     client.exp
 0002:0002ce91       $N00533                    100a9e91     client.exp
 0002:0002ce9e       $N00534                    100a9e9e     client.exp
 0002:0002ceab       $N00535                    100a9eab     client.exp
 0002:0002cebe       $N00536                    100a9ebe     client.exp
 0002:0002cecf       $N00537                    100a9ecf     client.exp
 0002:0002ceda       $N00538                    100a9eda     client.exp
 0002:0002cee8       $N00539                    100a9ee8     client.exp
 0002:0002cef3       $N00540                    100a9ef3     client.exp
 0002:0002cf02       $N00541                    100a9f02     client.exp
 0002:0002cf11       $N00542                    100a9f11     client.exp
 0002:0002cf1e       $N00543                    100a9f1e     client.exp
 0002:0002dad0       .idata$6                   100aaad0     winmm:WINMM.dll
 0002:00033b54       .idata$6                   100b0b54     vgui:vgui.dll
 0002:00033b5e       .idata$6                   100b0b5e     wsock32:WSOCK32.dll
 0002:00033f6e       .idata$6                   100b0f6e     opengl32:OPENGL32.dll
 0002:00033fc2       .idata$6                   100b0fc2     user32:USER32.dll
 0002:00033ff4       .idata$6                   100b0ff4     kernel32:KERNEL32.dll
 0003:00000010       _errtable                  100b2010     LIBCMT:dosmap.obj
 0003:00000178       _ErrnoNoMem                100b2178     LIBCMT:dosmap.obj
 0003:0000017c       _DoserrorNoMem             100b217c     LIBCMT:dosmap.obj
 0003:00000190       __locktable                100b2190     LIBCMT:mlock.obj
 0003:000002b0       ?isPackaged@?1??__crtIsPackagedApp@@9@9 100b22b0     LIBCMT:winapisupp.obj
 0003:00000708       ___rgctypeflag             100b2708     LIBCMT:mbctype.obj
 0003:00000710       ___rgcode_page_info        100b2710     LIBCMT:mbctype.obj
 0003:00000810       _NAME_                     100b2810     LIBCMT:sqrt.obj
 0003:00000840       ?_names@?1??_get_fname@@9@9 100b2840     LIBCMT:fpexcept.obj
 0003:00000928       _over                      100b2928     LIBCMT:fpctrl.obj
 0003:00000934       _under                     100b2934     LIBCMT:fpctrl.obj
 0003:00000940       ?__DAZ_ENABLED@?1??__set_fpsr_sse2@@9@9 100b2940     LIBCMT:fpctrl.obj
 0003:00000e50       __ctype_loc_style          100b2e50     LIBCMT:wsetloca.obj
 0003:00000f80       _DoubleFormat              100b2f80     LIBCMT:intrncvt.obj
 0003:00000f98       _FloatFormat               100b2f98     LIBCMT:intrncvt.obj
 0003:00001318       _DEATHNOTICE_DISPLAY_TIME  100b3318     death.obj
 0003:00001344       _newmouseparms             100b3344     inputw32.obj
 0003:00001350       ?current_table@?4??PM_CheckWater@@9@9 100b3350     pm_shared.obj
 0003:0000a340       _g_VoiceStatusHelper       100bc340     hud.obj
 0003:0000a750       _player                    100bc750     hl_weapons.obj
 0003:0000b580       ?modelmap@?1??V_FindViewModelByWeaponModel@@YAHH@Z@4PAY01PADA 100bd580     view.obj
 0003:0000b610       _NAME_                     100bd610     LIBCMT:acos.obj
 0003:0000b620       _NAME_                     100bd620     LIBCMT:asin.obj
 0003:0000b630       _NAME_                     100bd630     LIBCMT:atan.obj
 0003:0000b640       _NAME_                     100bd640     LIBCMT:cos.obj
 0003:0000b658       POW_name                   100bd658     LIBCMT:pow.obj
 0003:0000b660       _NAME_                     100bd660     LIBCMT:sin.obj
 0003:0000b670       _NAME_                     100bd670     LIBCMT:tan.obj
 0003:0000cc18       _GS_ExceptionRecord        100bec18     LIBCMT:gs_report.obj
 0003:0000cc68       _GS_ContextRecord          100bec68     LIBCMT:gs_report.obj
 0003:0000cf34       _DebuggerWasPresent        100bef34     LIBCMT:gs_report.obj
 0003:0000cf38       ___proc_attached           100bef38     LIBCMT:dllcrt0.obj
 0003:0000cf4c       ___type_info_root_node     100bef4c     LIBCMT:typname.obj
 0003:0000cf58       _lclcritsects              100bef58     LIBCMT:mlock.obj
 0003:0000d0b0       ?outmsg@?9??_NMSG_WRITE@@9@9 100bf0b0     LIBCMT:crt0msg.obj
 0003:0000d6e4       _ctrlc_action              100bf6e4     LIBCMT:winsig.obj
 0003:0000d6e8       _ctrlbreak_action          100bf6e8     LIBCMT:winsig.obj
 0003:0000d6ec       _abort_action              100bf6ec     LIBCMT:winsig.obj
 0003:0000d6f0       _term_action               100bf6f0     LIBCMT:winsig.obj
 0003:0000d6f4       _ConsoleCtrlHandler_Installed 100bf6f4     LIBCMT:winsig.obj
 0003:0000d6f8       _g_pfnRtlGenRandom         100bf6f8     LIBCMT:rand_s.obj
 0003:0000d714       _fSystemSet                100bf714     LIBCMT:mbctype.obj
 0003:0000d840       ?_pgmname@?1??_setargv@@9@9 100bf840     LIBCMT:stdargv.obj
 0003:0000d948       ___enable_percent_n        100bf948     LIBCMT:printf.obj
 0003:0000d94c       ___crtCallProc             100bf94c     LIBCMT:winapinls.obj
 0003:0000d978       _heap                      100bf978     LIBCMT:undname.obj
 0003:0000d990       ?pfnMessageBox@?1??__crtMessageBoxW@@9@9 100bf990     LIBCMT:crtmboxw.obj
 0003:0000d994       ?pfnGetActiveWindow@?1??__crtMessageBoxW@@9@9 100bf994     LIBCMT:crtmboxw.obj
 0003:0000d998       ?pfnGetLastActivePopup@?1??__crtMessageBoxW@@9@9 100bf998     LIBCMT:crtmboxw.obj
 0003:0000d99c       ?pfnGetProcessWindowStation@?1??__crtMessageBoxW@@9@9 100bf99c     LIBCMT:crtmboxw.obj
 0003:0000d9a0       ?pfnGetUserObjectInformation@?1??__crtMessageBoxW@@9@9 100bf9a0     LIBCMT:crtmboxw.obj
 0003:0000d9b8       _allocator_arg             100bf9b8     libcpmt:syserror.obj
 0003:0000d9b9       _piecewise_construct       100bf9b9     libcpmt:syserror.obj
 0003:0000d9ba       __Tuple_alloc              100bf9ba     libcpmt:xthrow.obj
 0003:0000d9bb       _ignore                    100bf9bb     libcpmt:xthrow.obj
 0003:0000d9bc       _allocator_arg             100bf9bc     libcpmt:xthrow.obj
 0003:0000d9bd       _piecewise_construct       100bf9bd     libcpmt:xthrow.obj
 0003:0001059c       _glSeed                    100c259c     com_weapons.obj
 0003:00d30a84       _g_pServers                10de2a84     hud_servers.obj
 0003:00d31580       _gcTextures                10de3580     pm_shared.obj
 0003:00d31588       ?bTextureTypeInit@?1??PM_InitTextureTypes@@9@9 10de3588     pm_shared.obj
 0003:00d3158c       ?iSkipStep@?1??PM_PlayStepSound@@9@9 10de358c     pm_shared.obj
 0003:00d31590       _pm_shared_initialized     10de3590     pm_shared.obj
 0003:00d31594       _Y_START                   10de3594     saytext.obj
 0003:00d31598       _line_height               10de3598     saytext.obj
 0003:00d3159c       _flScrollTime              10de359c     saytext.obj
 0003:00d3358c       _num_ents                  10de558c     hl_weapons.obj
 0003:00d33594       _g_pInternalVoiceStatus    10de5594     voice_status.obj
 0003:00d3364c       __Tuple_alloc              10de564c     cdll_int.obj
 0003:00d3364d       _ignore                    10de564d     cdll_int.obj
 0003:00d3364e       _allocator_arg             10de564e     cdll_int.obj
 0003:00d3364f       _piecewise_construct       10de564f     cdll_int.obj
 0003:00d352a8       __Tuple_alloc              10de72a8     entity.obj
 0003:00d352a9       _ignore                    10de72a9     entity.obj
 0003:00d352aa       _allocator_arg             10de72aa     entity.obj
 0003:00d352ab       _piecewise_construct       10de72ab     entity.obj
 0003:00d352ac       __Tuple_alloc              10de72ac     GameStudioModelRenderer.obj
 0003:00d352ad       _ignore                    10de72ad     GameStudioModelRenderer.obj
 0003:00d352ae       _allocator_arg             10de72ae     GameStudioModelRenderer.obj
 0003:00d352af       _piecewise_construct       10de72af     GameStudioModelRenderer.obj
 0003:00d35318       __Tuple_alloc              10de7318     hud.obj
 0003:00d35319       _ignore                    10de7319     hud.obj
 0003:00d3531a       _allocator_arg             10de731a     hud.obj
 0003:00d3531b       _piecewise_construct       10de731b     hud.obj
 0003:00d3531c       __Tuple_alloc              10de731c     hud_msg.obj
 0003:00d3531d       _ignore                    10de731d     hud_msg.obj
 0003:00d3531e       _allocator_arg             10de731e     hud_msg.obj
 0003:00d3531f       _piecewise_construct       10de731f     hud_msg.obj
 0003:0516d208       __Tuple_alloc              1521f208     tri.obj
 0003:0516d209       _ignore                    1521f209     tri.obj
 0003:0516d20a       _allocator_arg             1521f20a     tri.obj
 0003:0516d20b       _piecewise_construct       1521f20b     tri.obj
 0003:0516d20c       __Tuple_alloc              1521f20c     view.obj
 0003:0516d20d       _ignore                    1521f20d     view.obj
 0003:0516d20e       _allocator_arg             1521f20e     view.obj
 0003:0516d20f       _piecewise_construct       1521f20f     view.obj
 0003:0516d258       __Tuple_alloc              1521f258     ev_hldm.obj
 0003:0516d259       _ignore                    1521f259     ev_hldm.obj
 0003:0516d25a       _allocator_arg             1521f25a     ev_hldm.obj
 0003:0516d25b       _piecewise_construct       1521f25b     ev_hldm.obj
 0003:0516d268       _ev                        1521f268     hl_weapons.obj
 0003:051726e8       _Globals                   152246e8     hl_weapons.obj
 0003:05172794       __Tuple_alloc              15224794     bsprenderer.obj
 0003:05172795       _ignore                    15224795     bsprenderer.obj
 0003:05172796       _allocator_arg             15224796     bsprenderer.obj
 0003:05172797       _piecewise_construct       15224797     bsprenderer.obj
 0003:05172798       __Tuple_alloc              15224798     frustum.obj
 0003:05172799       _ignore                    15224799     frustum.obj
 0003:0517279a       _allocator_arg             1522479a     frustum.obj
 0003:0517279b       _piecewise_construct       1522479b     frustum.obj
 0003:0517279c       __Tuple_alloc              1522479c     mirrormanager.obj
 0003:0517279d       _ignore                    1522479d     mirrormanager.obj
 0003:0517279e       _allocator_arg             1522479e     mirrormanager.obj
 0003:0517279f       _piecewise_construct       1522479f     mirrormanager.obj
 0003:0518b810       __Tuple_alloc              1523d810     particle_engine.obj
 0003:0518b811       _ignore                    1523d811     particle_engine.obj
 0003:0518b812       _allocator_arg             1523d812     particle_engine.obj
 0003:0518b813       _piecewise_construct       1523d813     particle_engine.obj
 0003:0518b814       __Tuple_alloc              1523d814     propmanager.obj
 0003:0518b815       _ignore                    1523d815     propmanager.obj
 0003:0518b816       _allocator_arg             1523d816     propmanager.obj
 0003:0518b817       _piecewise_construct       1523d817     propmanager.obj
 0003:0518b818       __Tuple_alloc              1523d818     rendererdefs.obj
 0003:0518b819       _ignore                    1523d819     rendererdefs.obj
 0003:0518b81a       _allocator_arg             1523d81a     rendererdefs.obj
 0003:0518b81b       _piecewise_construct       1523d81b     rendererdefs.obj
 0003:0518b81c       __Tuple_alloc              1523d81c     StudioModelRenderer.obj
 0003:0518b81d       _ignore                    1523d81d     StudioModelRenderer.obj
 0003:0518b81e       _allocator_arg             1523d81e     StudioModelRenderer.obj
 0003:0518b81f       _piecewise_construct       1523d81f     StudioModelRenderer.obj
 0003:0518b820       __Tuple_alloc              1523d820     textureloader.obj
 0003:0518b821       _ignore                    1523d821     textureloader.obj
 0003:0518b822       _allocator_arg             1523d822     textureloader.obj
 0003:0518b823       _piecewise_construct       1523d823     textureloader.obj
 0003:0518b824       _g_currentanim             1523d824     com_weapons.obj
 0003:0518b828       _context_id                1523d828     hud_servers.obj
 0003:0518b82c       _mouseparmsvalid           1523d82c     inputw32.obj
 0003:0518b830       _g_fieldname               1523d830     hud_servers.obj
 0003:0518b930       _cam_pitchdown             1523d930     in_camera.obj
 0003:0518b93c       _cam_yawleft               1523d93c     in_camera.obj
 0003:0518b948       _cam_in                    1523d948     in_camera.obj
 0003:0518b954       _cam_out                   1523d954     in_camera.obj
 0003:0518b960       _cam_yawright              1523d960     in_camera.obj
 0003:0518b96c       _cam_pitchup               1523d96c     in_camera.obj
 0003:0518b978       _restore_spi               1523d978     inputw32.obj
 0003:0518b97c       _originalmouseparms        1523d97c     inputw32.obj
 0003:0518b988       _ji                        1523d988     inputw32.obj
 0003:0518b9bc       _mouseactive               1523d9bc     inputw32.obj
 0003:0518b9c0       _giSize                    1523d9c0     parsemsg.obj
 0003:0518b9c4       _giBadRead                 1523d9c4     parsemsg.obj
 0003:0518b9c8       _gpBuf                     1523d9c8     parsemsg.obj
 0003:0518b9cc       _giRead                    1523d9cc     parsemsg.obj
 0003:0518b9d0       ?rgStuckCheckTime@?1??PM_CheckStuck@@9@9 1523d9d0     pm_shared.obj
 0003:0518bad0       _rgStuckLast               1523dad0     pm_shared.obj
 0003:0518bbd0       _rgv3tStuckTable           1523dbd0     pm_shared.obj
 0003:0518be58       _pd                        1523de58     view.obj
 0003:0518be70       _grgchTextureType          1523de70     pm_shared.obj
 0003:0518c070       _grgszTextureName          1523e070     pm_shared.obj
 0003:0518da70       _g_pflNameColors           1523fa70     saytext.obj
 0003:0518daa0       _g_iNameLengths            1523faa0     saytext.obj
 0003:0518dac0       _g_szLineBuffer            1523fac0     saytext.obj
 0003:0518e0d0       _tracerCount               152400d0     ev_hldm.obj
 0003:0518e160       _g_pWpns                   15240160     hl_weapons.obj
 0003:0518e1ec       ?gTempEntFrame@?1??HUD_TempEntUpdate@@9@4HA 152401ec     entity.obj
 0003:0518e1f0       ?m_flShotTime@?1??Redraw@CHud@@QAEHMH@Z@4HA 152401f0     hud_redraw.obj
 0003:0518e1f4       ?lastWeaponModelIndex@?1??V_CalcSpectatorRefdef@@YAXPAUref_params_s@@@Z@4HA 152401f4     view.obj
 0003:0518e1f8       ?lastViewModelIndex@?1??V_CalcSpectatorRefdef@@YAXPAUref_params_s@@@Z@4HA 152401f8     view.obj
 0003:0518e1fc       ?oldz@?1??V_CalcNormalRefdef@@YAXPAUref_params_s@@@Z@4MA 152401fc     view.obj
 0003:0518e200       ?initialized@?1??HUD_InitClientWeapons@@YAXXZ@4HA 15240200     hl_weapons.obj
 0003:0518e204       ?lasttime@?1??DecayLights@CBSPRenderer@@QAEXXZ@4MA 15240204     bsprenderer.obj
 0003:0518e208       ?add@?1??SetupFlashlight@@YAXVVector@@0MM@Z@4MA 15240208     rendererdefs.obj
 0003:0518e20c       ?nullrc@?6??MsgFunc_HideWeapon@CHudAmmo@@QAEHPBDHPAX@Z@4Urect_s@@A 1524020c     ammo.obj
 0003:0518e21c       ?nullrc@?1??MsgFunc_CurWeapon@CHudAmmo@@QAEHPBDHPAX@Z@4Urect_s@@A 1524021c     ammo.obj
 0003:0518e23c       ?$S30@?1??CL_CreateMove@@9@4IA 1524023c     input.obj
 0003:0518e240       ?oldangles@?1??CL_CreateMove@@9@4VVector@@A 15240240     input.obj
 0003:0518e250       ?string@?1??READ_STRING@@YAPADXZ@4PADA 15240250     parsemsg.obj
 0003:0518ea50       ?buf@?BE@??Draw@CHudSayText@@UAEHM@Z@4PADA 15240a50     saytext.obj
 0003:0518ea90       ?dst_buffer@?1??BufferedLocaliseTextString@CHudTextMessage@@SAPADPBD@Z@4PADA 15240a90     text_message.obj
 0003:0518ee90       ?word_buf@?6??LocaliseTextString@CHudTextMessage@@SAPADPBDPADH@Z@4PADA 15240e90     text_message.obj
 0003:0518ef90       ?szBuf@?1??MsgFunc_TextMsg@CHudTextMessage@@QAEHPBDHPAX@Z@4PAY0IA@DA 15240f90     text_message.obj
 0003:0518f290       ?gd@?1??GetTGANameForRes@@YAPADPBD@Z@4PADA 15241290     vgui_CustomObjects.obj
 0003:0518f390       ?$S14@?1???0CSchemeManager@@QAE@HH@Z@4IA 15241390     vgui_SchemeManager.obj
 0003:0518f3a0       ?tmpSchemes@?1???0CSchemeManager@@QAE@HH@Z@4PAVCScheme@1@A 152413a0     vgui_SchemeManager.obj
 0003:051912a0       ?bob@?1??V_CalcBob@@YAMPAUref_params_s@@@Z@4MA 152432a0     view.obj
 0003:051912a4       ?$S14@?1??V_CalcSpectatorRefdef@@YAXPAUref_params_s@@@Z@4IA 152432a4     view.obj
 0003:051912a8       ?bobtime@?1??V_CalcBob@@YAMPAUref_params_s@@@Z@4NA 152432a8     view.obj
 0003:051912b0       ?lastorg@?FE@??V_CalcNormalRefdef@@YAXPAUref_params_s@@@Z@4PAMA 152432b0     view.obj
 0003:051912bc       ?lasttime@?1??V_CalcNormalRefdef@@YAXPAUref_params_s@@@Z@4MA 152432bc     view.obj
 0003:051912c0       ?lasttime@?1??V_CalcBob@@YAMPAUref_params_s@@@Z@4MA 152432c0     view.obj
 0003:051912d0       ?ViewInterp@?1??V_CalcNormalRefdef@@YAXPAUref_params_s@@@Z@4Uviewinterp_t@@A 152432d0     view.obj
 0003:05191ad8       ?velocity@?1??V_CalcSpectatorRefdef@@YAXPAUref_params_s@@@Z@4VVector@@A 15243ad8     view.obj
 0003:05191ae4       ?decalname@?3??EV_HLDM_HDDecal@@YAPADPAUpmtrace_s@@PAUphysent_s@@PAM2@Z@4PADA 15243ae4     ev_hldm.obj
 0003:05191b08       ?string@?1??AlertMessage@@YAXW4ALERT_TYPE@@PADZZ@4PADA 15243b08     hl_weapons.obj
 0003:05191f08       ?lasthealth@?1??HUD_WeaponsPostThink@@YAXPAUlocal_state_s@@0PAUusercmd_s@@NI@Z@4HA 15243f08     hl_weapons.obj
 0003:05191f10       ?projection@?1??DrawSky@CBSPRenderer@@QAEXXZ@4PAMA 15243f10     bsprenderer.obj
 0003:05191f50       ?decompressed@?1??Mod_DecompressVis@@YAPAEPAEPAUmodel_s@@@Z@4PAEA 15243f50     rendererdefs.obj
 0003:05193f50       ?flLastTime@?3??HUD_PrintSpeeds@@YAXXZ@4MA 15245f50     rendererdefs.obj
 0003:05193f58       ?vBounds@?1??StudioCheckBBox@CStudioModelRenderer@@UAEHXZ@4PAVVector@@A 15245f58     StudioModelRenderer.obj
 0003:05193fc0       ?pos@?1??StudioMergeBones@CStudioModelRenderer@@UAEXPAUmodel_s@@@Z@4PAY02MA 15245fc0     StudioModelRenderer.obj
 0003:051945c0       ?q@?1??StudioSetupBones@CStudioModelRenderer@@UAEXXZ@4PAY03MA 152465c0     StudioModelRenderer.obj
 0003:05194dc0       ?$S14@?1??StudioCheckBBox@CStudioModelRenderer@@UAEHXZ@4IA 15246dc0     StudioModelRenderer.obj
 0003:05194dd0       ?pos2@?1??StudioSetupBones@CStudioModelRenderer@@UAEXXZ@4PAY02MA 15246dd0     StudioModelRenderer.obj
 0003:051953d0       ?pos@?1??StudioSetupBones@CStudioModelRenderer@@UAEXXZ@4PAY02MA 152473d0     StudioModelRenderer.obj
 0003:051959d0       ?q1b@?BB@??StudioSetupBones@CStudioModelRenderer@@UAEXXZ@4PAY03MA 152479d0     StudioModelRenderer.obj
 0003:051961d0       ?pos1b@?BB@??StudioSetupBones@CStudioModelRenderer@@UAEXXZ@4PAY02MA 152481d0     StudioModelRenderer.obj
 0003:051967d0       ?q@?1??StudioMergeBones@CStudioModelRenderer@@UAEXPAUmodel_s@@@Z@4PAY03MA 152487d0     StudioModelRenderer.obj
 0003:05196fd0       ?q2@?1??StudioSetupBones@CStudioModelRenderer@@UAEXXZ@4PAY03MA 15248fd0     StudioModelRenderer.obj
 0003:051977d0       ?q3@?1??StudioSetupBones@CStudioModelRenderer@@UAEXXZ@4PAY03MA 152497d0     StudioModelRenderer.obj
 0003:05197fd0       ?q4@?1??StudioSetupBones@CStudioModelRenderer@@UAEXXZ@4PAY03MA 15249fd0     StudioModelRenderer.obj
 0003:051987d0       ?pos4@?1??StudioSetupBones@CStudioModelRenderer@@UAEXXZ@4PAY02MA 1524a7d0     StudioModelRenderer.obj
 0003:05198dd0       ?pos3@?1??StudioSetupBones@CStudioModelRenderer@@UAEXXZ@4PAY02MA 1524add0     StudioModelRenderer.obj
 0003:051993d0       __pmatherr_set             1524b3d0     LIBCMT:libm_error.obj
 0004:00000060       $R000000                   1524d060     * linker generated manifest res *
