c:\users\joaoe\onedrive\desktop\akkoxmind\codesrc\dlls\debughl\vc120.pdb
c:\users\joaoe\onedrive\desktop\akkoxmind\codesrc\dlls\debughl\vc120.idb
c:\users\joaoe\onedrive\desktop\akkoxmind\codesrc\dlls\debughl\skill.obj
c:\users\joaoe\onedrive\desktop\akkoxmind\codesrc\dlls\debughl\sound.obj
c:\users\joaoe\onedrive\desktop\akkoxmind\codesrc\dlls\debughl\soundent.obj
c:\users\joaoe\onedrive\desktop\akkoxmind\codesrc\dlls\debughl\spectator.obj
c:\users\joaoe\onedrive\desktop\akkoxmind\codesrc\dlls\debughl\squadmonster.obj
c:\users\joaoe\onedrive\desktop\akkoxmind\codesrc\dlls\debughl\squeakgrenade.obj
c:\users\joaoe\onedrive\desktop\akkoxmind\codesrc\dlls\debughl\subs.obj
c:\users\joaoe\onedrive\desktop\akkoxmind\codesrc\dlls\debughl\talkmonster.obj
c:\users\joaoe\onedrive\desktop\akkoxmind\codesrc\dlls\debughl\teamplay_gamerules.obj
c:\users\joaoe\onedrive\desktop\akkoxmind\codesrc\dlls\debughl\tempmonster.obj
c:\users\joaoe\onedrive\desktop\akkoxmind\codesrc\dlls\debughl\tentacle.obj
c:\users\joaoe\onedrive\desktop\akkoxmind\codesrc\dlls\debughl\triggers.obj
c:\users\joaoe\onedrive\desktop\akkoxmind\codesrc\dlls\debughl\tripmine.obj
c:\users\joaoe\onedrive\desktop\akkoxmind\codesrc\dlls\debughl\turret.obj
c:\users\joaoe\onedrive\desktop\akkoxmind\codesrc\dlls\debughl\util.obj
c:\users\joaoe\onedrive\desktop\akkoxmind\codesrc\dlls\debughl\voice_gamemgr.obj
c:\users\joaoe\onedrive\desktop\akkoxmind\codesrc\dlls\debughl\weapons.obj
c:\users\joaoe\onedrive\desktop\akkoxmind\codesrc\dlls\debughl\world.obj
c:\users\joaoe\onedrive\desktop\akkoxmind\codesrc\dlls\debughl\xen.obj
c:\users\joaoe\onedrive\desktop\akkoxmind\codesrc\dlls\debughl\zombie.obj
c:\users\joaoe\onedrive\desktop\akkoxmind\codesrc\dlls\debughl\mortar.obj
c:\users\joaoe\onedrive\desktop\akkoxmind\codesrc\dlls\debughl\mp5.obj
c:\users\joaoe\onedrive\desktop\akkoxmind\codesrc\dlls\debughl\multiplay_gamerules.obj
c:\users\joaoe\onedrive\desktop\akkoxmind\codesrc\dlls\debughl\nihilanth.obj
c:\users\joaoe\onedrive\desktop\akkoxmind\codesrc\dlls\debughl\nodes.obj
c:\users\joaoe\onedrive\desktop\akkoxmind\codesrc\dlls\debughl\osprey.obj
c:\users\joaoe\onedrive\desktop\akkoxmind\codesrc\dlls\debughl\pathcorner.obj
c:\users\joaoe\onedrive\desktop\akkoxmind\codesrc\dlls\debughl\plane.obj
c:\users\joaoe\onedrive\desktop\akkoxmind\codesrc\dlls\debughl\plats.obj
c:\users\joaoe\onedrive\desktop\akkoxmind\codesrc\dlls\debughl\player.obj
c:\users\joaoe\onedrive\desktop\akkoxmind\codesrc\dlls\debughl\python.obj
c:\users\joaoe\onedrive\desktop\akkoxmind\codesrc\dlls\debughl\rat.obj
c:\users\joaoe\onedrive\desktop\akkoxmind\codesrc\dlls\debughl\roach.obj
c:\users\joaoe\onedrive\desktop\akkoxmind\codesrc\dlls\debughl\rpg.obj
c:\users\joaoe\onedrive\desktop\akkoxmind\codesrc\dlls\debughl\satchel.obj
c:\users\joaoe\onedrive\desktop\akkoxmind\codesrc\dlls\debughl\schedule.obj
c:\users\joaoe\onedrive\desktop\akkoxmind\codesrc\dlls\debughl\scientist.obj
c:\users\joaoe\onedrive\desktop\akkoxmind\codesrc\dlls\debughl\scripted.obj
c:\users\joaoe\onedrive\desktop\akkoxmind\codesrc\dlls\debughl\shotgun.obj
c:\users\joaoe\onedrive\desktop\akkoxmind\codesrc\dlls\debughl\singleplay_gamerules.obj
c:\users\joaoe\onedrive\desktop\akkoxmind\codesrc\dlls\debughl\h_cycler.obj
c:\users\joaoe\onedrive\desktop\akkoxmind\codesrc\dlls\debughl\h_export.obj
c:\users\joaoe\onedrive\desktop\akkoxmind\codesrc\dlls\debughl\handgrenade.obj
c:\users\joaoe\onedrive\desktop\akkoxmind\codesrc\dlls\debughl\hassassin.obj
c:\users\joaoe\onedrive\desktop\akkoxmind\codesrc\dlls\debughl\headcrab.obj
c:\users\joaoe\onedrive\desktop\akkoxmind\codesrc\dlls\debughl\healthkit.obj
c:\users\joaoe\onedrive\desktop\akkoxmind\codesrc\dlls\debughl\hgrunt.obj
c:\users\joaoe\onedrive\desktop\akkoxmind\codesrc\dlls\debughl\hl_wpn_glock.obj
c:\users\joaoe\onedrive\desktop\akkoxmind\codesrc\dlls\debughl\hornet.obj
c:\users\joaoe\onedrive\desktop\akkoxmind\codesrc\dlls\debughl\hornetgun.obj
c:\users\joaoe\onedrive\desktop\akkoxmind\codesrc\dlls\debughl\houndeye.obj
c:\users\joaoe\onedrive\desktop\akkoxmind\codesrc\dlls\debughl\ichthyosaur.obj
c:\users\joaoe\onedrive\desktop\akkoxmind\codesrc\dlls\debughl\islave.obj
c:\users\joaoe\onedrive\desktop\akkoxmind\codesrc\dlls\debughl\items.obj
c:\users\joaoe\onedrive\desktop\akkoxmind\codesrc\dlls\debughl\leech.obj
c:\users\joaoe\onedrive\desktop\akkoxmind\codesrc\dlls\debughl\lights.obj
c:\users\joaoe\onedrive\desktop\akkoxmind\codesrc\dlls\debughl\maprules.obj
c:\users\joaoe\onedrive\desktop\akkoxmind\codesrc\dlls\debughl\monstermaker.obj
c:\users\joaoe\onedrive\desktop\akkoxmind\codesrc\dlls\debughl\monsters.obj
c:\users\joaoe\onedrive\desktop\akkoxmind\codesrc\dlls\debughl\monsterstate.obj
c:\users\joaoe\onedrive\desktop\akkoxmind\codesrc\dlls\debughl\crowbar.obj
c:\users\joaoe\onedrive\desktop\akkoxmind\codesrc\dlls\debughl\defaultai.obj
c:\users\joaoe\onedrive\desktop\akkoxmind\codesrc\dlls\debughl\doors.obj
c:\users\joaoe\onedrive\desktop\akkoxmind\codesrc\dlls\debughl\effects.obj
c:\users\joaoe\onedrive\desktop\akkoxmind\codesrc\dlls\debughl\egon.obj
c:\users\joaoe\onedrive\desktop\akkoxmind\codesrc\dlls\debughl\explode.obj
c:\users\joaoe\onedrive\desktop\akkoxmind\codesrc\dlls\debughl\flyingmonster.obj
c:\users\joaoe\onedrive\desktop\akkoxmind\codesrc\dlls\debughl\func_break.obj
c:\users\joaoe\onedrive\desktop\akkoxmind\codesrc\dlls\debughl\func_tank.obj
c:\users\joaoe\onedrive\desktop\akkoxmind\codesrc\dlls\debughl\game.obj
c:\users\joaoe\onedrive\desktop\akkoxmind\codesrc\dlls\debughl\gamerules.obj
c:\users\joaoe\onedrive\desktop\akkoxmind\codesrc\dlls\debughl\gargantua.obj
c:\users\joaoe\onedrive\desktop\akkoxmind\codesrc\dlls\debughl\gauss.obj
c:\users\joaoe\onedrive\desktop\akkoxmind\codesrc\dlls\debughl\genericmonster.obj
c:\users\joaoe\onedrive\desktop\akkoxmind\codesrc\dlls\debughl\ggrenade.obj
c:\users\joaoe\onedrive\desktop\akkoxmind\codesrc\dlls\debughl\globals.obj
c:\users\joaoe\onedrive\desktop\akkoxmind\codesrc\dlls\debughl\gman.obj
c:\users\joaoe\onedrive\desktop\akkoxmind\codesrc\dlls\debughl\h_ai.obj
c:\users\joaoe\onedrive\desktop\akkoxmind\codesrc\dlls\debughl\h_battery.obj
c:\users\joaoe\onedrive\desktop\akkoxmind\codesrc\dlls\debughl\h_cine.obj
c:\users\joaoe\onedrive\desktop\akkoxmind\codesrc\dlls\debughl\aflock.obj
c:\users\joaoe\onedrive\desktop\akkoxmind\codesrc\dlls\debughl\agrunt.obj
c:\users\joaoe\onedrive\desktop\akkoxmind\codesrc\dlls\debughl\airtank.obj
c:\users\joaoe\onedrive\desktop\akkoxmind\codesrc\dlls\debughl\animating.obj
c:\users\joaoe\onedrive\desktop\akkoxmind\codesrc\dlls\debughl\animation.obj
c:\users\joaoe\onedrive\desktop\akkoxmind\codesrc\dlls\debughl\apache.obj
c:\users\joaoe\onedrive\desktop\akkoxmind\codesrc\dlls\debughl\barnacle.obj
c:\users\joaoe\onedrive\desktop\akkoxmind\codesrc\dlls\debughl\barney.obj
c:\users\joaoe\onedrive\desktop\akkoxmind\codesrc\dlls\debughl\bigmomma.obj
c:\users\joaoe\onedrive\desktop\akkoxmind\codesrc\dlls\debughl\bloater.obj
c:\users\joaoe\onedrive\desktop\akkoxmind\codesrc\dlls\debughl\bmodels.obj
c:\users\joaoe\onedrive\desktop\akkoxmind\codesrc\dlls\debughl\bullsquid.obj
c:\users\joaoe\onedrive\desktop\akkoxmind\codesrc\dlls\debughl\buttons.obj
c:\users\joaoe\onedrive\desktop\akkoxmind\codesrc\dlls\debughl\cameraw.obj
c:\users\joaoe\onedrive\desktop\akkoxmind\codesrc\dlls\debughl\cbase.obj
c:\users\joaoe\onedrive\desktop\akkoxmind\codesrc\dlls\debughl\client.obj
c:\users\joaoe\onedrive\desktop\akkoxmind\codesrc\dlls\debughl\combat.obj
c:\users\joaoe\onedrive\desktop\akkoxmind\codesrc\dlls\debughl\controller.obj
c:\users\joaoe\onedrive\desktop\akkoxmind\codesrc\dlls\debughl\crossbow.obj
c:\users\joaoe\onedrive\desktop\akkoxmind\codesrc\dlls\debughl\pm_debug.obj
c:\users\joaoe\onedrive\desktop\akkoxmind\codesrc\dlls\debughl\pm_math.obj
c:\users\joaoe\onedrive\desktop\akkoxmind\codesrc\dlls\debughl\pm_shared.obj
c:\users\joaoe\onedrive\desktop\akkoxmind\codesrc\dlls\debug\hl.lib
c:\users\joaoe\onedrive\desktop\akkoxmind\codesrc\dlls\debug\hl.exp
c:\users\joaoe\onedrive\desktop\akkoxmind\codesrc\dlls\debughl\hl.ilk
c:\users\joaoe\onedrive\desktop\akkoxmind\codesrc\dlls\debughl\hl.dll
c:\users\joaoe\onedrive\desktop\akkoxmind\codesrc\dlls\debughl\hl.pdb
c:\users\joaoe\onedrive\desktop\akkoxmind\codesrc\dlls\.\debughl\hl.dll
c:\users\joaoe\onedrive\desktop\akkoxmind\codesrc\dlls\debughl\hl.tlog\cl.command.1.tlog
c:\users\joaoe\onedrive\desktop\akkoxmind\codesrc\dlls\debughl\hl.tlog\cl.read.1.tlog
c:\users\joaoe\onedrive\desktop\akkoxmind\codesrc\dlls\debughl\hl.tlog\cl.write.1.tlog
c:\users\joaoe\onedrive\desktop\akkoxmind\codesrc\dlls\debughl\hl.tlog\hl.write.1u.tlog
c:\users\joaoe\onedrive\desktop\akkoxmind\codesrc\dlls\debughl\hl.tlog\link.command.1.tlog
c:\users\joaoe\onedrive\desktop\akkoxmind\codesrc\dlls\debughl\hl.tlog\link.read.1.tlog
c:\users\joaoe\onedrive\desktop\akkoxmind\codesrc\dlls\debughl\hl.tlog\link.write.1.tlog
