  zombie.cpp
  xen.cpp
  world.cpp
  weapons.cpp
  voice_gamemgr.cpp
  util.cpp
  turret.cpp
  tripmine.cpp
  triggers.cpp
  tentacle.cpp
  tempmonster.cpp
  teamplay_gamerules.cpp
  talkmonster.cpp
  subs.cpp
  squeakgrenade.cpp
  squadmonster.cpp
  spectator.cpp
  soundent.cpp
  sound.cpp
  skill.cpp
  Generating Code...
  Compiling...
  singleplay_gamerules.cpp
  shotgun.cpp
  scripted.cpp
  scientist.cpp
  schedule.cpp
  satchel.cpp
  rpg.cpp
  roach.cpp
  rat.cpp
  python.cpp
  player.cpp
  plats.cpp
  plane.cpp
  pathcorner.cpp
  osprey.cpp
  nodes.cpp
  nihilanth.cpp
  multiplay_gamerules.cpp
  mp5.cpp
  mortar.cpp
  Generating Code...
  Compiling...
  monsterstate.cpp
  monsters.cpp
  monstermaker.cpp
  maprules.cpp
  lights.cpp
  leech.cpp
  items.cpp
  islave.cpp
  ichthyosaur.cpp
  houndeye.cpp
  hornetgun.cpp
  hornet.cpp
  hl_wpn_glock.cpp
  hgrunt.cpp
  healthkit.cpp
  headcrab.cpp
  hassassin.cpp
  handgrenade.cpp
  h_export.cpp
  h_cycler.cpp
  Generating Code...
  Compiling...
  h_cine.cpp
  h_battery.cpp
  h_ai.cpp
  gman.cpp
  globals.cpp
  ggrenade.cpp
  genericmonster.cpp
  gauss.cpp
  gargantua.cpp
  gamerules.cpp
  game.cpp
  func_tank.cpp
  func_break.cpp
  flyingmonster.cpp
  explode.cpp
  egon.cpp
  effects.cpp
  doors.cpp
  defaultai.cpp
  crowbar.cpp
  Generating Code...
  Compiling...
  crossbow.cpp
  controller.cpp
  combat.cpp
  client.cpp
  cbase.cpp
  cameraw.cpp
  buttons.cpp
  bullsquid.cpp
  bmodels.cpp
  bloater.cpp
  bigmomma.cpp
  barney.cpp
  barnacle.cpp
  apache.cpp
  animation.cpp
  animating.cpp
  airtank.cpp
  agrunt.cpp
  aflock.cpp
  Generating Code...
  pm_shared.c
  pm_math.c
  pm_debug.c
  Generating Code...
aflock.obj : warning LNK4075: ignoring '/EDITANDCONTINUE' due to '/SAFESEH' specification
     Creating library .\Debug\hl.lib and object .\Debug\hl.exp
  hl.vcxproj -> C:\Users\pc gamer\Desktop\Complex\AkkoXMind\codesrc\dlls\.\debughl\hl.dll
          1 arquivo(s) copiado(s).
