cl : Command line warning D9028: minimal rebuild failure, reverting to normal build
  cameraw.cpp
  ammo.cpp
  ammo_secondary.cpp
  ammohistory.cpp
  battery.cpp
  cdll_int.cpp
  com_weapons.cpp
  death.cpp
  demo.cpp
  entity.cpp
  environment.cpp
  ev_common.cpp
  events.cpp
  flashlight.cpp
  GameStudioModelRenderer.cpp
  geiger.cpp
  health.cpp
  hud.cpp
  hud_msg.cpp
  hud_redraw.cpp
  Generating Code...
  Compiling...
  hud_servers.cpp
  hud_spectator.cpp
  hud_update.cpp
  in_camera.cpp
  input.cpp
  inputw32.cpp
  menu.cpp
  message.cpp
  parsemsg.cpp
  saytext.cpp
  status_icons.cpp
  statusbar.cpp
  studio_util.cpp
  text_message.cpp
  train.cpp
  tri.cpp
  util.cpp
  vgui_checkbutton2.cpp
  vgui_ClassMenu.cpp
  vgui_ConsolePanel.cpp
  Generating Code...
  Compiling...
  vgui_ControlConfigPanel.cpp
  vgui_CustomObjects.cpp
  vgui_grid.cpp
  vgui_helpers.cpp
  vgui_int.cpp
  vgui_listbox.cpp
  vgui_loadtga.cpp
  vgui_MOTDWindow.cpp
  vgui_SchemeManager.cpp
  vgui_ScorePanel.cpp
  vgui_ServerBrowser.cpp
  vgui_SpectatorPanel.cpp
  vgui_TeamFortressViewport.cpp
  vgui_teammenu.cpp
  view.cpp
  crossbow.cpp
  crowbar.cpp
  egon.cpp
  ev_hldm.cpp
  gauss.cpp
  Generating Code...
  Compiling...
  handgrenade.cpp
  hl_baseentity.cpp
  hl_events.cpp
  hl_objects.cpp
  hl_weapons.cpp
  hl_wpn_glock.cpp
  hornetgun.cpp
  interface.cpp
  mp5.cpp
  python.cpp
  rpg.cpp
  satchel.cpp
  shotgun.cpp
  squeakgrenade.cpp
  tripmine.cpp
  vgui_scrollbar2.cpp
  vgui_slider2.cpp
  voice_banmgr.cpp
  voice_status.cpp
  bsprenderer.cpp
  Generating Code...
  Compiling...
  frustum.cpp
  mirrormanager.cpp
  particle_engine.cpp
  propmanager.cpp
  rendererdefs.cpp
  StudioModelRenderer.cpp
  textureloader.cpp
  watershader.cpp
  Generating Code...
  pm_shared.c
  pm_math.c
  pm_debug.c
  Generating Code...
cameraw.obj : warning LNK4075: ignoring '/EDITANDCONTINUE' due to '/SAFESEH' specification
     Creating library .\Debug/client.lib and object .\Debug/client.exp
  cl_dll.vcxproj -> C:\Users\pc gamer\Desktop\Complex\AkkoXMind\codesrc\cl_dll\.\Debug\client.dll
          1 arquivo(s) copiado(s).
