c:\users\joaoe\onedrive\desktop\akkoxmind\codesrc\cl_dll\debug\cl_dll.bsc
c:\users\joaoe\onedrive\desktop\akkoxmind\codesrc\cl_dll\debug\vc120.pdb
c:\users\joaoe\onedrive\desktop\akkoxmind\codesrc\cl_dll\debug\vc120.idb
c:\users\joaoe\onedrive\desktop\akkoxmind\codesrc\cl_dll\debug\watershader.sbr
c:\users\joaoe\onedrive\desktop\akkoxmind\codesrc\cl_dll\debug\textureloader.sbr
c:\users\joaoe\onedrive\desktop\akkoxmind\codesrc\cl_dll\debug\studiomodelrenderer.sbr
c:\users\joaoe\onedrive\desktop\akkoxmind\codesrc\cl_dll\debug\rendererdefs.sbr
c:\users\joaoe\onedrive\desktop\akkoxmind\codesrc\cl_dll\debug\propmanager.sbr
c:\users\joaoe\onedrive\desktop\akkoxmind\codesrc\cl_dll\debug\particle_engine.sbr
c:\users\joaoe\onedrive\desktop\akkoxmind\codesrc\cl_dll\debug\mirrormanager.sbr
c:\users\joaoe\onedrive\desktop\akkoxmind\codesrc\cl_dll\debug\frustum.sbr
c:\users\joaoe\onedrive\desktop\akkoxmind\codesrc\cl_dll\debug\bsprenderer.sbr
c:\users\joaoe\onedrive\desktop\akkoxmind\codesrc\cl_dll\debug\voice_status.sbr
c:\users\joaoe\onedrive\desktop\akkoxmind\codesrc\cl_dll\debug\voice_banmgr.sbr
c:\users\joaoe\onedrive\desktop\akkoxmind\codesrc\cl_dll\debug\vgui_slider2.sbr
c:\users\joaoe\onedrive\desktop\akkoxmind\codesrc\cl_dll\debug\vgui_scrollbar2.sbr
c:\users\joaoe\onedrive\desktop\akkoxmind\codesrc\cl_dll\debug\tripmine.sbr
c:\users\joaoe\onedrive\desktop\akkoxmind\codesrc\cl_dll\debug\squeakgrenade.sbr
c:\users\joaoe\onedrive\desktop\akkoxmind\codesrc\cl_dll\debug\shotgun.sbr
c:\users\joaoe\onedrive\desktop\akkoxmind\codesrc\cl_dll\debug\satchel.sbr
c:\users\joaoe\onedrive\desktop\akkoxmind\codesrc\cl_dll\debug\rpg.sbr
c:\users\joaoe\onedrive\desktop\akkoxmind\codesrc\cl_dll\debug\python.sbr
c:\users\joaoe\onedrive\desktop\akkoxmind\codesrc\cl_dll\debug\mp5.sbr
c:\users\joaoe\onedrive\desktop\akkoxmind\codesrc\cl_dll\debug\mp5.obj
c:\users\joaoe\onedrive\desktop\akkoxmind\codesrc\cl_dll\debug\python.obj
c:\users\joaoe\onedrive\desktop\akkoxmind\codesrc\cl_dll\debug\rpg.obj
c:\users\joaoe\onedrive\desktop\akkoxmind\codesrc\cl_dll\debug\satchel.obj
c:\users\joaoe\onedrive\desktop\akkoxmind\codesrc\cl_dll\debug\shotgun.obj
c:\users\joaoe\onedrive\desktop\akkoxmind\codesrc\cl_dll\debug\squeakgrenade.obj
c:\users\joaoe\onedrive\desktop\akkoxmind\codesrc\cl_dll\debug\tripmine.obj
c:\users\joaoe\onedrive\desktop\akkoxmind\codesrc\cl_dll\debug\vgui_scrollbar2.obj
c:\users\joaoe\onedrive\desktop\akkoxmind\codesrc\cl_dll\debug\vgui_slider2.obj
c:\users\joaoe\onedrive\desktop\akkoxmind\codesrc\cl_dll\debug\voice_banmgr.obj
c:\users\joaoe\onedrive\desktop\akkoxmind\codesrc\cl_dll\debug\voice_status.obj
c:\users\joaoe\onedrive\desktop\akkoxmind\codesrc\cl_dll\debug\bsprenderer.obj
c:\users\joaoe\onedrive\desktop\akkoxmind\codesrc\cl_dll\debug\frustum.obj
c:\users\joaoe\onedrive\desktop\akkoxmind\codesrc\cl_dll\debug\mirrormanager.obj
c:\users\joaoe\onedrive\desktop\akkoxmind\codesrc\cl_dll\debug\particle_engine.obj
c:\users\joaoe\onedrive\desktop\akkoxmind\codesrc\cl_dll\debug\propmanager.obj
c:\users\joaoe\onedrive\desktop\akkoxmind\codesrc\cl_dll\debug\rendererdefs.obj
c:\users\joaoe\onedrive\desktop\akkoxmind\codesrc\cl_dll\debug\studiomodelrenderer.obj
c:\users\joaoe\onedrive\desktop\akkoxmind\codesrc\cl_dll\debug\textureloader.obj
c:\users\joaoe\onedrive\desktop\akkoxmind\codesrc\cl_dll\debug\watershader.obj
c:\users\joaoe\onedrive\desktop\akkoxmind\codesrc\cl_dll\debug\interface.sbr
c:\users\joaoe\onedrive\desktop\akkoxmind\codesrc\cl_dll\debug\hornetgun.sbr
c:\users\joaoe\onedrive\desktop\akkoxmind\codesrc\cl_dll\debug\hl_wpn_glock.sbr
c:\users\joaoe\onedrive\desktop\akkoxmind\codesrc\cl_dll\debug\hl_weapons.sbr
c:\users\joaoe\onedrive\desktop\akkoxmind\codesrc\cl_dll\debug\hl_objects.sbr
c:\users\joaoe\onedrive\desktop\akkoxmind\codesrc\cl_dll\debug\hl_events.sbr
c:\users\joaoe\onedrive\desktop\akkoxmind\codesrc\cl_dll\debug\hl_baseentity.sbr
c:\users\joaoe\onedrive\desktop\akkoxmind\codesrc\cl_dll\debug\handgrenade.sbr
c:\users\joaoe\onedrive\desktop\akkoxmind\codesrc\cl_dll\debug\gauss.sbr
c:\users\joaoe\onedrive\desktop\akkoxmind\codesrc\cl_dll\debug\ev_hldm.sbr
c:\users\joaoe\onedrive\desktop\akkoxmind\codesrc\cl_dll\debug\egon.sbr
c:\users\joaoe\onedrive\desktop\akkoxmind\codesrc\cl_dll\debug\crowbar.sbr
c:\users\joaoe\onedrive\desktop\akkoxmind\codesrc\cl_dll\debug\crossbow.sbr
c:\users\joaoe\onedrive\desktop\akkoxmind\codesrc\cl_dll\debug\view.sbr
c:\users\joaoe\onedrive\desktop\akkoxmind\codesrc\cl_dll\debug\vgui_teammenu.sbr
c:\users\joaoe\onedrive\desktop\akkoxmind\codesrc\cl_dll\debug\vgui_teamfortressviewport.sbr
c:\users\joaoe\onedrive\desktop\akkoxmind\codesrc\cl_dll\debug\vgui_spectatorpanel.sbr
c:\users\joaoe\onedrive\desktop\akkoxmind\codesrc\cl_dll\debug\vgui_serverbrowser.sbr
c:\users\joaoe\onedrive\desktop\akkoxmind\codesrc\cl_dll\debug\vgui_scorepanel.sbr
c:\users\joaoe\onedrive\desktop\akkoxmind\codesrc\cl_dll\debug\vgui_schememanager.sbr
c:\users\joaoe\onedrive\desktop\akkoxmind\codesrc\cl_dll\debug\vgui_schememanager.obj
c:\users\joaoe\onedrive\desktop\akkoxmind\codesrc\cl_dll\debug\vgui_scorepanel.obj
c:\users\joaoe\onedrive\desktop\akkoxmind\codesrc\cl_dll\debug\vgui_serverbrowser.obj
c:\users\joaoe\onedrive\desktop\akkoxmind\codesrc\cl_dll\debug\vgui_spectatorpanel.obj
c:\users\joaoe\onedrive\desktop\akkoxmind\codesrc\cl_dll\debug\vgui_teamfortressviewport.obj
c:\users\joaoe\onedrive\desktop\akkoxmind\codesrc\cl_dll\debug\vgui_teammenu.obj
c:\users\joaoe\onedrive\desktop\akkoxmind\codesrc\cl_dll\debug\view.obj
c:\users\joaoe\onedrive\desktop\akkoxmind\codesrc\cl_dll\debug\crossbow.obj
c:\users\joaoe\onedrive\desktop\akkoxmind\codesrc\cl_dll\debug\crowbar.obj
c:\users\joaoe\onedrive\desktop\akkoxmind\codesrc\cl_dll\debug\egon.obj
c:\users\joaoe\onedrive\desktop\akkoxmind\codesrc\cl_dll\debug\ev_hldm.obj
c:\users\joaoe\onedrive\desktop\akkoxmind\codesrc\cl_dll\debug\gauss.obj
c:\users\joaoe\onedrive\desktop\akkoxmind\codesrc\cl_dll\debug\handgrenade.obj
c:\users\joaoe\onedrive\desktop\akkoxmind\codesrc\cl_dll\debug\hl_baseentity.obj
c:\users\joaoe\onedrive\desktop\akkoxmind\codesrc\cl_dll\debug\hl_events.obj
c:\users\joaoe\onedrive\desktop\akkoxmind\codesrc\cl_dll\debug\hl_objects.obj
c:\users\joaoe\onedrive\desktop\akkoxmind\codesrc\cl_dll\debug\hl_weapons.obj
c:\users\joaoe\onedrive\desktop\akkoxmind\codesrc\cl_dll\debug\hl_wpn_glock.obj
c:\users\joaoe\onedrive\desktop\akkoxmind\codesrc\cl_dll\debug\hornetgun.obj
c:\users\joaoe\onedrive\desktop\akkoxmind\codesrc\cl_dll\debug\interface.obj
c:\users\joaoe\onedrive\desktop\akkoxmind\codesrc\cl_dll\debug\vgui_motdwindow.sbr
c:\users\joaoe\onedrive\desktop\akkoxmind\codesrc\cl_dll\debug\vgui_loadtga.sbr
c:\users\joaoe\onedrive\desktop\akkoxmind\codesrc\cl_dll\debug\vgui_listbox.sbr
c:\users\joaoe\onedrive\desktop\akkoxmind\codesrc\cl_dll\debug\vgui_int.sbr
c:\users\joaoe\onedrive\desktop\akkoxmind\codesrc\cl_dll\debug\vgui_helpers.sbr
c:\users\joaoe\onedrive\desktop\akkoxmind\codesrc\cl_dll\debug\vgui_grid.sbr
c:\users\joaoe\onedrive\desktop\akkoxmind\codesrc\cl_dll\debug\vgui_customobjects.sbr
c:\users\joaoe\onedrive\desktop\akkoxmind\codesrc\cl_dll\debug\vgui_controlconfigpanel.sbr
c:\users\joaoe\onedrive\desktop\akkoxmind\codesrc\cl_dll\debug\vgui_consolepanel.sbr
c:\users\joaoe\onedrive\desktop\akkoxmind\codesrc\cl_dll\debug\vgui_classmenu.sbr
c:\users\joaoe\onedrive\desktop\akkoxmind\codesrc\cl_dll\debug\vgui_checkbutton2.sbr
c:\users\joaoe\onedrive\desktop\akkoxmind\codesrc\cl_dll\debug\util.sbr
c:\users\joaoe\onedrive\desktop\akkoxmind\codesrc\cl_dll\debug\tri.sbr
c:\users\joaoe\onedrive\desktop\akkoxmind\codesrc\cl_dll\debug\train.sbr
c:\users\joaoe\onedrive\desktop\akkoxmind\codesrc\cl_dll\debug\text_message.sbr
c:\users\joaoe\onedrive\desktop\akkoxmind\codesrc\cl_dll\debug\studio_util.sbr
c:\users\joaoe\onedrive\desktop\akkoxmind\codesrc\cl_dll\debug\statusbar.sbr
c:\users\joaoe\onedrive\desktop\akkoxmind\codesrc\cl_dll\debug\status_icons.sbr
c:\users\joaoe\onedrive\desktop\akkoxmind\codesrc\cl_dll\debug\saytext.sbr
c:\users\joaoe\onedrive\desktop\akkoxmind\codesrc\cl_dll\debug\parsemsg.sbr
c:\users\joaoe\onedrive\desktop\akkoxmind\codesrc\cl_dll\debug\parsemsg.obj
c:\users\joaoe\onedrive\desktop\akkoxmind\codesrc\cl_dll\debug\saytext.obj
c:\users\joaoe\onedrive\desktop\akkoxmind\codesrc\cl_dll\debug\status_icons.obj
c:\users\joaoe\onedrive\desktop\akkoxmind\codesrc\cl_dll\debug\statusbar.obj
c:\users\joaoe\onedrive\desktop\akkoxmind\codesrc\cl_dll\debug\studio_util.obj
c:\users\joaoe\onedrive\desktop\akkoxmind\codesrc\cl_dll\debug\text_message.obj
c:\users\joaoe\onedrive\desktop\akkoxmind\codesrc\cl_dll\debug\train.obj
c:\users\joaoe\onedrive\desktop\akkoxmind\codesrc\cl_dll\debug\tri.obj
c:\users\joaoe\onedrive\desktop\akkoxmind\codesrc\cl_dll\debug\util.obj
c:\users\joaoe\onedrive\desktop\akkoxmind\codesrc\cl_dll\debug\vgui_checkbutton2.obj
c:\users\joaoe\onedrive\desktop\akkoxmind\codesrc\cl_dll\debug\vgui_classmenu.obj
c:\users\joaoe\onedrive\desktop\akkoxmind\codesrc\cl_dll\debug\vgui_consolepanel.obj
c:\users\joaoe\onedrive\desktop\akkoxmind\codesrc\cl_dll\debug\vgui_controlconfigpanel.obj
c:\users\joaoe\onedrive\desktop\akkoxmind\codesrc\cl_dll\debug\vgui_customobjects.obj
c:\users\joaoe\onedrive\desktop\akkoxmind\codesrc\cl_dll\debug\vgui_grid.obj
c:\users\joaoe\onedrive\desktop\akkoxmind\codesrc\cl_dll\debug\vgui_helpers.obj
c:\users\joaoe\onedrive\desktop\akkoxmind\codesrc\cl_dll\debug\vgui_int.obj
c:\users\joaoe\onedrive\desktop\akkoxmind\codesrc\cl_dll\debug\vgui_listbox.obj
c:\users\joaoe\onedrive\desktop\akkoxmind\codesrc\cl_dll\debug\vgui_loadtga.obj
c:\users\joaoe\onedrive\desktop\akkoxmind\codesrc\cl_dll\debug\vgui_motdwindow.obj
c:\users\joaoe\onedrive\desktop\akkoxmind\codesrc\cl_dll\debug\message.sbr
c:\users\joaoe\onedrive\desktop\akkoxmind\codesrc\cl_dll\debug\menu.sbr
c:\users\joaoe\onedrive\desktop\akkoxmind\codesrc\cl_dll\debug\inputw32.sbr
c:\users\joaoe\onedrive\desktop\akkoxmind\codesrc\cl_dll\debug\input.sbr
c:\users\joaoe\onedrive\desktop\akkoxmind\codesrc\cl_dll\debug\in_camera.sbr
c:\users\joaoe\onedrive\desktop\akkoxmind\codesrc\cl_dll\debug\hud_update.sbr
c:\users\joaoe\onedrive\desktop\akkoxmind\codesrc\cl_dll\debug\hud_spectator.sbr
c:\users\joaoe\onedrive\desktop\akkoxmind\codesrc\cl_dll\debug\hud_servers.sbr
c:\users\joaoe\onedrive\desktop\akkoxmind\codesrc\cl_dll\debug\hud_redraw.sbr
c:\users\joaoe\onedrive\desktop\akkoxmind\codesrc\cl_dll\debug\hud_msg.sbr
c:\users\joaoe\onedrive\desktop\akkoxmind\codesrc\cl_dll\debug\hud.sbr
c:\users\joaoe\onedrive\desktop\akkoxmind\codesrc\cl_dll\debug\health.sbr
c:\users\joaoe\onedrive\desktop\akkoxmind\codesrc\cl_dll\debug\geiger.sbr
c:\users\joaoe\onedrive\desktop\akkoxmind\codesrc\cl_dll\debug\gamestudiomodelrenderer.sbr
c:\users\joaoe\onedrive\desktop\akkoxmind\codesrc\cl_dll\debug\flashlight.sbr
c:\users\joaoe\onedrive\desktop\akkoxmind\codesrc\cl_dll\debug\events.sbr
c:\users\joaoe\onedrive\desktop\akkoxmind\codesrc\cl_dll\debug\ev_common.sbr
c:\users\joaoe\onedrive\desktop\akkoxmind\codesrc\cl_dll\debug\environment.sbr
c:\users\joaoe\onedrive\desktop\akkoxmind\codesrc\cl_dll\debug\entity.sbr
c:\users\joaoe\onedrive\desktop\akkoxmind\codesrc\cl_dll\debug\demo.sbr
c:\users\joaoe\onedrive\desktop\akkoxmind\codesrc\cl_dll\debug\demo.obj
c:\users\joaoe\onedrive\desktop\akkoxmind\codesrc\cl_dll\debug\entity.obj
c:\users\joaoe\onedrive\desktop\akkoxmind\codesrc\cl_dll\debug\environment.obj
c:\users\joaoe\onedrive\desktop\akkoxmind\codesrc\cl_dll\debug\ev_common.obj
c:\users\joaoe\onedrive\desktop\akkoxmind\codesrc\cl_dll\debug\events.obj
c:\users\joaoe\onedrive\desktop\akkoxmind\codesrc\cl_dll\debug\flashlight.obj
c:\users\joaoe\onedrive\desktop\akkoxmind\codesrc\cl_dll\debug\gamestudiomodelrenderer.obj
c:\users\joaoe\onedrive\desktop\akkoxmind\codesrc\cl_dll\debug\geiger.obj
c:\users\joaoe\onedrive\desktop\akkoxmind\codesrc\cl_dll\debug\health.obj
c:\users\joaoe\onedrive\desktop\akkoxmind\codesrc\cl_dll\debug\hud.obj
c:\users\joaoe\onedrive\desktop\akkoxmind\codesrc\cl_dll\debug\hud_msg.obj
c:\users\joaoe\onedrive\desktop\akkoxmind\codesrc\cl_dll\debug\hud_redraw.obj
c:\users\joaoe\onedrive\desktop\akkoxmind\codesrc\cl_dll\debug\hud_servers.obj
c:\users\joaoe\onedrive\desktop\akkoxmind\codesrc\cl_dll\debug\hud_spectator.obj
c:\users\joaoe\onedrive\desktop\akkoxmind\codesrc\cl_dll\debug\hud_update.obj
c:\users\joaoe\onedrive\desktop\akkoxmind\codesrc\cl_dll\debug\in_camera.obj
c:\users\joaoe\onedrive\desktop\akkoxmind\codesrc\cl_dll\debug\input.obj
c:\users\joaoe\onedrive\desktop\akkoxmind\codesrc\cl_dll\debug\inputw32.obj
c:\users\joaoe\onedrive\desktop\akkoxmind\codesrc\cl_dll\debug\menu.obj
c:\users\joaoe\onedrive\desktop\akkoxmind\codesrc\cl_dll\debug\message.obj
c:\users\joaoe\onedrive\desktop\akkoxmind\codesrc\cl_dll\debug\death.sbr
c:\users\joaoe\onedrive\desktop\akkoxmind\codesrc\cl_dll\debug\com_weapons.sbr
c:\users\joaoe\onedrive\desktop\akkoxmind\codesrc\cl_dll\debug\cdll_int.sbr
c:\users\joaoe\onedrive\desktop\akkoxmind\codesrc\cl_dll\debug\battery.sbr
c:\users\joaoe\onedrive\desktop\akkoxmind\codesrc\cl_dll\debug\ammohistory.sbr
c:\users\joaoe\onedrive\desktop\akkoxmind\codesrc\cl_dll\debug\ammo_secondary.sbr
c:\users\joaoe\onedrive\desktop\akkoxmind\codesrc\cl_dll\debug\ammo.sbr
c:\users\joaoe\onedrive\desktop\akkoxmind\codesrc\cl_dll\debug\cameraw.sbr
c:\users\joaoe\onedrive\desktop\akkoxmind\codesrc\cl_dll\debug\cameraw.obj
c:\users\joaoe\onedrive\desktop\akkoxmind\codesrc\cl_dll\debug\ammo.obj
c:\users\joaoe\onedrive\desktop\akkoxmind\codesrc\cl_dll\debug\ammo_secondary.obj
c:\users\joaoe\onedrive\desktop\akkoxmind\codesrc\cl_dll\debug\ammohistory.obj
c:\users\joaoe\onedrive\desktop\akkoxmind\codesrc\cl_dll\debug\battery.obj
c:\users\joaoe\onedrive\desktop\akkoxmind\codesrc\cl_dll\debug\cdll_int.obj
c:\users\joaoe\onedrive\desktop\akkoxmind\codesrc\cl_dll\debug\com_weapons.obj
c:\users\joaoe\onedrive\desktop\akkoxmind\codesrc\cl_dll\debug\death.obj
c:\users\joaoe\onedrive\desktop\akkoxmind\codesrc\cl_dll\debug\pm_shared.sbr
c:\users\joaoe\onedrive\desktop\akkoxmind\codesrc\cl_dll\debug\pm_math.sbr
c:\users\joaoe\onedrive\desktop\akkoxmind\codesrc\cl_dll\debug\pm_debug.sbr
c:\users\joaoe\onedrive\desktop\akkoxmind\codesrc\cl_dll\debug\pm_debug.obj
c:\users\joaoe\onedrive\desktop\akkoxmind\codesrc\cl_dll\debug\pm_math.obj
c:\users\joaoe\onedrive\desktop\akkoxmind\codesrc\cl_dll\debug\pm_shared.obj
c:\users\joaoe\onedrive\desktop\akkoxmind\codesrc\cl_dll\debug\client.lib
c:\users\joaoe\onedrive\desktop\akkoxmind\codesrc\cl_dll\debug\client.exp
c:\users\joaoe\onedrive\desktop\akkoxmind\codesrc\cl_dll\debug\client.ilk
c:\users\joaoe\onedrive\desktop\akkoxmind\codesrc\cl_dll\debug\client.dll
c:\users\joaoe\onedrive\desktop\akkoxmind\codesrc\cl_dll\debug\client.pdb
c:\users\joaoe\onedrive\desktop\akkoxmind\codesrc\cl_dll\.\debug\client.dll
c:\users\joaoe\onedrive\desktop\akkoxmind\codesrc\cl_dll\debug\cl_dll.tlog\bscmake.command.1.tlog
c:\users\joaoe\onedrive\desktop\akkoxmind\codesrc\cl_dll\debug\cl_dll.tlog\bscmake.read.1.tlog
c:\users\joaoe\onedrive\desktop\akkoxmind\codesrc\cl_dll\debug\cl_dll.tlog\bscmake.write.1.tlog
c:\users\joaoe\onedrive\desktop\akkoxmind\codesrc\cl_dll\debug\cl_dll.tlog\cl.command.1.tlog
c:\users\joaoe\onedrive\desktop\akkoxmind\codesrc\cl_dll\debug\cl_dll.tlog\cl.read.1.tlog
c:\users\joaoe\onedrive\desktop\akkoxmind\codesrc\cl_dll\debug\cl_dll.tlog\cl.write.1.tlog
c:\users\joaoe\onedrive\desktop\akkoxmind\codesrc\cl_dll\debug\cl_dll.tlog\cl_dll.write.1u.tlog
c:\users\joaoe\onedrive\desktop\akkoxmind\codesrc\cl_dll\debug\cl_dll.tlog\link.command.1.tlog
c:\users\joaoe\onedrive\desktop\akkoxmind\codesrc\cl_dll\debug\cl_dll.tlog\link.read.1.tlog
c:\users\joaoe\onedrive\desktop\akkoxmind\codesrc\cl_dll\debug\cl_dll.tlog\link.write.1.tlog
